[Sun Aug 18 03:10:02.027128 2024] [lbmethod_heartbeat:notice] [pid 986] AH02282: No slotmem from mod_heartmonitor
[Sun Aug 18 03:10:02.028348 2024] [ssl:warn] [pid 986] AH02292: Init: Name-based SSL virtual hosts only work for clients with TLS server name indication support (RFC 4366)
[Sun Aug 18 03:10:02.032285 2024] [mpm_prefork:notice] [pid 986] AH00163: Apache/2.4.6 (Red Hat Enterprise Linux) OpenSSL/1.0.2k-fips mod_wsgi/4.6.8 Python/3.6 mod_fcgid/2.3.9 configured -- resuming normal operations
[Sun Aug 18 03:10:02.032301 2024] [core:notice] [pid 986] AH00094: Command line: '/usr/sbin/httpd -D FOREGROUND'
[Fri Aug 23 18:39:27.391291 2024] [core:error] [pid 102814] [client 10.241.174.103:35190] AH00126: Invalid URI in request GET /../../../../../../../../../../../../windows/win.ini HTTP/1.1
[Fri Aug 23 18:39:27.393091 2024] [core:error] [pid 105003] [client 10.241.174.103:35198] AH00126: Invalid URI in request GET /../../../../../../../../../../../../winnt/win.ini HTTP/1.1
[Fri Aug 23 18:39:27.395305 2024] [core:error] [pid 102031] [client 10.241.174.103:35208] AH00126: Invalid URI in request GET ../../../../../../../../../../../../windows/win.ini HTTP/1.1
[Fri Aug 23 18:39:27.396473 2024] [core:error] [pid 105004] [client 10.241.174.103:35212] AH00126: Invalid URI in request GET ../../../../../../../../../../../../winnt/win.ini HTTP/1.1
[Fri Aug 23 18:39:27.398094 2024] [core:error] [pid 104852] [client 10.241.174.103:35218] AH00126: Invalid URI in request GET ..\\..\\..\\..\\..\\..\\..\\..\\..\\..\\windows\\win.ini HTTP/1.1
[Fri Aug 23 18:39:27.399682 2024] [core:error] [pid 102814] [client 10.241.174.103:35226] AH00126: Invalid URI in request GET ..\\..\\..\\..\\..\\..\\..\\..\\..\\..\\winnt\\win.ini HTTP/1.1
[Fri Aug 23 18:39:27.414676 2024] [core:error] [pid 104852] [client 10.241.174.103:35268] AH00126: Invalid URI in request GET /%2e%2e/%2e%2e/%2e%2e/%2e%2e/%2e%2e/%2e%2e/%2e%2e/%2e%2e/%2e%2e/%2e%2e/%2e%2e/windows/win.ini HTTP/1.1
[Fri Aug 23 18:39:27.416641 2024] [core:error] [pid 104825] [client 10.241.174.103:35276] AH00126: Invalid URI in request GET /%2e%2e/%2e%2e/%2e%2e/%2e%2e/%2e%2e/%2e%2e/%2e%2e/%2e%2e/%2e%2e/%2e%2e/%2e%2e/winnt/win.ini HTTP/1.1
[Fri Aug 23 18:39:27.423905 2024] [core:error] [pid 105003] [client 10.241.174.103:35280] AH00126: Invalid URI in request GET %5c%2e%2e%5c%2e%2e%5c%2e%2e%5c%2e%2e%5c%2e%2e%5c%2e%2e%5c%2e%2e%5c%2e%2e%5c%2e%2e%5c%2e%2e%5c%2e%2e%5cwinnt%5cwin.ini HTTP/1.1
[Fri Aug 23 18:39:27.431166 2024] [core:error] [pid 105000] [client 10.241.174.103:35300] AH00126: Invalid URI in request GET /././././././../../../../../windows/win.ini HTTP/1.1
[Fri Aug 23 18:39:27.437568 2024] [core:error] [pid 105004] [client 10.241.174.103:35324] AH00126: Invalid URI in request GET /././././././../../../../../winnt/win.ini HTTP/1.1
[Fri Aug 23 18:39:27.438738 2024] [core:error] [pid 104852] [client 10.241.174.103:35328] AH00126: Invalid URI in request GET .\\.\\.\\.\\.\\.\\.\\.\\.\\.\\/windows/win.ini HTTP/1.1
[Fri Aug 23 18:39:27.440118 2024] [core:error] [pid 104825] [client 10.241.174.103:35334] AH00126: Invalid URI in request GET .\\.\\.\\.\\.\\.\\.\\.\\.\\.\\/winnt/win.ini HTTP/1.1
[Fri Aug 23 18:39:27.455067 2024] [core:error] [pid 105003] [client 10.241.174.103:35368] AH00126: Invalid URI in request GET /../../../../../../../../../../../../etc/passwd HTTP/1.1
[Fri Aug 23 18:39:27.456265 2024] [core:error] [pid 105000] [client 10.241.174.103:35386] AH00126: Invalid URI in request GET /./../../../../../../../../../../../etc/passwd HTTP/1.1
[Fri Aug 23 18:39:27.457369 2024] [core:error] [pid 105004] [client 10.241.174.103:35390] AH00126: Invalid URI in request GET //../../../../../../../../../../../../etc/passwd HTTP/1.1
[Fri Aug 23 18:39:27.462465 2024] [core:error] [pid 104852] [client 10.241.174.103:35392] AH00126: Invalid URI in request GET /%2e%2e/%2e%2e/%2e%2e/%2e%2e/%2e%2e/%2e%2e/%2e%2e/%2e%2e/%2e%2e/%2e%2e/%2e%2e/%2e%2e/etc/passwd HTTP/1.1
[Fri Aug 23 18:39:27.467680 2024] [core:error] [pid 105003] [client 10.241.174.103:35420] AH00126: Invalid URI in request GET /././././././../../../../../etc/passwd HTTP/1.1
[Fri Aug 23 18:39:27.967922 2024] [core:error] [pid 102034] [client 10.241.174.103:36736] AH00126: Invalid URI in request GET ..\\..\\..\\..\\..\\..\\windows\\win.ini HTTP/1.1
[Fri Aug 23 18:39:27.970116 2024] [core:error] [pid 104825] [client 10.241.174.103:36742] AH00126: Invalid URI in request GET ..\\..\\..\\..\\..\\..\\winnt\\win.ini HTTP/1.1
[Fri Aug 23 18:39:29.837543 2024] [core:error] [pid 105000] [client 10.241.174.103:40674] AH00126: Invalid URI in request GET c:\\boot.ini HTTP/1.1
[Fri Aug 23 18:39:34.429006 2024] [core:error] [pid 102034] [client 10.241.174.103:45064] AH00126: Invalid URI in request GET admin/index.php HTTP/1.1
[Fri Aug 23 18:39:39.338965 2024] [core:error] [pid 105000] [client 10.241.174.103:47918] AH00126: Invalid URI in request GET multihtml.pl?multi=/etc/passwd%00html HTTP/1.1
[Fri Aug 23 18:39:42.561841 2024] [core:error] [pid 102136] [client 10.241.174.103:50420] AH00126: Invalid URI in request GET /%2e%2e/%2e%2e/%2e%2e/%2e%2e/%2e%2e/%2e%2e/%2e%2e/etc/passwd HTTP/1.1
[Fri Aug 23 18:39:46.720530 2024] [core:error] [pid 104852] [client 10.241.174.103:53396] AH00126: Invalid URI in request GET <script>cross_site_scripting.nasl</script> HTTP/1.1
[Fri Aug 23 18:39:47.556213 2024] [core:error] [pid 95654] [client 10.241.174.103:54152] AH00126: Invalid URI in request GET <script>document.cookie=%22testhjfs=7800;%22</script> HTTP/1.1
[Fri Aug 23 18:39:47.561571 2024] [core:error] [pid 104825] [client 10.241.174.103:54160] AH00126: Invalid URI in request GET <meta%20http-equiv=Set-Cookie%20content=%22testhjfs=7800%22> HTTP/1.1
[Fri Aug 23 18:40:44.416118 2024] [core:error] [pid 105003] [client 10.241.174.103:51720] AH00126: Invalid URI in request GET /cgi-bin/.%2e/.%2e/.%2e/.%2e/.%2e/.%2e/.%2e/.%2e/.%2e/.%2e/etc/passwd HTTP/1.1
[Fri Aug 23 18:41:04.669777 2024] [core:error] [pid 105004] [client 10.241.174.103:57906] AH00126: Invalid URI in request GET %24%7B%7B57550614+16044095%7D%7D// HTTP/1.1
[Fri Aug 23 18:41:14.139885 2024] [core:error] [pid 102136] [client 10.241.174.103:35052] AH00126: Invalid URI in request GET faq.php?skin=../../admin/manager&tplpath=admin HTTP/1.1
[Fri Aug 23 18:41:15.472253 2024] [core:error] [pid 102136] [client 10.241.174.103:36318] AH00126: Invalid URI in request GET /././.. HTTP/1.1
[Fri Aug 23 18:41:15.474447 2024] [core:error] [pid 105003] [client 10.241.174.103:36326] AH00126: Invalid URI in request GET ././././././././././././././././././././././././././././././././././././././././././././././././././././././././././././././././././././././././././././././././././././././././././././././././../../../../../../../../ HTTP/1.1
[Sat Aug 24 03:32:01.298040 2024] [mpm_prefork:notice] [pid 986] AH00171: Graceful restart requested, doing restart
[Sat Aug 24 03:32:01.519556 2024] [lbmethod_heartbeat:notice] [pid 986] AH02282: No slotmem from mod_heartmonitor
[Sat Aug 24 03:32:01.520626 2024] [ssl:warn] [pid 986] AH02292: Init: Name-based SSL virtual hosts only work for clients with TLS server name indication support (RFC 4366)
[Sat Aug 24 03:32:01.524839 2024] [mpm_prefork:notice] [pid 986] AH00163: Apache/2.4.6 (Red Hat Enterprise Linux) OpenSSL/1.0.2k-fips mod_wsgi/4.6.8 Python/3.6 mod_fcgid/2.3.9 configured -- resuming normal operations
[Sat Aug 24 03:32:01.524855 2024] [core:notice] [pid 986] AH00094: Command line: '/usr/sbin/httpd -D FOREGROUND'
[Sun Aug 25 03:48:01.756653 2024] [mpm_prefork:notice] [pid 986] AH00171: Graceful restart requested, doing restart
