[Fri Sep 06 15:07:29.499900 2024] [core:error] [pid 125255] [client 10.241.174.114:60482] AH00135: Invalid method in request TLATUI / HTTP/1.1
[Fri Sep 06 15:07:30.178180 2024] [cgi:error] [pid 128959] [client 10.241.174.114:60576] attempt to invoke directory as script: /var/www/cgi-bin/
[Fri Sep 06 15:07:30.182582 2024] [cgi:error] [pid 123729] [client 10.241.174.114:60578] script not found or unable to stat: /var/www/cgi-bin/NonExistent.html
[Fri Sep 06 15:07:30.713403 2024] [cgi:error] [pid 123729] [client 10.241.174.114:60652] script not found or unable to stat: /var/www/cgi-bin/dada
[Fri Sep 06 15:07:30.713988 2024] [cgi:error] [pid 123729] [client 10.241.174.114:60652] script not found or unable to stat: /var/www/cgi-bin/eboard40
[Fri Sep 06 15:07:30.714454 2024] [cgi:error] [pid 123729] [client 10.241.174.114:60652] script not found or unable to stat: /var/www/cgi-bin/mt
[Fri Sep 06 15:07:30.714945 2024] [cgi:error] [pid 123729] [client 10.241.174.114:60652] script not found or unable to stat: /var/www/cgi-bin/openwebmail
[Fri Sep 06 15:07:30.715389 2024] [cgi:error] [pid 123729] [client 10.241.174.114:60652] script not found or unable to stat: /var/www/cgi-bin/sysinfo
[Fri Sep 06 15:07:30.715878 2024] [cgi:error] [pid 123729] [client 10.241.174.114:60652] script not found or unable to stat: /var/www/cgi-bin/twiki
[Fri Sep 06 15:07:30.716378 2024] [cgi:error] [pid 123729] [client 10.241.174.114:60652] script not found or unable to stat: /var/www/cgi-bin/viewvc.cgi
[Fri Sep 06 15:09:01.405739 2024] [cgi:error] [pid 123729] [client 10.241.174.114:59052] attempt to invoke directory as script: /var/www/cgi-bin/
[Fri Sep 06 15:09:01.482657 2024] [cgi:error] [pid 123728] [client 10.241.174.114:59230] script not found or unable to stat: /var/www/cgi-bin/QzGxvCWWNGie.html
[Fri Sep 06 15:09:01.485093 2024] [cgi:error] [pid 123728] [client 10.241.174.114:59230] script not found or unable to stat: /var/www/cgi-bin/QzGxvCWWNGie.cgi
[Fri Sep 06 15:09:01.486663 2024] [cgi:error] [pid 123728] [client 10.241.174.114:59230] script not found or unable to stat: /var/www/cgi-bin/QzGxvCWWNGie.sh
[Fri Sep 06 15:09:01.488488 2024] [cgi:error] [pid 123728] [client 10.241.174.114:59230] script not found or unable to stat: /var/www/cgi-bin/QzGxvCWWNGie.pl
[Fri Sep 06 15:09:01.489451 2024] [cgi:error] [pid 123728] [client 10.241.174.114:59230] script not found or unable to stat: /var/www/cgi-bin/QzGxvCWWNGie.inc
[Fri Sep 06 15:09:01.490549 2024] [cgi:error] [pid 123728] [client 10.241.174.114:59230] script not found or unable to stat: /var/www/cgi-bin/QzGxvCWWNGie.shtml
[Fri Sep 06 15:09:01.491572 2024] [cgi:error] [pid 123728] [client 10.241.174.114:59230] script not found or unable to stat: /var/www/cgi-bin/QzGxvCWWNGie.asp
[Fri Sep 06 15:09:01.492307 2024] [cgi:error] [pid 123728] [client 10.241.174.114:59230] script not found or unable to stat: /var/www/cgi-bin/QzGxvCWWNGie.php
[Fri Sep 06 15:09:01.493737 2024] [cgi:error] [pid 123728] [client 10.241.174.114:59230] script not found or unable to stat: /var/www/cgi-bin/QzGxvCWWNGie.php3
[Fri Sep 06 15:09:01.494766 2024] [cgi:error] [pid 123728] [client 10.241.174.114:59230] script not found or unable to stat: /var/www/cgi-bin/QzGxvCWWNGie.cfm
[Fri Sep 06 15:09:01.617016 2024] [cgi:error] [pid 123728] [client 10.241.174.114:59554] script not found or unable to stat: /var/www/cgi-bin/zml.cgi
[Fri Sep 06 15:09:01.635090 2024] [cgi:error] [pid 125258] [client 10.241.174.114:59596] script not found or unable to stat: /var/www/cgi-bin/news.mdb
[Fri Sep 06 15:09:01.702890 2024] [cgi:error] [pid 123728] [client 10.241.174.114:59738] script not found or unable to stat: /var/www/cgi-bin/admin.php
[Fri Sep 06 15:09:01.728985 2024] [cgi:error] [pid 125258] [client 10.241.174.114:59806] script not found or unable to stat: /var/www/cgi-bin/_head.php
[Fri Sep 06 15:09:01.765921 2024] [cgi:error] [pid 2857] [client 10.241.174.114:59950] attempt to invoke directory as script: /var/www/cgi-bin/
[Fri Sep 06 15:09:01.795579 2024] [cgi:error] [pid 128959] [client 10.241.174.114:60006] attempt to invoke directory as script: /var/www/cgi-bin/
[Fri Sep 06 15:09:01.819665 2024] [cgi:error] [pid 123729] [client 10.241.174.114:60066] script not found or unable to stat: /var/www/cgi-bin/index.php
[Fri Sep 06 15:09:01.867856 2024] [cgi:error] [pid 123729] [client 10.241.174.114:60164] script not found or unable to stat: /var/www/cgi-bin/index.php
[Fri Sep 06 15:09:01.989169 2024] [cgi:error] [pid 123728] [client 10.241.174.114:60310] script not found or unable to stat: /var/www/cgi-bin/index.php
[Fri Sep 06 15:09:02.021676 2024] [cgi:error] [pid 128959] [client 10.241.174.114:60412] script not found or unable to stat: /var/www/cgi-bin/YaBB.pl
[Fri Sep 06 15:09:02.050150 2024] [cgi:error] [pid 125261] [client 10.241.174.114:60510] script not found or unable to stat: /var/www/cgi-bin/YaBB.pl
[Fri Sep 06 15:09:02.085586 2024] [cgi:error] [pid 128959] [client 10.241.174.114:60610] script not found or unable to stat: /var/www/cgi-bin/lostpass.php
[Fri Sep 06 15:09:02.101396 2024] [cgi:error] [pid 123729] [client 10.241.174.114:60676] script not found or unable to stat: /var/www/cgi-bin/x_news.php
[Fri Sep 06 15:09:02.122130 2024] [cgi:error] [pid 123728] [client 10.241.174.114:60758] script not found or unable to stat: /var/www/cgi-bin/misc.php
[Fri Sep 06 15:09:02.146451 2024] [cgi:error] [pid 128959] [client 10.241.174.114:60806] script not found or unable to stat: /var/www/cgi-bin/misc.php
[Fri Sep 06 15:09:02.171742 2024] [cgi:error] [pid 125261] [client 10.241.174.114:60870] attempt to invoke directory as script: /var/www/cgi-bin/
[Fri Sep 06 15:09:02.209449 2024] [cgi:error] [pid 123729] [client 10.241.174.114:60968] script not found or unable to stat: /var/www/cgi-bin/page
[Fri Sep 06 15:09:02.214262 2024] [cgi:error] [pid 125258] [client 10.241.174.114:60980] script not found or unable to stat: /var/www/cgi-bin/login
[Fri Sep 06 15:09:02.239988 2024] [cgi:error] [pid 123729] [client 10.241.174.114:32808] script not found or unable to stat: /var/www/cgi-bin/index.php
[Fri Sep 06 15:09:02.283507 2024] [cgi:error] [pid 128959] [client 10.241.174.114:32932] script not found or unable to stat: /var/www/cgi-bin/wwwboard.html
[Fri Sep 06 15:09:02.337507 2024] [cgi:error] [pid 125258] [client 10.241.174.114:33046] script not found or unable to stat: /var/www/cgi-bin/view_user.php
[Fri Sep 06 15:09:02.367617 2024] [cgi:error] [pid 4071] [client 10.241.174.114:33118] attempt to invoke directory as script: /var/www/cgi-bin/
[Fri Sep 06 15:09:02.389903 2024] [cgi:error] [pid 128959] [client 10.241.174.114:33202] script not found or unable to stat: /var/www/cgi-bin/index.php
[Fri Sep 06 15:09:02.406013 2024] [cgi:error] [pid 125258] [client 10.241.174.114:33250] script not found or unable to stat: /var/www/cgi-bin/logbook.pl
[Fri Sep 06 15:09:02.437505 2024] [cgi:error] [pid 123729] [client 10.241.174.114:33320] script not found or unable to stat: /var/www/cgi-bin/inc
[Fri Sep 06 15:09:02.464657 2024] [cgi:error] [pid 2857] [client 10.241.174.114:33428] script not found or unable to stat: /var/www/cgi-bin/!pwds.txt
[Fri Sep 06 15:09:02.500786 2024] [cgi:error] [pid 4071] [client 10.241.174.114:33542] script not found or unable to stat: /var/www/cgi-bin/wc.dll
[Fri Sep 06 15:09:02.531363 2024] [cgi:error] [pid 4071] [client 10.241.174.114:33630] script not found or unable to stat: /var/www/cgi-bin/webwho.pl
[Fri Sep 06 15:09:02.574306 2024] [cgi:error] [pid 124152] [client 10.241.174.114:33764] script not found or unable to stat: /var/www/cgi-bin/webspirs.cgi
[Fri Sep 06 15:09:02.593445 2024] [cgi:error] [pid 123729] [client 10.241.174.114:33812] script not found or unable to stat: /var/www/cgi-bin/SnoopServlet
[Fri Sep 06 15:09:02.597226 2024] [cgi:error] [pid 125255] [client 10.241.174.114:33824] script not found or unable to stat: /var/www/cgi-bin/snoopservlet
[Fri Sep 06 15:09:02.601160 2024] [cgi:error] [pid 125258] [client 10.241.174.114:33838] script not found or unable to stat: /var/www/cgi-bin/snoop
[Fri Sep 06 15:09:02.770934 2024] [cgi:error] [pid 4071] [client 10.241.174.114:34380] script not found or unable to stat: /var/www/cgi-bin/cgiip.exe
[Fri Sep 06 15:09:02.774514 2024] [cgi:error] [pid 123729] [client 10.241.174.114:34392] script not found or unable to stat: /var/www/cgi-bin/wsisa.dll
[Fri Sep 06 15:09:02.778833 2024] [cgi:error] [pid 125255] [client 10.241.174.114:34404] script not found or unable to stat: /var/www/cgi-bin/wsasp.dll
[Fri Sep 06 15:09:02.782763 2024] [cgi:error] [pid 125258] [client 10.241.174.114:34422] script not found or unable to stat: /var/www/cgi-bin/wsnsa.dll
[Fri Sep 06 15:09:02.786214 2024] [cgi:error] [pid 124152] [client 10.241.174.114:34436] script not found or unable to stat: /var/www/cgi-bin/wspd_cgi.sh
[Fri Sep 06 15:09:02.872480 2024] [cgi:error] [pid 123729] [client 10.241.174.114:34696] script not found or unable to stat: /var/www/cgi-bin/webplus.exe
[Fri Sep 06 15:09:02.896008 2024] [cgi:error] [pid 128959] [client 10.241.174.114:34782] script not found or unable to stat: /var/www/cgi-bin/webplus
[Fri Sep 06 15:09:02.924648 2024] [cgi:error] [pid 124152] [client 10.241.174.114:34862] script not found or unable to stat: /var/www/cgi-bin/index.php
[Fri Sep 06 15:09:02.970992 2024] [cgi:error] [pid 123729] [client 10.241.174.114:35014] script not found or unable to stat: /var/www/cgi-bin/index.jsp
[Fri Sep 06 15:09:03.020302 2024] [cgi:error] [pid 124152] [client 10.241.174.114:35174] script not found or unable to stat: /var/www/cgi-bin/index.jsp
[Fri Sep 06 15:09:03.067013 2024] [cgi:error] [pid 4071] [client 10.241.174.114:35334] script not found or unable to stat: /var/www/cgi-bin/index.jsp
[Fri Sep 06 15:09:03.116890 2024] [cgi:error] [pid 125258] [client 10.241.174.114:35490] script not found or unable to stat: /var/www/cgi-bin/webglimpse.cgi
[Fri Sep 06 15:09:03.143116 2024] [cgi:error] [pid 125255] [client 10.241.174.114:35548] script not found or unable to stat: /var/www/cgi-bin/logicworks.ini
[Fri Sep 06 15:09:03.210536 2024] [cgi:error] [pid 2857] [client 10.241.174.114:35796] script not found or unable to stat: /var/www/cgi-bin/month.php
[Fri Sep 06 15:09:03.233602 2024] [cgi:error] [pid 128959] [client 10.241.174.114:35862] script not found or unable to stat: /var/www/cgi-bin/webc.cgi
[Fri Sep 06 15:09:03.259778 2024] [cgi:error] [pid 124152] [client 10.241.174.114:35934] script not found or unable to stat: /var/www/cgi-bin/index.cgi
[Fri Sep 06 15:09:03.373983 2024] [core:error] [pid 123729] [client 10.241.174.114:36300] AH00126: Invalid URI in request GET /../../../../../../../../../../../../windows/win.ini HTTP/1.1
[Fri Sep 06 15:09:03.379988 2024] [core:error] [pid 125255] [client 10.241.174.114:36310] AH00126: Invalid URI in request GET /../../../../../../../../../../../../winnt/win.ini HTTP/1.1
[Fri Sep 06 15:09:03.397070 2024] [core:error] [pid 123728] [client 10.241.174.114:36354] AH00126: Invalid URI in request GET ../../../../../../../../../../../../windows/win.ini HTTP/1.1
[Fri Sep 06 15:09:03.401166 2024] [core:error] [pid 125258] [client 10.241.174.114:36398] AH00126: Invalid URI in request GET ../../../../../../../../../../../../winnt/win.ini HTTP/1.1
[Fri Sep 06 15:09:03.406111 2024] [core:error] [pid 124152] [client 10.241.174.114:36412] AH00126: Invalid URI in request GET ..\\..\\..\\..\\..\\..\\..\\..\\..\\..\\windows\\win.ini HTTP/1.1
[Fri Sep 06 15:09:03.410003 2024] [core:error] [pid 128959] [client 10.241.174.114:36430] AH00126: Invalid URI in request GET ..\\..\\..\\..\\..\\..\\..\\..\\..\\..\\winnt\\win.ini HTTP/1.1
[Fri Sep 06 15:09:03.457009 2024] [core:error] [pid 123728] [client 10.241.174.114:36590] AH00126: Invalid URI in request GET /%2e%2e/%2e%2e/%2e%2e/%2e%2e/%2e%2e/%2e%2e/%2e%2e/%2e%2e/%2e%2e/%2e%2e/%2e%2e/windows/win.ini HTTP/1.1
[Fri Sep 06 15:09:03.461257 2024] [core:error] [pid 124152] [client 10.241.174.114:36618] AH00126: Invalid URI in request GET /%2e%2e/%2e%2e/%2e%2e/%2e%2e/%2e%2e/%2e%2e/%2e%2e/%2e%2e/%2e%2e/%2e%2e/%2e%2e/winnt/win.ini HTTP/1.1
[Fri Sep 06 15:09:03.476962 2024] [core:error] [pid 125255] [client 10.241.174.114:36698] AH00126: Invalid URI in request GET %5c%2e%2e%5c%2e%2e%5c%2e%2e%5c%2e%2e%5c%2e%2e%5c%2e%2e%5c%2e%2e%5c%2e%2e%5c%2e%2e%5c%2e%2e%5c%2e%2e%5cwinnt%5cwin.ini HTTP/1.1
[Fri Sep 06 15:09:03.517259 2024] [core:error] [pid 123728] [client 10.241.174.114:36864] AH00126: Invalid URI in request GET /././././././../../../../../windows/win.ini HTTP/1.1
[Fri Sep 06 15:09:03.524679 2024] [core:error] [pid 124152] [client 10.241.174.114:36884] AH00126: Invalid URI in request GET /././././././../../../../../winnt/win.ini HTTP/1.1
[Fri Sep 06 15:09:03.529102 2024] [core:error] [pid 4071] [client 10.241.174.114:36906] AH00126: Invalid URI in request GET .\\.\\.\\.\\.\\.\\.\\.\\.\\.\\/windows/win.ini HTTP/1.1
[Fri Sep 06 15:09:03.530392 2024] [cgi:error] [pid 123729] [client 10.241.174.114:36912] script not found or unable to stat: /var/www/cgi-bin/www.taas-prod.cise.ufl.z
[Fri Sep 06 15:09:03.532962 2024] [core:error] [pid 125255] [client 10.241.174.114:36928] AH00126: Invalid URI in request GET .\\.\\.\\.\\.\\.\\.\\.\\.\\.\\/winnt/win.ini HTTP/1.1
[Fri Sep 06 15:09:03.534647 2024] [cgi:error] [pid 2857] [client 10.241.174.114:36930] script not found or unable to stat: /var/www/cgi-bin/taas-prod.cise.ufl.z
[Fri Sep 06 15:09:03.538879 2024] [cgi:error] [pid 125258] [client 10.241.174.114:36948] script not found or unable to stat: /var/www/cgi-bin/www.taas-prod.cise.ufl.edu.z
[Fri Sep 06 15:09:03.542441 2024] [cgi:error] [pid 128959] [client 10.241.174.114:36970] script not found or unable to stat: /var/www/cgi-bin/taas-prod.cise.ufl.edu.z
[Fri Sep 06 15:09:03.546812 2024] [cgi:error] [pid 123729] [client 10.241.174.114:36988] script not found or unable to stat: /var/www/cgi-bin/www.taas-prod.cise.ufl.Z
[Fri Sep 06 15:09:03.559186 2024] [cgi:error] [pid 2857] [client 10.241.174.114:37008] script not found or unable to stat: /var/www/cgi-bin/taas-prod.cise.ufl.Z
[Fri Sep 06 15:09:03.563398 2024] [cgi:error] [pid 124152] [client 10.241.174.114:37052] script not found or unable to stat: /var/www/cgi-bin/www.taas-prod.cise.ufl.edu.Z
[Fri Sep 06 15:09:03.567989 2024] [cgi:error] [pid 4071] [client 10.241.174.114:37076] script not found or unable to stat: /var/www/cgi-bin/taas-prod.cise.ufl.edu.Z
[Fri Sep 06 15:09:03.575217 2024] [cgi:error] [pid 125261] [client 10.241.174.114:37106] script not found or unable to stat: /var/www/cgi-bin/www.taas-prod.cise.ufl.7z
[Fri Sep 06 15:09:03.579697 2024] [cgi:error] [pid 2857] [client 10.241.174.114:37130] script not found or unable to stat: /var/www/cgi-bin/taas-prod.cise.ufl.7z
[Fri Sep 06 15:09:03.584149 2024] [cgi:error] [pid 124152] [client 10.241.174.114:37144] script not found or unable to stat: /var/www/cgi-bin/www.taas-prod.cise.ufl.edu.7z
[Fri Sep 06 15:09:03.587808 2024] [cgi:error] [pid 4071] [client 10.241.174.114:37162] script not found or unable to stat: /var/www/cgi-bin/taas-prod.cise.ufl.edu.7z
[Fri Sep 06 15:09:03.591532 2024] [cgi:error] [pid 125261] [client 10.241.174.114:37176] script not found or unable to stat: /var/www/cgi-bin/www.taas-prod.cise.ufl.rar
[Fri Sep 06 15:09:03.596824 2024] [cgi:error] [pid 2857] [client 10.241.174.114:37184] script not found or unable to stat: /var/www/cgi-bin/taas-prod.cise.ufl.rar
[Fri Sep 06 15:09:03.601083 2024] [cgi:error] [pid 124152] [client 10.241.174.114:37198] script not found or unable to stat: /var/www/cgi-bin/www.taas-prod.cise.ufl.edu.rar
[Fri Sep 06 15:09:03.605053 2024] [cgi:error] [pid 4071] [client 10.241.174.114:37214] script not found or unable to stat: /var/www/cgi-bin/taas-prod.cise.ufl.edu.rar
[Fri Sep 06 15:09:03.608476 2024] [core:error] [pid 123729] [client 10.241.174.114:37222] AH00126: Invalid URI in request GET /../../../../../../../../../../../../etc/passwd HTTP/1.1
[Fri Sep 06 15:09:03.608882 2024] [cgi:error] [pid 125261] [client 10.241.174.114:37224] script not found or unable to stat: /var/www/cgi-bin/www.taas-prod.cise.ufl.war
[Fri Sep 06 15:09:03.612686 2024] [core:error] [pid 125255] [client 10.241.174.114:37238] AH00126: Invalid URI in request GET /./../../../../../../../../../../../etc/passwd HTTP/1.1
[Fri Sep 06 15:09:03.613208 2024] [cgi:error] [pid 2857] [client 10.241.174.114:37242] script not found or unable to stat: /var/www/cgi-bin/taas-prod.cise.ufl.war
[Fri Sep 06 15:09:03.617962 2024] [cgi:error] [pid 125258] [client 10.241.174.114:37258] script not found or unable to stat: /var/www/cgi-bin/www.taas-prod.cise.ufl.edu.war
[Fri Sep 06 15:09:03.618924 2024] [core:error] [pid 124152] [client 10.241.174.114:37260] AH00126: Invalid URI in request GET //../../../../../../../../../../../../etc/passwd HTTP/1.1
[Fri Sep 06 15:09:03.622138 2024] [cgi:error] [pid 128959] [client 10.241.174.114:37274] script not found or unable to stat: /var/www/cgi-bin/taas-prod.cise.ufl.edu.war
[Fri Sep 06 15:09:03.627013 2024] [cgi:error] [pid 123729] [client 10.241.174.114:37298] script not found or unable to stat: /var/www/cgi-bin/www.taas-prod.cise.ufl.jar
[Fri Sep 06 15:09:03.630213 2024] [core:error] [pid 125261] [client 10.241.174.114:37310] AH00126: Invalid URI in request GET /%2e%2e/%2e%2e/%2e%2e/%2e%2e/%2e%2e/%2e%2e/%2e%2e/%2e%2e/%2e%2e/%2e%2e/%2e%2e/%2e%2e/etc/passwd HTTP/1.1
[Fri Sep 06 15:09:03.632780 2024] [cgi:error] [pid 2857] [client 10.241.174.114:37320] script not found or unable to stat: /var/www/cgi-bin/taas-prod.cise.ufl.jar
[Fri Sep 06 15:09:03.637691 2024] [cgi:error] [pid 125258] [client 10.241.174.114:37362] script not found or unable to stat: /var/www/cgi-bin/www.taas-prod.cise.ufl.edu.jar
[Fri Sep 06 15:09:03.641795 2024] [cgi:error] [pid 128959] [client 10.241.174.114:37384] script not found or unable to stat: /var/www/cgi-bin/taas-prod.cise.ufl.edu.jar
[Fri Sep 06 15:09:03.645753 2024] [cgi:error] [pid 123729] [client 10.241.174.114:37406] script not found or unable to stat: /var/www/cgi-bin/www.taas-prod.cise.ufl.zip
[Fri Sep 06 15:09:03.646046 2024] [core:error] [pid 125261] [client 10.241.174.114:37410] AH00126: Invalid URI in request GET /././././././../../../../../etc/passwd HTTP/1.1
[Fri Sep 06 15:09:03.649571 2024] [cgi:error] [pid 2857] [client 10.241.174.114:37418] script not found or unable to stat: /var/www/cgi-bin/taas-prod.cise.ufl.zip
[Fri Sep 06 15:09:03.653538 2024] [cgi:error] [pid 125258] [client 10.241.174.114:37436] script not found or unable to stat: /var/www/cgi-bin/www.taas-prod.cise.ufl.edu.zip
[Fri Sep 06 15:09:03.658768 2024] [cgi:error] [pid 128959] [client 10.241.174.114:37454] script not found or unable to stat: /var/www/cgi-bin/taas-prod.cise.ufl.edu.zip
[Fri Sep 06 15:09:03.666353 2024] [cgi:error] [pid 125261] [client 10.241.174.114:37486] script not found or unable to stat: /var/www/cgi-bin/www.taas-prod.cise.ufl.bz2
[Fri Sep 06 15:09:03.671535 2024] [cgi:error] [pid 125255] [client 10.241.174.114:37498] script not found or unable to stat: /var/www/cgi-bin/taas-prod.cise.ufl.bz2
[Fri Sep 06 15:09:03.675892 2024] [cgi:error] [pid 124152] [client 10.241.174.114:37508] script not found or unable to stat: /var/www/cgi-bin/www.taas-prod.cise.ufl.edu.bz2
[Fri Sep 06 15:09:03.677480 2024] [cgi:error] [pid 4071] [client 10.241.174.114:37512] script not found or unable to stat: /var/www/cgi-bin/YaBB.pl
[Fri Sep 06 15:09:03.680869 2024] [cgi:error] [pid 128959] [client 10.241.174.114:37520] script not found or unable to stat: /var/www/cgi-bin/taas-prod.cise.ufl.edu.bz2
[Fri Sep 06 15:09:03.686168 2024] [cgi:error] [pid 125261] [client 10.241.174.114:37532] script not found or unable to stat: /var/www/cgi-bin/www.taas-prod.cise.ufl.tar.bz2
[Fri Sep 06 15:09:03.690330 2024] [cgi:error] [pid 125255] [client 10.241.174.114:37550] script not found or unable to stat: /var/www/cgi-bin/taas-prod.cise.ufl.tar.bz2
[Fri Sep 06 15:09:03.694209 2024] [cgi:error] [pid 124152] [client 10.241.174.114:37564] script not found or unable to stat: /var/www/cgi-bin/www.taas-prod.cise.ufl.edu.tar.bz2
[Fri Sep 06 15:09:03.697832 2024] [cgi:error] [pid 4071] [client 10.241.174.114:37570] script not found or unable to stat: /var/www/cgi-bin/index.php
[Fri Sep 06 15:09:03.698165 2024] [cgi:error] [pid 128959] [client 10.241.174.114:37578] script not found or unable to stat: /var/www/cgi-bin/taas-prod.cise.ufl.edu.tar.bz2
[Fri Sep 06 15:09:03.704526 2024] [cgi:error] [pid 123729] [client 10.241.174.114:37590] script not found or unable to stat: /var/www/cgi-bin/www.taas-prod.cise.ufl.tgz
[Fri Sep 06 15:09:03.709420 2024] [cgi:error] [pid 2857] [client 10.241.174.114:37610] script not found or unable to stat: /var/www/cgi-bin/taas-prod.cise.ufl.tgz
[Fri Sep 06 15:09:03.715799 2024] [cgi:error] [pid 124152] [client 10.241.174.114:37640] script not found or unable to stat: /var/www/cgi-bin/www.taas-prod.cise.ufl.edu.tgz
[Fri Sep 06 15:09:03.719986 2024] [cgi:error] [pid 128959] [client 10.241.174.114:37654] script not found or unable to stat: /var/www/cgi-bin/taas-prod.cise.ufl.edu.tgz
[Fri Sep 06 15:09:03.720332 2024] [cgi:error] [pid 4071] [client 10.241.174.114:37656] script not found or unable to stat: /var/www/cgi-bin/ustorekeeper.pl
[Fri Sep 06 15:09:03.723851 2024] [cgi:error] [pid 123729] [client 10.241.174.114:37670] script not found or unable to stat: /var/www/cgi-bin/www.taas-prod.cise.ufl.gz
[Fri Sep 06 15:09:03.728005 2024] [cgi:error] [pid 125255] [client 10.241.174.114:37684] script not found or unable to stat: /var/www/cgi-bin/taas-prod.cise.ufl.gz
[Fri Sep 06 15:09:03.732699 2024] [cgi:error] [pid 124152] [client 10.241.174.114:37696] script not found or unable to stat: /var/www/cgi-bin/www.taas-prod.cise.ufl.edu.gz
[Fri Sep 06 15:09:03.737726 2024] [cgi:error] [pid 4071] [client 10.241.174.114:37708] script not found or unable to stat: /var/www/cgi-bin/taas-prod.cise.ufl.edu.gz
[Fri Sep 06 15:09:03.742556 2024] [cgi:error] [pid 125261] [client 10.241.174.114:37720] script not found or unable to stat: /var/www/cgi-bin/www.taas-prod.cise.ufl.tar.gz
[Fri Sep 06 15:09:03.745328 2024] [cgi:error] [pid 125255] [client 10.241.174.114:37726] script not found or unable to stat: /var/www/cgi-bin/main.cgi
[Fri Sep 06 15:09:03.748886 2024] [cgi:error] [pid 2857] [client 10.241.174.114:37732] script not found or unable to stat: /var/www/cgi-bin/taas-prod.cise.ufl.tar.gz
[Fri Sep 06 15:09:03.753063 2024] [cgi:error] [pid 124152] [client 10.241.174.114:37744] script not found or unable to stat: /var/www/cgi-bin/www.taas-prod.cise.ufl.edu.tar.gz
[Fri Sep 06 15:09:03.758738 2024] [cgi:error] [pid 123729] [client 10.241.174.114:37760] script not found or unable to stat: /var/www/cgi-bin/taas-prod.cise.ufl.edu.tar.gz
[Fri Sep 06 15:09:03.762468 2024] [cgi:error] [pid 125255] [client 10.241.174.114:37772] script not found or unable to stat: /var/www/cgi-bin/www.taas-prod.cise.ufl.tar
[Fri Sep 06 15:09:03.762852 2024] [cgi:error] [pid 125261] [client 10.241.174.114:37770] script not found or unable to stat: /var/www/cgi-bin/store.cgi
[Fri Sep 06 15:09:03.766575 2024] [cgi:error] [pid 2857] [client 10.241.174.114:37784] script not found or unable to stat: /var/www/cgi-bin/taas-prod.cise.ufl.tar
[Fri Sep 06 15:09:03.770710 2024] [cgi:error] [pid 128959] [client 10.241.174.114:37796] script not found or unable to stat: /var/www/cgi-bin/www.taas-prod.cise.ufl.edu.tar
[Fri Sep 06 15:09:03.775744 2024] [cgi:error] [pid 4071] [client 10.241.174.114:37806] script not found or unable to stat: /var/www/cgi-bin/taas-prod.cise.ufl.edu.tar
[Fri Sep 06 15:09:03.793293 2024] [cgi:error] [pid 123729] [client 10.241.174.114:37868] script not found or unable to stat: /var/www/cgi-bin/search.cgi
[Fri Sep 06 15:09:03.797553 2024] [cgi:error] [pid 4071] [client 10.241.174.114:37880] script not found or unable to stat: /var/www/cgi-bin/search.cgi
[Fri Sep 06 15:09:03.834461 2024] [core:error] [pid 125261] [client 10.241.174.114:37978] AH00126: Invalid URI in request GET ..\\..\\..\\..\\..\\..\\windows\\win.ini HTTP/1.1
[Fri Sep 06 15:09:03.838445 2024] [core:error] [pid 125255] [client 10.241.174.114:37992] AH00126: Invalid URI in request GET ..\\..\\..\\..\\..\\..\\winnt\\win.ini HTTP/1.1
[Fri Sep 06 15:09:03.858091 2024] [cgi:error] [pid 125255] [client 10.241.174.114:38074] script not found or unable to stat: /var/www/cgi-bin/bigconf.cgi
[Fri Sep 06 15:09:03.886432 2024] [cgi:error] [pid 124152] [client 10.241.174.114:38182] script not found or unable to stat: /var/www/cgi-bin/bb-hist.sh
[Fri Sep 06 15:09:03.958509 2024] [cgi:error] [pid 123729] [client 10.241.174.114:38382] script not found or unable to stat: /var/www/cgi-bin/way-board
[Fri Sep 06 15:09:04.017397 2024] [cgi:error] [pid 4071] [client 10.241.174.114:38588] script not found or unable to stat: /var/www/cgi-bin/login.php
[Fri Sep 06 15:09:04.034586 2024] [cgi:error] [pid 123729] [client 10.241.174.114:38654] script not found or unable to stat: /var/www/cgi-bin/modules.php
[Fri Sep 06 15:09:04.230609 2024] [cgi:error] [pid 128959] [client 10.241.174.114:39294] script not found or unable to stat: /var/www/cgi-bin/about
[Fri Sep 06 15:09:04.321812 2024] [cgi:error] [pid 4071] [client 10.241.174.114:39590] script not found or unable to stat: /var/www/cgi-bin/index.php
[Fri Sep 06 15:09:04.334154 2024] [cgi:error] [pid 125255] [client 10.241.174.114:39630] attempt to invoke directory as script: /var/www/cgi-bin/
[Fri Sep 06 15:09:04.344820 2024] [cgi:error] [pid 2857] [client 10.241.174.114:39674] attempt to invoke directory as script: /var/www/cgi-bin/
[Fri Sep 06 15:09:04.373934 2024] [cgi:error] [pid 124152] [client 10.241.174.114:39764] script not found or unable to stat: /var/www/cgi-bin/portal
[Fri Sep 06 15:09:04.394798 2024] [cgi:error] [pid 124152] [client 10.241.174.114:39816] attempt to invoke directory as script: /var/www/cgi-bin/
[Fri Sep 06 15:09:04.423056 2024] [cgi:error] [pid 125261] [client 10.241.174.114:39892] script not found or unable to stat: /var/www/cgi-bin/viewpage.php
[Fri Sep 06 15:09:04.439985 2024] [cgi:error] [pid 128959] [client 10.241.174.114:39924] script not found or unable to stat: /var/www/cgi-bin/viewcvs.cgi
[Fri Sep 06 15:09:04.454311 2024] [cgi:error] [pid 125255] [client 10.241.174.114:39956] script not found or unable to stat: /var/www/cgi-bin/viart_shop.xml
[Fri Sep 06 15:09:04.472151 2024] [cgi:error] [pid 4071] [client 10.241.174.114:39996] script not found or unable to stat: /var/www/cgi-bin/vhost.php
[Fri Sep 06 15:09:04.491138 2024] [cgi:error] [pid 124152] [client 10.241.174.114:40030] script not found or unable to stat: /var/www/cgi-bin/index.php
[Fri Sep 06 15:09:04.507134 2024] [cgi:error] [pid 125255] [client 10.241.174.114:40124] attempt to invoke directory as script: /var/www/cgi-bin/
[Fri Sep 06 15:09:04.531857 2024] [cgi:error] [pid 125255] [client 10.241.174.114:40172] script not found or unable to stat: /var/www/cgi-bin/upload.cgi
[Fri Sep 06 15:09:04.546450 2024] [cgi:error] [pid 125261] [client 10.241.174.114:40202] script not found or unable to stat: /var/www/cgi-bin/index.php
[Fri Sep 06 15:09:04.555281 2024] [cgi:error] [pid 125258] [client 10.241.174.114:40222] script not found or unable to stat: /var/www/cgi-bin/db
[Fri Sep 06 15:09:04.591714 2024] [cgi:error] [pid 125258] [client 10.241.174.114:40328] script not found or unable to stat: /var/www/cgi-bin/db
[Fri Sep 06 15:09:04.617424 2024] [cgi:error] [pid 4071] [client 10.241.174.114:40402] script not found or unable to stat: /var/www/cgi-bin/index.php
[Fri Sep 06 15:09:04.708410 2024] [cgi:error] [pid 125261] [client 10.241.174.114:40656] script not found or unable to stat: /var/www/cgi-bin/port.php
[Fri Sep 06 15:09:04.739855 2024] [cgi:error] [pid 4071] [client 10.241.174.114:40738] script not found or unable to stat: /var/www/cgi-bin/ubbthreads.php
[Fri Sep 06 15:09:04.768405 2024] [cgi:error] [pid 125261] [client 10.241.174.114:40822] script not found or unable to stat: /var/www/cgi-bin/typo3
[Fri Sep 06 15:09:04.799660 2024] [cgi:error] [pid 125261] [client 10.241.174.114:40896] script not found or unable to stat: /var/www/cgi-bin/view
[Fri Sep 06 15:09:04.803727 2024] [cgi:error] [pid 4071] [client 10.241.174.114:40908] attempt to invoke directory as script: /var/www/cgi-bin/
[Fri Sep 06 15:09:04.848918 2024] [cgi:error] [pid 123728] [client 10.241.174.114:41004] script not found or unable to stat: /var/www/cgi-bin/php
[Fri Sep 06 15:09:04.880713 2024] [cgi:error] [pid 125261] [client 10.241.174.114:41052] script not found or unable to stat: /var/www/cgi-bin/php
[Fri Sep 06 15:09:04.902209 2024] [cgi:error] [pid 125255] [client 10.241.174.114:41086] script not found or unable to stat: /var/www/cgi-bin/admin
[Fri Sep 06 15:09:04.930640 2024] [cgi:error] [pid 123728] [client 10.241.174.114:41134] script not found or unable to stat: /var/www/cgi-bin/ttawebtop.cgi
[Fri Sep 06 15:09:04.967436 2024] [cgi:error] [pid 123728] [client 10.241.174.114:41220] script not found or unable to stat: /var/www/cgi-bin/tsweb.asp
[Fri Sep 06 15:09:04.972340 2024] [cgi:error] [pid 125255] [client 10.241.174.114:41228] script not found or unable to stat: /var/www/cgi-bin/tsweb
[Fri Sep 06 15:09:05.008730 2024] [cgi:error] [pid 124152] [client 10.241.174.114:41308] script not found or unable to stat: /var/www/cgi-bin/admin.php
[Fri Sep 06 15:09:05.168100 2024] [cgi:error] [pid 124152] [client 10.241.174.114:41588] script not found or unable to stat: /var/www/cgi-bin/index.php
[Fri Sep 06 15:09:05.172103 2024] [cgi:error] [pid 2857] [client 10.241.174.114:41594] script not found or unable to stat: /var/www/cgi-bin/admincp
[Fri Sep 06 15:09:05.236070 2024] [cgi:error] [pid 125255] [client 10.241.174.114:41750] script not found or unable to stat: /var/www/cgi-bin/query
[Fri Sep 06 15:09:05.276022 2024] [cgi:error] [pid 124152] [client 10.241.174.114:41816] script not found or unable to stat: /var/www/cgi-bin/btdownload.php
[Fri Sep 06 15:09:05.325871 2024] [cgi:error] [pid 123728] [client 10.241.174.114:41896] script not found or unable to stat: /var/www/cgi-bin/tiki-index.php
[Fri Sep 06 15:09:05.358794 2024] [cgi:error] [pid 125258] [client 10.241.174.114:41954] script not found or unable to stat: /var/www/cgi-bin/tiki-index.php
[Fri Sep 06 15:09:05.368668 2024] [cgi:error] [pid 125255] [client 10.241.174.114:41970] script not found or unable to stat: /var/www/cgi-bin/tiki-index.php
[Fri Sep 06 15:09:05.387116 2024] [cgi:error] [pid 4071] [client 10.241.174.114:41990] script not found or unable to stat: /var/www/cgi-bin/tiki-index.php
[Fri Sep 06 15:09:05.473974 2024] [core:error] [pid 125261] [client 10.241.174.114:42176] AH00126: Invalid URI in request GET c:\\boot.ini HTTP/1.1
[Fri Sep 06 15:09:05.493521 2024] [core:error] [pid 125261] [client 10.241.174.114:42234] AH00135: Invalid method in request ACL /5tbN68zm.htm HTTP/1.1
[Fri Sep 06 15:09:05.498540 2024] [core:error] [pid 4071] [client 10.241.174.114:42246] AH00135: Invalid method in request BCOPY /5tbN68zm.htm HTTP/1.1
[Fri Sep 06 15:09:05.506698 2024] [core:error] [pid 125255] [client 10.241.174.114:42264] AH00135: Invalid method in request BDELETE /5tbN68zm.htm HTTP/1.1
[Fri Sep 06 15:09:05.512704 2024] [core:error] [pid 1139] [client 10.241.174.114:42282] AH00135: Invalid method in request BMOVE /5tbN68zm.htm HTTP/1.1
[Fri Sep 06 15:09:05.516412 2024] [cgi:error] [pid 125261] [client 10.241.174.114:42290] script not found or unable to stat: /var/www/cgi-bin/index.php
[Fri Sep 06 15:09:05.516671 2024] [core:error] [pid 125258] [client 10.241.174.114:42292] AH00135: Invalid method in request BPROPFIND /5tbN68zm.htm HTTP/1.1
[Fri Sep 06 15:09:05.521129 2024] [core:error] [pid 123728] [client 10.241.174.114:42304] AH00135: Invalid method in request BPROPPATCH /5tbN68zm.htm HTTP/1.1
[Fri Sep 06 15:09:05.539146 2024] [core:error] [pid 125261] [client 10.241.174.114:42334] AH00135: Invalid method in request DEBUG /5tbN68zm.htm HTTP/1.1
[Fri Sep 06 15:09:05.553302 2024] [core:error] [pid 124152] [client 10.241.174.114:42364] AH00135: Invalid method in request INDEX /5tbN68zm.htm HTTP/1.1
[Fri Sep 06 15:09:05.564693 2024] [core:error] [pid 1139] [client 10.241.174.114:42378] AH00135: Invalid method in request NOTIFY /5tbN68zm.htm HTTP/1.1
[Fri Sep 06 15:09:05.580857 2024] [core:error] [pid 125261] [client 10.241.174.114:42422] AH00135: Invalid method in request ORDERPATCH /5tbN68zm.htm HTTP/1.1
[Fri Sep 06 15:09:05.590723 2024] [core:error] [pid 4071] [client 10.241.174.114:42444] AH00135: Invalid method in request POLL /5tbN68zm.htm HTTP/1.1
[Fri Sep 06 15:09:05.603139 2024] [core:error] [pid 125261] [client 10.241.174.114:42474] AH00135: Invalid method in request RPC_IN_DATA /5tbN68zm.htm HTTP/1.1
[Fri Sep 06 15:09:05.611873 2024] [core:error] [pid 123728] [client 10.241.174.114:42494] AH00135: Invalid method in request RPC_OUT_DATA /5tbN68zm.htm HTTP/1.1
[Fri Sep 06 15:09:05.618496 2024] [core:error] [pid 1139] [client 10.241.174.114:42510] AH00135: Invalid method in request SUBSCRIBE /5tbN68zm.htm HTTP/1.1
[Fri Sep 06 15:09:05.622793 2024] [core:error] [pid 128959] [client 10.241.174.114:42520] AH00135: Invalid method in request TESTZZZ /5tbN68zm.htm HTTP/1.1
[Fri Sep 06 15:09:05.631311 2024] [core:error] [pid 125255] [client 10.241.174.114:42532] AH00135: Invalid method in request UNSUBSCRIBE /5tbN68zm.htm HTTP/1.1
[Fri Sep 06 15:09:05.639999 2024] [core:error] [pid 124152] [client 10.241.174.114:42550] AH00135: Invalid method in request X-MS-ENUMATTS /5tbN68zm.htm HTTP/1.1
[Fri Sep 06 15:09:05.644645 2024] [cgi:error] [pid 2857] [client 10.241.174.114:42566] attempt to invoke directory as script: /var/www/cgi-bin/
[Fri Sep 06 15:09:05.645157 2024] [cgi:error] [pid 128959] [client 10.241.174.114:42572] script not found or unable to stat: /var/www/cgi-bin/BrowserWeb
[Fri Sep 06 15:09:05.645907 2024] [cgi:error] [pid 2857] [client 10.241.174.114:42566] script not found or unable to stat: /var/www/cgi-bin/F9HFCmw5.htm
[Fri Sep 06 15:09:05.650112 2024] [cgi:error] [pid 123728] [client 10.241.174.114:42586] script not found or unable to stat: /var/www/cgi-bin/F9HFCmw5.htm
[Fri Sep 06 15:09:05.654011 2024] [cgi:error] [pid 4071] [client 10.241.174.114:42596] script not found or unable to stat: /var/www/cgi-bin/F9HFCmw5.htm
[Fri Sep 06 15:09:05.658313 2024] [cgi:error] [pid 124152] [client 10.241.174.114:42600] script not found or unable to stat: /var/www/cgi-bin/F9HFCmw5.htm
[Fri Sep 06 15:09:05.664226 2024] [cgi:error] [pid 128959] [client 10.241.174.114:42618] script not found or unable to stat: /var/www/cgi-bin/F9HFCmw5.htm
[Fri Sep 06 15:09:05.671037 2024] [cgi:error] [pid 125261] [client 10.241.174.114:42630] script not found or unable to stat: /var/www/cgi-bin/F9HFCmw5.htm
[Fri Sep 06 15:09:05.675221 2024] [cgi:error] [pid 4071] [client 10.241.174.114:42650] script not found or unable to stat: /var/www/cgi-bin/F9HFCmw5.htm
[Fri Sep 06 15:09:05.675623 2024] [cgi:error] [pid 125255] [client 10.241.174.114:42652] script not found or unable to stat: /var/www/cgi-bin/login.php
[Fri Sep 06 15:09:05.679045 2024] [cgi:error] [pid 124152] [client 10.241.174.114:42664] script not found or unable to stat: /var/www/cgi-bin/F9HFCmw5.htm
[Fri Sep 06 15:09:05.683664 2024] [cgi:error] [pid 128959] [client 10.241.174.114:42674] script not found or unable to stat: /var/www/cgi-bin/F9HFCmw5.htm
[Fri Sep 06 15:09:05.699890 2024] [cgi:error] [pid 124152] [client 10.241.174.114:42706] script not found or unable to stat: /var/www/cgi-bin/F9HFCmw5.htm
[Fri Sep 06 15:09:05.707236 2024] [cgi:error] [pid 2857] [client 10.241.174.114:42718] script not found or unable to stat: /var/www/cgi-bin/F9HFCmw5.htm
[Fri Sep 06 15:09:05.713327 2024] [cgi:error] [pid 125261] [client 10.241.174.114:42732] script not found or unable to stat: /var/www/cgi-bin/F9HFCmw5.htm
[Fri Sep 06 15:09:05.718342 2024] [cgi:error] [pid 125255] [client 10.241.174.114:42750] script not found or unable to stat: /var/www/cgi-bin/F9HFCmw5.htm
[Fri Sep 06 15:09:05.724462 2024] [cgi:error] [pid 1139] [client 10.241.174.114:42760] script not found or unable to stat: /var/www/cgi-bin/F9HFCmw5.htm
[Fri Sep 06 15:09:05.725496 2024] [cgi:error] [pid 1139] [client 10.241.174.114:42760] script not found or unable to stat: /var/www/cgi-bin/F9HFCmw5.htm
[Fri Sep 06 15:09:05.729106 2024] [cgi:error] [pid 4071] [client 10.241.174.114:42782] script not found or unable to stat: /var/www/cgi-bin/F9HFCmw5.htm
[Fri Sep 06 15:09:05.734594 2024] [cgi:error] [pid 125261] [client 10.241.174.114:42792] script not found or unable to stat: /var/www/cgi-bin/F9HFCmw5.htm
[Fri Sep 06 15:09:05.738400 2024] [cgi:error] [pid 125255] [client 10.241.174.114:42804] script not found or unable to stat: /var/www/cgi-bin/index.php
[Fri Sep 06 15:09:05.739466 2024] [cgi:error] [pid 124152] [client 10.241.174.114:42808] script not found or unable to stat: /var/www/cgi-bin/F9HFCmw5.htm
[Fri Sep 06 15:09:05.743066 2024] [cgi:error] [pid 1139] [client 10.241.174.114:42818] script not found or unable to stat: /var/www/cgi-bin/F9HFCmw5.htm
[Fri Sep 06 15:09:05.748823 2024] [cgi:error] [pid 128959] [client 10.241.174.114:42826] script not found or unable to stat: /var/www/cgi-bin/F9HFCmw5.htm
[Fri Sep 06 15:09:05.759623 2024] [cgi:error] [pid 125261] [client 10.241.174.114:42848] script not found or unable to stat: /var/www/cgi-bin/F9HFCmw5.htm
[Fri Sep 06 15:09:05.763492 2024] [cgi:error] [pid 1139] [client 10.241.174.114:42862] script not found or unable to stat: /var/www/cgi-bin/F9HFCmw5.htm
[Fri Sep 06 15:09:05.767484 2024] [cgi:error] [pid 2857] [client 10.241.174.114:42870] script not found or unable to stat: /var/www/cgi-bin/F9HFCmw5.htm
[Fri Sep 06 15:09:05.767858 2024] [cgi:error] [pid 4071] [client 10.241.174.114:42872] script not found or unable to stat: /var/www/cgi-bin/remindpasswd
[Fri Sep 06 15:09:05.772340 2024] [cgi:error] [pid 128959] [client 10.241.174.114:42884] script not found or unable to stat: /var/www/cgi-bin/F9HFCmw5.htm
[Fri Sep 06 15:09:05.776943 2024] [cgi:error] [pid 125255] [client 10.241.174.114:42898] script not found or unable to stat: /var/www/cgi-bin/F9HFCmw5.htm
[Fri Sep 06 15:09:05.787946 2024] [cgi:error] [pid 124152] [client 10.241.174.114:42926] script not found or unable to stat: /var/www/cgi-bin/F9HFCmw5.htm
[Fri Sep 06 15:09:05.791525 2024] [cgi:error] [pid 128959] [client 10.241.174.114:42938] script not found or unable to stat: /var/www/cgi-bin/F9HFCmw5.htm
[Fri Sep 06 15:09:05.801666 2024] [cgi:error] [pid 125261] [client 10.241.174.114:42948] script not found or unable to stat: /var/www/cgi-bin/F9HFCmw5.htm
[Fri Sep 06 15:09:05.807268 2024] [cgi:error] [pid 1139] [client 10.241.174.114:42958] script not found or unable to stat: /var/www/cgi-bin/F9HFCmw5.htm
[Fri Sep 06 15:09:05.813085 2024] [cgi:error] [pid 4071] [client 10.241.174.114:42968] script not found or unable to stat: /var/www/cgi-bin/F9HFCmw5.htm
[Fri Sep 06 15:09:05.817637 2024] [cgi:error] [pid 123728] [client 10.241.174.114:42980] script not found or unable to stat: /var/www/cgi-bin/F9HFCmw5.htm
[Fri Sep 06 15:09:05.822680 2024] [cgi:error] [pid 2857] [client 10.241.174.114:42990] script not found or unable to stat: /var/www/cgi-bin/F9HFCmw5.htm
[Fri Sep 06 15:09:05.827387 2024] [cgi:error] [pid 124152] [client 10.241.174.114:43010] script not found or unable to stat: /var/www/cgi-bin/F9HFCmw5.htm
[Fri Sep 06 15:09:05.831673 2024] [cgi:error] [pid 128959] [client 10.241.174.114:43026] script not found or unable to stat: /var/www/cgi-bin/F9HFCmw5.htm
[Fri Sep 06 15:09:05.836406 2024] [cgi:error] [pid 125255] [client 10.241.174.114:43042] script not found or unable to stat: /var/www/cgi-bin/F9HFCmw5.htm
[Fri Sep 06 15:09:05.841554 2024] [cgi:error] [pid 1139] [client 10.241.174.114:43056] script not found or unable to stat: /var/www/cgi-bin/F9HFCmw5.htm
[Fri Sep 06 15:09:05.847567 2024] [cgi:error] [pid 4071] [client 10.241.174.114:43070] script not found or unable to stat: /var/www/cgi-bin/F9HFCmw5.htm
[Fri Sep 06 15:09:05.854899 2024] [cgi:error] [pid 123728] [client 10.241.174.114:43086] script not found or unable to stat: /var/www/cgi-bin/F9HFCmw5.htm
[Fri Sep 06 15:09:05.858609 2024] [cgi:error] [pid 2857] [client 10.241.174.114:43108] script not found or unable to stat: /var/www/cgi-bin/F9HFCmw5.htm
[Fri Sep 06 15:09:05.865153 2024] [cgi:error] [pid 124152] [client 10.241.174.114:43118] script not found or unable to stat: /var/www/cgi-bin/F9HFCmw5.htm
[Fri Sep 06 15:09:05.870594 2024] [cgi:error] [pid 128959] [client 10.241.174.114:43132] script not found or unable to stat: /var/www/cgi-bin/F9HFCmw5.htm
[Fri Sep 06 15:09:05.875192 2024] [cgi:error] [pid 125255] [client 10.241.174.114:43144] script not found or unable to stat: /var/www/cgi-bin/F9HFCmw5.htm
[Fri Sep 06 15:09:05.881729 2024] [cgi:error] [pid 1139] [client 10.241.174.114:43160] script not found or unable to stat: /var/www/cgi-bin/F9HFCmw5.htm
[Fri Sep 06 15:09:05.893905 2024] [core:error] [pid 128959] [client 10.241.174.114:43184] AH00135: Invalid method in request ACL /css/zHeljeMp.htm HTTP/1.1
[Fri Sep 06 15:09:05.898327 2024] [cgi:error] [pid 125255] [client 10.241.174.114:43206] script not found or unable to stat: /var/www/cgi-bin/swc
[Fri Sep 06 15:09:05.900034 2024] [core:error] [pid 2857] [client 10.241.174.114:43204] AH00135: Invalid method in request BCOPY /css/zHeljeMp.htm HTTP/1.1
[Fri Sep 06 15:09:05.904120 2024] [core:error] [pid 125261] [client 10.241.174.114:43226] AH00135: Invalid method in request BDELETE /css/zHeljeMp.htm HTTP/1.1
[Fri Sep 06 15:09:05.909245 2024] [core:error] [pid 4071] [client 10.241.174.114:43238] AH00135: Invalid method in request BMOVE /css/zHeljeMp.htm HTTP/1.1
[Fri Sep 06 15:09:05.913566 2024] [core:error] [pid 123728] [client 10.241.174.114:43252] AH00135: Invalid method in request BPROPFIND /css/zHeljeMp.htm HTTP/1.1
[Fri Sep 06 15:09:05.914989 2024] [cgi:error] [pid 125255] [client 10.241.174.114:43254] script not found or unable to stat: /var/www/cgi-bin/.svn
[Fri Sep 06 15:09:05.917200 2024] [core:error] [pid 2857] [client 10.241.174.114:43264] AH00135: Invalid method in request BPROPPATCH /css/zHeljeMp.htm HTTP/1.1
[Fri Sep 06 15:09:05.927412 2024] [core:error] [pid 125261] [client 10.241.174.114:43290] AH00135: Invalid method in request DEBUG /css/zHeljeMp.htm HTTP/1.1
[Fri Sep 06 15:09:05.940354 2024] [core:error] [pid 128959] [client 10.241.174.114:43322] AH00135: Invalid method in request INDEX /css/zHeljeMp.htm HTTP/1.1
[Fri Sep 06 15:09:05.953014 2024] [core:error] [pid 2857] [client 10.241.174.114:43332] AH00135: Invalid method in request NOTIFY /css/zHeljeMp.htm HTTP/1.1
[Fri Sep 06 15:09:05.953569 2024] [cgi:error] [pid 125261] [client 10.241.174.114:43340] script not found or unable to stat: /var/www/cgi-bin/.|.
[Fri Sep 06 15:09:05.957878 2024] [cgi:error] [pid 124152] [client 10.241.174.114:43352] script not found or unable to stat: /var/www/cgi-bin/.|.
[Fri Sep 06 15:09:05.962099 2024] [core:error] [pid 4071] [client 10.241.174.114:43364] AH00135: Invalid method in request ORDERPATCH /css/zHeljeMp.htm HTTP/1.1
[Fri Sep 06 15:09:05.968434 2024] [core:error] [pid 1139] [client 10.241.174.114:43376] AH00135: Invalid method in request POLL /css/zHeljeMp.htm HTTP/1.1
[Fri Sep 06 15:09:05.983193 2024] [core:error] [pid 124152] [client 10.241.174.114:43400] AH00135: Invalid method in request RPC_IN_DATA /css/zHeljeMp.htm HTTP/1.1
[Fri Sep 06 15:09:05.991279 2024] [core:error] [pid 123728] [client 10.241.174.114:43418] AH00135: Invalid method in request RPC_OUT_DATA /css/zHeljeMp.htm HTTP/1.1
[Fri Sep 06 15:09:05.995517 2024] [core:error] [pid 2857] [client 10.241.174.114:43426] AH00135: Invalid method in request SUBSCRIBE /css/zHeljeMp.htm HTTP/1.1
[Fri Sep 06 15:09:05.998951 2024] [cgi:error] [pid 125261] [client 10.241.174.114:43438] script not found or unable to stat: /var/www/cgi-bin/superguestconfig
[Fri Sep 06 15:09:05.999295 2024] [core:error] [pid 125255] [client 10.241.174.114:43442] AH00135: Invalid method in request TESTZZZ /css/zHeljeMp.htm HTTP/1.1
[Fri Sep 06 15:09:06.007627 2024] [core:error] [pid 124152] [client 10.241.174.114:43454] AH00135: Invalid method in request UNSUBSCRIBE /css/zHeljeMp.htm HTTP/1.1
[Fri Sep 06 15:09:06.013040 2024] [core:error] [pid 123728] [client 10.241.174.114:43476] AH00135: Invalid method in request X-MS-ENUMATTS /css/zHeljeMp.htm HTTP/1.1
[Fri Sep 06 15:09:06.025837 2024] [core:error] [pid 128959] [client 10.241.174.114:43512] AH00135: Invalid method in request ACL /icons/55eazLp3.htm HTTP/1.1
[Fri Sep 06 15:09:06.032493 2024] [core:error] [pid 4071] [client 10.241.174.114:43528] AH00135: Invalid method in request BCOPY /icons/55eazLp3.htm HTTP/1.1
[Fri Sep 06 15:09:06.040524 2024] [core:error] [pid 125261] [client 10.241.174.114:43548] AH00135: Invalid method in request BDELETE /icons/55eazLp3.htm HTTP/1.1
[Fri Sep 06 15:09:06.044318 2024] [core:error] [pid 125255] [client 10.241.174.114:43562] AH00135: Invalid method in request BMOVE /icons/55eazLp3.htm HTTP/1.1
[Fri Sep 06 15:09:06.050428 2024] [core:error] [pid 124152] [client 10.241.174.114:43572] AH00135: Invalid method in request BPROPFIND /icons/55eazLp3.htm HTTP/1.1
[Fri Sep 06 15:09:06.054608 2024] [core:error] [pid 4071] [client 10.241.174.114:43582] AH00135: Invalid method in request BPROPPATCH /icons/55eazLp3.htm HTTP/1.1
[Fri Sep 06 15:09:06.059249 2024] [cgi:error] [pid 2857] [client 10.241.174.114:43594] script not found or unable to stat: /var/www/cgi-bin/login.jsp
[Fri Sep 06 15:09:06.065065 2024] [core:error] [pid 128959] [client 10.241.174.114:43606] AH00135: Invalid method in request DEBUG /icons/55eazLp3.htm HTTP/1.1
[Fri Sep 06 15:09:06.081851 2024] [core:error] [pid 2857] [client 10.241.174.114:43652] AH00135: Invalid method in request INDEX /icons/55eazLp3.htm HTTP/1.1
[Fri Sep 06 15:09:06.088980 2024] [cgi:error] [pid 128959] [client 10.241.174.114:43676] script not found or unable to stat: /var/www/cgi-bin/sugarcrm
[Fri Sep 06 15:09:06.098790 2024] [core:error] [pid 125255] [client 10.241.174.114:43668] AH00135: Invalid method in request NOTIFY /icons/55eazLp3.htm HTTP/1.1
[Fri Sep 06 15:09:06.109029 2024] [core:error] [pid 123728] [client 10.241.174.114:43732] AH00135: Invalid method in request ORDERPATCH /icons/55eazLp3.htm HTTP/1.1
[Fri Sep 06 15:09:06.117696 2024] [core:error] [pid 128959] [client 10.241.174.114:43760] AH00135: Invalid method in request POLL /icons/55eazLp3.htm HTTP/1.1
[Fri Sep 06 15:09:06.124904 2024] [cgi:error] [pid 1139] [client 10.241.174.114:43794] script not found or unable to stat: /var/www/cgi-bin/index.php
[Fri Sep 06 15:09:06.130994 2024] [core:error] [pid 4071] [client 10.241.174.114:43802] AH00135: Invalid method in request RPC_IN_DATA /icons/55eazLp3.htm HTTP/1.1
[Fri Sep 06 15:09:06.135545 2024] [core:error] [pid 125261] [client 10.241.174.114:43830] AH00135: Invalid method in request RPC_OUT_DATA /icons/55eazLp3.htm HTTP/1.1
[Fri Sep 06 15:09:06.145827 2024] [core:error] [pid 128959] [client 10.241.174.114:43844] AH00135: Invalid method in request SUBSCRIBE /icons/55eazLp3.htm HTTP/1.1
[Fri Sep 06 15:09:06.152401 2024] [core:error] [pid 1139] [client 10.241.174.114:43872] AH00135: Invalid method in request TESTZZZ /icons/55eazLp3.htm HTTP/1.1
[Fri Sep 06 15:09:06.160240 2024] [core:error] [pid 4071] [client 10.241.174.114:43894] AH00135: Invalid method in request UNSUBSCRIBE /icons/55eazLp3.htm HTTP/1.1
[Fri Sep 06 15:09:06.162989 2024] [cgi:error] [pid 125261] [client 10.241.174.114:43912] script not found or unable to stat: /var/www/cgi-bin/search
[Fri Sep 06 15:09:06.167783 2024] [core:error] [pid 124152] [client 10.241.174.114:43922] AH00135: Invalid method in request X-MS-ENUMATTS /icons/55eazLp3.htm HTTP/1.1
[Fri Sep 06 15:09:06.176427 2024] [core:error] [pid 2857] [client 10.241.174.114:43964] AH00135: Invalid method in request ACL /images/snVngWCD.htm HTTP/1.1
[Fri Sep 06 15:09:06.183340 2024] [core:error] [pid 4071] [client 10.241.174.114:43974] AH00135: Invalid method in request BCOPY /images/snVngWCD.htm HTTP/1.1
[Fri Sep 06 15:09:06.185943 2024] [cgi:error] [pid 125261] [client 10.241.174.114:43980] script not found or unable to stat: /var/www/cgi-bin/story.pl
[Fri Sep 06 15:09:06.187942 2024] [core:error] [pid 124152] [client 10.241.174.114:43986] AH00135: Invalid method in request BDELETE /images/snVngWCD.htm HTTP/1.1
[Fri Sep 06 15:09:06.194299 2024] [core:error] [pid 128959] [client 10.241.174.114:43994] AH00135: Invalid method in request BMOVE /images/snVngWCD.htm HTTP/1.1
[Fri Sep 06 15:09:06.200813 2024] [core:error] [pid 2857] [client 10.241.174.114:44008] AH00135: Invalid method in request BPROPFIND /images/snVngWCD.htm HTTP/1.1
[Fri Sep 06 15:09:06.205463 2024] [core:error] [pid 4071] [client 10.241.174.114:44022] AH00135: Invalid method in request BPROPPATCH /images/snVngWCD.htm HTTP/1.1
[Fri Sep 06 15:09:06.207961 2024] [cgi:error] [pid 125261] [client 10.241.174.114:44024] script not found or unable to stat: /var/www/cgi-bin/data
[Fri Sep 06 15:09:06.216060 2024] [core:error] [pid 128959] [client 10.241.174.114:44044] AH00135: Invalid method in request DEBUG /images/snVngWCD.htm HTTP/1.1
[Fri Sep 06 15:09:06.230130 2024] [core:error] [pid 125261] [client 10.241.174.114:44090] AH00135: Invalid method in request INDEX /images/snVngWCD.htm HTTP/1.1
[Fri Sep 06 15:09:06.234880 2024] [cgi:error] [pid 1139] [client 10.241.174.114:44114] script not found or unable to stat: /var/www/cgi-bin/src
[Fri Sep 06 15:09:06.242621 2024] [core:error] [pid 125255] [client 10.241.174.114:44112] AH00135: Invalid method in request NOTIFY /images/snVngWCD.htm HTTP/1.1
[Fri Sep 06 15:09:06.250096 2024] [core:error] [pid 125261] [client 10.241.174.114:44158] AH00135: Invalid method in request ORDERPATCH /images/snVngWCD.htm HTTP/1.1
[Fri Sep 06 15:09:06.255338 2024] [core:error] [pid 1139] [client 10.241.174.114:44168] AH00135: Invalid method in request POLL /images/snVngWCD.htm HTTP/1.1
