[Fri Aug 16 16:48:37.789311 2024] [core:error] [pid 87872] [client 10.241.174.109:45520] AH00135: Invalid method in request INDEX /images/wyZ0XvE9.htm HTTP/1.1
[Fri Aug 16 16:48:37.803673 2024] [core:error] [pid 88330] [client 10.241.174.109:45532] AH00135: Invalid method in request NOTIFY /images/wyZ0XvE9.htm HTTP/1.1
[Fri Aug 16 16:48:37.816081 2024] [core:error] [pid 88246] [client 10.241.174.109:45576] AH00135: Invalid method in request ORDERPATCH /images/wyZ0XvE9.htm HTTP/1.1
[Fri Aug 16 16:48:37.820709 2024] [core:error] [pid 88237] [client 10.241.174.109:45584] AH00135: Invalid method in request POLL /images/wyZ0XvE9.htm HTTP/1.1
[Fri Aug 16 16:48:37.837686 2024] [core:error] [pid 87872] [client 10.241.174.109:45598] AH00135: Invalid method in request RPC_IN_DATA /images/wyZ0XvE9.htm HTTP/1.1
[Fri Aug 16 16:48:37.842277 2024] [core:error] [pid 88237] [client 10.241.174.109:45612] AH00135: Invalid method in request RPC_OUT_DATA /images/wyZ0XvE9.htm HTTP/1.1
[Fri Aug 16 16:48:37.848650 2024] [core:error] [pid 88248] [client 10.241.174.109:45620] AH00135: Invalid method in request SUBSCRIBE /images/wyZ0XvE9.htm HTTP/1.1
[Fri Aug 16 16:48:37.853892 2024] [core:error] [pid 88489] [client 10.241.174.109:45628] AH00135: Invalid method in request TESTZZZ /images/wyZ0XvE9.htm HTTP/1.1
[Fri Aug 16 16:48:37.860826 2024] [core:error] [pid 88237] [client 10.241.174.109:45644] AH00135: Invalid method in request UNSUBSCRIBE /images/wyZ0XvE9.htm HTTP/1.1
[Fri Aug 16 16:48:37.868922 2024] [core:error] [pid 88248] [client 10.241.174.109:45656] AH00135: Invalid method in request X-MS-ENUMATTS /images/wyZ0XvE9.htm HTTP/1.1
[Fri Aug 16 16:48:37.880606 2024] [core:error] [pid 88330] [client 10.241.174.109:45684] AH00135: Invalid method in request ACL /manual/EGuwKACe.htm HTTP/1.1
[Fri Aug 16 16:48:37.888489 2024] [core:error] [pid 84624] [client 10.241.174.109:45696] AH00135: Invalid method in request BCOPY /manual/EGuwKACe.htm HTTP/1.1
[Fri Aug 16 16:48:37.895844 2024] [core:error] [pid 87872] [client 10.241.174.109:45712] AH00135: Invalid method in request BDELETE /manual/EGuwKACe.htm HTTP/1.1
[Fri Aug 16 16:48:37.900592 2024] [core:error] [pid 88698] [client 10.241.174.109:45728] AH00135: Invalid method in request BMOVE /manual/EGuwKACe.htm HTTP/1.1
[Fri Aug 16 16:48:37.908966 2024] [core:error] [pid 88237] [client 10.241.174.109:45740] AH00135: Invalid method in request BPROPFIND /manual/EGuwKACe.htm HTTP/1.1
[Fri Aug 16 16:48:37.914159 2024] [core:error] [pid 84624] [client 10.241.174.109:45746] AH00135: Invalid method in request BPROPPATCH /manual/EGuwKACe.htm HTTP/1.1
[Fri Aug 16 16:48:37.931111 2024] [core:error] [pid 88698] [client 10.241.174.109:45776] AH00135: Invalid method in request DEBUG /manual/EGuwKACe.htm HTTP/1.1
[Fri Aug 16 16:48:37.944178 2024] [core:error] [pid 88248] [client 10.241.174.109:45808] AH00135: Invalid method in request INDEX /manual/EGuwKACe.htm HTTP/1.1
[Fri Aug 16 16:48:37.965621 2024] [core:error] [pid 88489] [client 10.241.174.109:45822] AH00135: Invalid method in request NOTIFY /manual/EGuwKACe.htm HTTP/1.1
[Fri Aug 16 16:48:37.976799 2024] [core:error] [pid 88246] [client 10.241.174.109:45874] AH00135: Invalid method in request ORDERPATCH /manual/EGuwKACe.htm HTTP/1.1
[Fri Aug 16 16:48:37.985379 2024] [core:error] [pid 88248] [client 10.241.174.109:45886] AH00135: Invalid method in request POLL /manual/EGuwKACe.htm HTTP/1.1
[Fri Aug 16 16:48:38.000674 2024] [core:error] [pid 88698] [client 10.241.174.109:45910] AH00135: Invalid method in request RPC_IN_DATA /manual/EGuwKACe.htm HTTP/1.1
[Fri Aug 16 16:48:38.005770 2024] [core:error] [pid 88248] [client 10.241.174.109:45926] AH00135: Invalid method in request RPC_OUT_DATA /manual/EGuwKACe.htm HTTP/1.1
[Fri Aug 16 16:48:38.010871 2024] [core:error] [pid 88489] [client 10.241.174.109:45932] AH00135: Invalid method in request SUBSCRIBE /manual/EGuwKACe.htm HTTP/1.1
[Fri Aug 16 16:48:38.012925 2024] [cgi:error] [pid 88237] [client 10.241.174.109:45934] script not found or unable to stat: /var/www/cgi-bin/sojourn.cgi
[Fri Aug 16 16:48:38.014882 2024] [core:error] [pid 88246] [client 10.241.174.109:45940] AH00135: Invalid method in request TESTZZZ /manual/EGuwKACe.htm HTTP/1.1
[Fri Aug 16 16:48:38.027633 2024] [core:error] [pid 88698] [client 10.241.174.109:45952] AH00135: Invalid method in request UNSUBSCRIBE /manual/EGuwKACe.htm HTTP/1.1
[Fri Aug 16 16:48:38.035896 2024] [core:error] [pid 88330] [client 10.241.174.109:45982] AH00135: Invalid method in request X-MS-ENUMATTS /manual/EGuwKACe.htm HTTP/1.1
[Fri Aug 16 16:48:38.060819 2024] [cgi:error] [pid 88237] [client 10.241.174.109:46038] script not found or unable to stat: /var/www/cgi-bin/index.php
[Fri Aug 16 16:48:38.094946 2024] [cgi:error] [pid 88237] [client 10.241.174.109:46078] script not found or unable to stat: /var/www/cgi-bin/smb2www.pl
[Fri Aug 16 16:48:38.099080 2024] [cgi:error] [pid 88330] [client 10.241.174.109:46088] script not found or unable to stat: /var/www/cgi-bin/samba
[Fri Aug 16 16:48:38.138702 2024] [cgi:error] [pid 87872] [client 10.241.174.109:46162] script not found or unable to stat: /var/www/cgi-bin/smbshr.pl
[Fri Aug 16 16:48:38.142686 2024] [cgi:error] [pid 88698] [client 10.241.174.109:46166] script not found or unable to stat: /var/www/cgi-bin/samba
[Fri Aug 16 16:48:38.174294 2024] [cgi:error] [pid 84624] [client 10.241.174.109:46232] script not found or unable to stat: /var/www/cgi-bin/About
[Fri Aug 16 16:48:38.189397 2024] [cgi:error] [pid 88246] [client 10.241.174.109:46270] script not found or unable to stat: /var/www/cgi-bin/guestbook.php
[Fri Aug 16 16:48:38.200851 2024] [cgi:error] [pid 88698] [client 10.241.174.109:46284] script not found or unable to stat: /var/www/cgi-bin/webboard
[Fri Aug 16 16:48:38.204563 2024] [cgi:error] [pid 84624] [client 10.241.174.109:46292] script not found or unable to stat: /var/www/cgi-bin/generate.cgi
[Fri Aug 16 16:48:38.237597 2024] [cgi:error] [pid 88248] [client 10.241.174.109:46386] script not found or unable to stat: /var/www/cgi-bin/pwcgi
[Fri Aug 16 16:48:38.258519 2024] [cgi:error] [pid 87872] [client 10.241.174.109:46438] script not found or unable to stat: /var/www/cgi-bin/sitemap.xml
[Fri Aug 16 16:48:38.275250 2024] [cgi:error] [pid 88237] [client 10.241.174.109:46480] script not found or unable to stat: /var/www/cgi-bin/forum.php
[Fri Aug 16 16:48:38.329911 2024] [cgi:error] [pid 88248] [client 10.241.174.109:46616] script not found or unable to stat: /var/www/cgi-bin/login
[Fri Aug 16 16:48:38.333842 2024] [cgi:error] [pid 88237] [client 10.241.174.109:46628] script not found or unable to stat: /var/www/cgi-bin/shell
[Fri Aug 16 16:48:38.372366 2024] [cgi:error] [pid 88330] [client 10.241.174.109:46710] attempt to invoke directory as script: /var/www/cgi-bin/
[Fri Aug 16 16:48:38.417745 2024] [cgi:error] [pid 88248] [client 10.241.174.109:46808] script not found or unable to stat: /var/www/cgi-bin/guestbook.php
[Fri Aug 16 16:48:38.451508 2024] [cgi:error] [pid 88698] [client 10.241.174.109:46868] script not found or unable to stat: /var/www/cgi-bin/Security
[Fri Aug 16 16:48:38.550012 2024] [cgi:error] [pid 88246] [client 10.241.174.109:47034] script not found or unable to stat: /var/www/cgi-bin/gotopage.cgi
[Fri Aug 16 16:48:38.564700 2024] [cgi:error] [pid 88248] [client 10.241.174.109:47052] script not found or unable to stat: /var/www/cgi-bin/sgdynamo.exe
[Fri Aug 16 16:48:38.604584 2024] [cgi:error] [pid 88249] [client 10.241.174.109:47120] script not found or unable to stat: /var/www/cgi-bin/index.php
[Fri Aug 16 16:48:38.618866 2024] [cgi:error] [pid 88330] [client 10.241.174.109:47136] script not found or unable to stat: /var/www/cgi-bin/sendtemp.pl
[Fri Aug 16 16:48:38.673522 2024] [cgi:error] [pid 88248] [client 10.241.174.109:47226] script not found or unable to stat: /var/www/cgi-bin/sdbsearch.cgi, referer: https://taas-prod.cise.ufl.edu/../../../../etc
[Fri Aug 16 16:48:38.721983 2024] [cgi:error] [pid 88249] [client 10.241.174.109:47298] script not found or unable to stat: /var/www/cgi-bin/guestbook
[Fri Aug 16 16:48:38.725840 2024] [cgi:error] [pid 88698] [client 10.241.174.109:47308] script not found or unable to stat: /var/www/cgi-bin/view.php
[Fri Aug 16 16:48:39.118287 2024] [cgi:error] [pid 88698] [client 10.241.174.109:47870] script not found or unable to stat: /var/www/cgi-bin/modules
[Fri Aug 16 16:48:39.140410 2024] [cgi:error] [pid 88249] [client 10.241.174.109:47898] script not found or unable to stat: /var/www/cgi-bin/user.php
[Fri Aug 16 16:48:39.160750 2024] [cgi:error] [pid 87872] [client 10.241.174.109:47926] attempt to invoke directory as script: /var/www/cgi-bin/
[Fri Aug 16 16:48:39.181253 2024] [cgi:error] [pid 88237] [client 10.241.174.109:47948] script not found or unable to stat: /var/www/cgi-bin/index.html
[Fri Aug 16 16:48:39.249273 2024] [cgi:error] [pid 88249] [client 10.241.174.109:48038] script not found or unable to stat: /var/www/cgi-bin/1723841319-ror_session_fixation.nasl
[Fri Aug 16 16:48:39.311992 2024] [cgi:error] [pid 88248] [client 10.241.174.109:48104] script not found or unable to stat: /var/www/cgi-bin/search.pl
[Fri Aug 16 16:48:39.361777 2024] [cgi:error] [pid 88248] [client 10.241.174.109:48162] script not found or unable to stat: /var/www/cgi-bin/search
[Fri Aug 16 16:48:39.378473 2024] [cgi:error] [pid 84624] [client 10.241.174.109:48178] script not found or unable to stat: /var/www/cgi-bin/search
[Fri Aug 16 16:48:39.400348 2024] [cgi:error] [pid 88237] [client 10.241.174.109:48210] script not found or unable to stat: /var/www/cgi-bin/index.php
[Fri Aug 16 16:48:39.416824 2024] [cgi:error] [pid 87872] [client 10.241.174.109:48230] script not found or unable to stat: /var/www/cgi-bin/showproduct.php
[Fri Aug 16 16:48:39.417518 2024] [cgi:error] [pid 87872] [client 10.241.174.109:48230] script not found or unable to stat: /var/www/cgi-bin/showcat.php
[Fri Aug 16 16:48:39.506536 2024] [cgi:error] [pid 88248] [client 10.241.174.109:48318] script not found or unable to stat: /var/www/cgi-bin/r57.php
[Fri Aug 16 16:48:39.555748 2024] [cgi:error] [pid 88246] [client 10.241.174.109:48372] script not found or unable to stat: /var/www/cgi-bin/quickstore.cgi
[Fri Aug 16 16:48:39.579420 2024] [cgi:error] [pid 88330] [client 10.241.174.109:48396] script not found or unable to stat: /var/www/cgi-bin/quickstore.cgi
[Fri Aug 16 16:48:39.625192 2024] [cgi:error] [pid 87872] [client 10.241.174.109:48446] script not found or unable to stat: /var/www/cgi-bin/admin
[Fri Aug 16 16:48:39.650423 2024] [cgi:error] [pid 84624] [client 10.241.174.109:48476] script not found or unable to stat: /var/www/cgi-bin/authLogin.cgi
[Fri Aug 16 16:48:39.665200 2024] [cgi:error] [pid 88237] [client 10.241.174.109:48498] script not found or unable to stat: /var/www/cgi-bin/authLogin.cgi
[Fri Aug 16 16:48:39.713499 2024] [cgi:error] [pid 88248] [client 10.241.174.109:48572] script not found or unable to stat: /var/www/cgi-bin/profil.php
[Fri Aug 16 16:48:39.806569 2024] [cgi:error] [pid 88237] [client 10.241.174.109:48774] script not found or unable to stat: /var/www/cgi-bin/index.php
[Fri Aug 16 16:48:39.912692 2024] [cgi:error] [pid 88330] [client 10.241.174.109:48994] script not found or unable to stat: /var/www/cgi-bin/printenv
[Fri Aug 16 16:48:39.935923 2024] [cgi:error] [pid 88247] [client 10.241.174.109:49050] script not found or unable to stat: /var/www/cgi-bin/index.php
[Fri Aug 16 16:48:39.977283 2024] [cgi:error] [pid 88330] [client 10.241.174.109:49190] script not found or unable to stat: /var/www/cgi-bin/index.php
[Fri Aug 16 16:48:40.014741 2024] [cgi:error] [pid 88237] [client 10.241.174.109:49256] script not found or unable to stat: /var/www/cgi-bin/login.php
[Fri Aug 16 16:48:40.045333 2024] [cgi:error] [pid 88237] [client 10.241.174.109:49320] script not found or unable to stat: /var/www/cgi-bin/index.php
[Fri Aug 16 16:48:40.073465 2024] [cgi:error] [pid 88248] [client 10.241.174.109:49420] script not found or unable to stat: /var/www/cgi-bin/admin
[Fri Aug 16 16:48:40.102109 2024] [cgi:error] [pid 87872] [client 10.241.174.109:49470] script not found or unable to stat: /var/www/cgi-bin/pollit
[Fri Aug 16 16:48:40.122940 2024] [cgi:error] [pid 88330] [client 10.241.174.109:49510] script not found or unable to stat: /var/www/cgi-bin/billing
[Fri Aug 16 16:48:40.157348 2024] [cgi:error] [pid 88237] [client 10.241.174.109:49604] attempt to invoke directory as script: /var/www/cgi-bin/
[Fri Aug 16 16:48:40.182734 2024] [cgi:error] [pid 88247] [client 10.241.174.109:49666] script not found or unable to stat: /var/www/cgi-bin/index.php
[Fri Aug 16 16:48:40.212996 2024] [cgi:error] [pid 87872] [client 10.241.174.109:49738] attempt to invoke directory as script: /var/www/cgi-bin/
[Fri Aug 16 16:48:40.237827 2024] [cgi:error] [pid 88246] [client 10.241.174.109:49824] script not found or unable to stat: /var/www/cgi-bin/identity
[Fri Aug 16 16:48:40.283005 2024] [cgi:error] [pid 88247] [client 10.241.174.109:49940] script not found or unable to stat: /var/www/cgi-bin/PJreview_Neo.cgi
[Fri Aug 16 16:48:40.314473 2024] [cgi:error] [pid 87872] [client 10.241.174.109:50024] script not found or unable to stat: /var/www/cgi-bin/index.php
[Fri Aug 16 16:48:40.319822 2024] [cgi:error] [pid 88248] [client 10.241.174.109:50038] script not found or unable to stat: /var/www/cgi-bin/CHANGELOG.md
[Fri Aug 16 16:48:40.357706 2024] [cgi:error] [pid 88237] [client 10.241.174.109:50160] script not found or unable to stat: /var/www/cgi-bin/index.php
[Fri Aug 16 16:48:40.386693 2024] [cgi:error] [pid 88248] [client 10.241.174.109:50224] script not found or unable to stat: /var/www/cgi-bin/admin
[Fri Aug 16 16:48:40.421755 2024] [cgi:error] [pid 87872] [client 10.241.174.109:50314] script not found or unable to stat: /var/www/cgi-bin/index.php
[Fri Aug 16 16:48:40.448655 2024] [cgi:error] [pid 88249] [client 10.241.174.109:50374] script not found or unable to stat: /var/www/cgi-bin/roschedule.php
[Fri Aug 16 16:48:40.505141 2024] [core:error] [pid 88248] [client 10.241.174.109:50460] AH00126: Invalid URI in request GET admin/index.php HTTP/1.1
[Fri Aug 16 16:48:40.524427 2024] [cgi:error] [pid 84624] [client 10.241.174.109:50498] script not found or unable to stat: /var/www/cgi-bin/index.php
[Fri Aug 16 16:48:40.554337 2024] [cgi:error] [pid 88246] [client 10.241.174.109:50550] script not found or unable to stat: /var/www/cgi-bin/index.php
[Fri Aug 16 16:48:40.598017 2024] [cgi:error] [pid 87872] [client 10.241.174.109:50666] attempt to invoke directory as script: /var/www/cgi-bin/
[Fri Aug 16 16:48:40.618712 2024] [cgi:error] [pid 84624] [client 10.241.174.109:50726] script not found or unable to stat: /var/www/cgi-bin/index.php
[Fri Aug 16 16:48:40.654123 2024] [cgi:error] [pid 88246] [client 10.241.174.109:50804] script not found or unable to stat: /var/www/cgi-bin/index.php
[Fri Aug 16 16:48:40.698520 2024] [cgi:error] [pid 87872] [client 10.241.174.109:50930] script not found or unable to stat: /var/www/cgi-bin/phpinfo.php
[Fri Aug 16 16:48:40.702955 2024] [cgi:error] [pid 88248] [client 10.241.174.109:50938] script not found or unable to stat: /var/www/cgi-bin/info.php
[Fri Aug 16 16:48:40.992831 2024] [cgi:error] [pid 87872] [client 10.241.174.109:51496] script not found or unable to stat: /var/www/cgi-bin/login.php
[Fri Aug 16 16:48:41.031450 2024] [cgi:error] [pid 88249] [client 10.241.174.109:51568] script not found or unable to stat: /var/www/cgi-bin/login.php
[Fri Aug 16 16:48:41.060495 2024] [cgi:error] [pid 84624] [client 10.241.174.109:51636] script not found or unable to stat: /var/www/cgi-bin/includes
[Fri Aug 16 16:48:41.087134 2024] [cgi:error] [pid 88246] [client 10.241.174.109:51694] script not found or unable to stat: /var/www/cgi-bin/index.php
[Fri Aug 16 16:48:41.123772 2024] [cgi:error] [pid 84624] [client 10.241.174.109:51778] script not found or unable to stat: /var/www/cgi-bin/admin
[Fri Aug 16 16:48:41.140498 2024] [cgi:error] [pid 88237] [client 10.241.174.109:51822] script not found or unable to stat: /var/www/cgi-bin/autohtml.php
[Fri Aug 16 16:48:41.176309 2024] [cgi:error] [pid 88248] [client 10.241.174.109:51894] attempt to invoke directory as script: /var/www/cgi-bin/
[Fri Aug 16 16:48:41.201639 2024] [cgi:error] [pid 88249] [client 10.241.174.109:51962] script not found or unable to stat: /var/www/cgi-bin/phpnews
[Fri Aug 16 16:48:41.227480 2024] [cgi:error] [pid 84624] [client 10.241.174.109:52014] script not found or unable to stat: /var/www/cgi-bin/news.php
[Fri Aug 16 16:48:41.270825 2024] [cgi:error] [pid 88248] [client 10.241.174.109:52136] script not found or unable to stat: /var/www/cgi-bin/wizard
[Fri Aug 16 16:48:41.290554 2024] [cgi:error] [pid 84624] [client 10.241.174.109:52178] script not found or unable to stat: /var/www/cgi-bin/mylog.html
[Fri Aug 16 16:48:41.291250 2024] [cgi:error] [pid 84624] [client 10.241.174.109:52178] script not found or unable to stat: /var/www/cgi-bin/mlog.html
[Fri Aug 16 16:48:41.301983 2024] [cgi:error] [pid 87872] [client 10.241.174.109:52206] script not found or unable to stat: /var/www/cgi-bin/admin
[Fri Aug 16 16:48:41.328318 2024] [cgi:error] [pid 84624] [client 10.241.174.109:52284] script not found or unable to stat: /var/www/cgi-bin/index.php
[Fri Aug 16 16:48:41.354518 2024] [cgi:error] [pid 84624] [client 10.241.174.109:52356] script not found or unable to stat: /var/www/cgi-bin/main.php
[Fri Aug 16 16:48:41.358508 2024] [cgi:error] [pid 88249] [client 10.241.174.109:52368] attempt to invoke directory as script: /var/www/cgi-bin/
[Fri Aug 16 16:48:41.381327 2024] [cgi:error] [pid 88330] [client 10.241.174.109:52420] script not found or unable to stat: /var/www/cgi-bin/search.php
[Fri Aug 16 16:48:41.403871 2024] [cgi:error] [pid 88247] [client 10.241.174.109:52488] script not found or unable to stat: /var/www/cgi-bin/php.cgi
[Fri Aug 16 16:48:41.433007 2024] [cgi:error] [pid 88237] [client 10.241.174.109:52560] script not found or unable to stat: /var/www/cgi-bin/admin.php
[Fri Aug 16 16:48:41.483759 2024] [cgi:error] [pid 84624] [client 10.241.174.109:52696] script not found or unable to stat: /var/www/cgi-bin/pfdispaly
[Fri Aug 16 16:48:41.488307 2024] [cgi:error] [pid 88249] [client 10.241.174.109:52708] script not found or unable to stat: /var/www/cgi-bin/pfdispaly.cgi
[Fri Aug 16 16:48:41.528272 2024] [cgi:error] [pid 87872] [client 10.241.174.109:52850] script not found or unable to stat: /var/www/cgi-bin/kb.cgi
[Fri Aug 16 16:48:41.554605 2024] [cgi:error] [pid 88249] [client 10.241.174.109:52928] script not found or unable to stat: /var/www/cgi-bin/pdesk.cgi
[Fri Aug 16 16:48:41.592005 2024] [cgi:error] [pid 84624] [client 10.241.174.109:53078] script not found or unable to stat: /var/www/cgi-bin/perl
[Fri Aug 16 16:48:41.596989 2024] [cgi:error] [pid 88249] [client 10.241.174.109:53090] script not found or unable to stat: /var/www/cgi-bin/perl.exe
[Fri Aug 16 16:48:41.634229 2024] [cgi:error] [pid 87872] [client 10.241.174.109:53184] script not found or unable to stat: /var/www/cgi-bin/cal_make.pl
[Fri Aug 16 16:48:41.676634 2024] [cgi:error] [pid 88247] [client 10.241.174.109:53306] script not found or unable to stat: /var/www/cgi-bin/index.asp
[Fri Aug 16 16:48:41.720635 2024] [cgi:error] [pid 88249] [client 10.241.174.109:53422] script not found or unable to stat: /var/www/cgi-bin/index.php
[Fri Aug 16 16:48:41.755066 2024] [cgi:error] [pid 84624] [client 10.241.174.109:53520] script not found or unable to stat: /var/www/cgi-bin/usrdetails.php
[Fri Aug 16 16:48:41.844007 2024] [cgi:error] [pid 88237] [client 10.241.174.109:53782] script not found or unable to stat: /var/www/cgi-bin/pals-cgi
[Fri Aug 16 16:48:41.883864 2024] [cgi:error] [pid 88247] [client 10.241.174.109:53894] script not found or unable to stat: /var/www/cgi-bin/pafiledb.php
[Fri Aug 16 16:48:41.938514 2024] [cgi:error] [pid 88237] [client 10.241.174.109:54068] script not found or unable to stat: /var/www/cgi-bin/p-news.php
[Fri Aug 16 16:48:42.003803 2024] [cgi:error] [pid 84624] [client 10.241.174.109:54258] script not found or unable to stat: /var/www/cgi-bin/index.php
[Fri Aug 16 16:48:42.008992 2024] [cgi:error] [pid 88249] [client 10.241.174.109:54272] script not found or unable to stat: /var/www/cgi-bin/index.php
[Fri Aug 16 16:48:42.012954 2024] [cgi:error] [pid 87872] [client 10.241.174.109:54288] script not found or unable to stat: /var/www/cgi-bin/Nessus404
[Fri Aug 16 16:48:42.057457 2024] [cgi:error] [pid 88248] [client 10.241.174.109:54418] script not found or unable to stat: /var/www/cgi-bin/browse.php
[Fri Aug 16 16:48:42.118311 2024] [cgi:error] [pid 87872] [client 10.241.174.109:54532] script not found or unable to stat: /var/www/cgi-bin/open.php
[Fri Aug 16 16:48:42.215331 2024] [cgi:error] [pid 88237] [client 10.241.174.109:54664] script not found or unable to stat: /var/www/cgi-bin/admin
[Fri Aug 16 16:48:42.708724 2024] [cgi:error] [pid 88247] [client 10.241.174.109:55394] attempt to invoke directory as script: /var/www/cgi-bin/
[Fri Aug 16 16:48:42.760566 2024] [cgi:error] [pid 88237] [client 10.241.174.109:55474] attempt to invoke directory as script: /var/www/cgi-bin/
[Fri Aug 16 16:48:42.781070 2024] [cgi:error] [pid 87872] [client 10.241.174.109:55506] script not found or unable to stat: /var/www/cgi-bin/luci
[Fri Aug 16 16:48:42.786736 2024] [cgi:error] [pid 88248] [client 10.241.174.109:55514] script not found or unable to stat: /var/www/cgi-bin/openwebmail.pl
[Fri Aug 16 16:48:44.222736 2024] [cgi:error] [pid 88698] [client 10.241.174.109:56632] script not found or unable to stat: /var/www/cgi-bin/acegilogin.jsp
[Fri Aug 16 16:48:44.273251 2024] [cgi:error] [pid 87872] [client 10.241.174.109:56696] script not found or unable to stat: /var/www/cgi-bin/index.php
[Fri Aug 16 16:48:44.276297 2024] [cgi:error] [pid 88237] [client 10.241.174.109:56700] script not found or unable to stat: /var/www/cgi-bin/pub
[Fri Aug 16 16:48:44.287136 2024] [cgi:error] [pid 88330] [client 10.241.174.109:56710] script not found or unable to stat: /var/www/cgi-bin/index.php
[Fri Aug 16 16:48:44.317727 2024] [cgi:error] [pid 88330] [client 10.241.174.109:56746] script not found or unable to stat: /var/www/cgi-bin/index.php
[Fri Aug 16 16:48:44.344172 2024] [cgi:error] [pid 88248] [client 10.241.174.109:56784] script not found or unable to stat: /var/www/cgi-bin/index.php
[Fri Aug 16 16:48:44.349507 2024] [cgi:error] [pid 88237] [client 10.241.174.109:56790] script not found or unable to stat: /var/www/cgi-bin/index.php
[Fri Aug 16 16:48:44.383206 2024] [cgi:error] [pid 88698] [client 10.241.174.109:56834] script not found or unable to stat: /var/www/cgi-bin/index.php
[Fri Aug 16 16:48:44.389508 2024] [cgi:error] [pid 87872] [client 10.241.174.109:56838] attempt to invoke directory as script: /var/www/cgi-bin/
[Fri Aug 16 16:48:44.416703 2024] [cgi:error] [pid 88248] [client 10.241.174.109:56874] script not found or unable to stat: /var/www/cgi-bin/about.php
[Fri Aug 16 16:48:44.418321 2024] [cgi:error] [pid 87872] [client 10.241.174.109:56876] script not found or unable to stat: /var/www/cgi-bin/supporter
[Fri Aug 16 16:48:44.488067 2024] [cgi:error] [pid 88489] [client 10.241.174.109:57018] script not found or unable to stat: /var/www/cgi-bin/index.php
[Fri Aug 16 16:48:44.513760 2024] [cgi:error] [pid 88247] [client 10.241.174.109:57062] script not found or unable to stat: /var/www/cgi-bin/admin
[Fri Aug 16 16:48:44.538119 2024] [cgi:error] [pid 88330] [client 10.241.174.109:57108] script not found or unable to stat: /var/www/cgi-bin/index.php
[Fri Aug 16 16:48:44.550256 2024] [cgi:error] [pid 88489] [client 10.241.174.109:57134] script not found or unable to stat: /var/www/cgi-bin/index.php
[Fri Aug 16 16:48:44.575895 2024] [cgi:error] [pid 88489] [client 10.241.174.109:57194] script not found or unable to stat: /var/www/cgi-bin/nph-proxy.cgi
[Fri Aug 16 16:48:44.646421 2024] [cgi:error] [pid 88248] [client 10.241.174.109:57334] script not found or unable to stat: /var/www/cgi-bin/zenworks
[Fri Aug 16 16:48:44.658808 2024] [cgi:error] [pid 84624] [client 10.241.174.109:57366] script not found or unable to stat: /var/www/cgi-bin/c
[Fri Aug 16 16:48:44.820828 2024] [cgi:error] [pid 88489] [client 10.241.174.109:57678] script not found or unable to stat: /var/www/cgi-bin/newsdesk.cgi
[Fri Aug 16 16:48:44.852533 2024] [cgi:error] [pid 88248] [client 10.241.174.109:57740] script not found or unable to stat: /var/www/cgi-bin/client_execute.cgi
[Fri Aug 16 16:48:44.903312 2024] [cgi:error] [pid 84624] [client 10.241.174.109:57850] script not found or unable to stat: /var/www/cgi-bin/guestimage.html
[Fri Aug 16 16:48:44.930408 2024] [cgi:error] [pid 88698] [client 10.241.174.109:57908] script not found or unable to stat: /var/www/cgi-bin/camctrl.cgi
[Fri Aug 16 16:48:44.940331 2024] [cgi:error] [pid 88489] [client 10.241.174.109:57924] script not found or unable to stat: /var/www/cgi-bin/ctrldirect.cgi
[Fri Aug 16 16:48:45.049183 2024] [cgi:error] [pid 88248] [client 10.241.174.109:58178] script not found or unable to stat: /var/www/cgi-bin/netauth.cgi
[Fri Aug 16 16:48:45.080249 2024] [cgi:error] [pid 88248] [client 10.241.174.109:58226] script not found or unable to stat: /var/www/cgi-bin/neomail.pl
[Fri Aug 16 16:48:45.124539 2024] [cgi:error] [pid 88247] [client 10.241.174.109:58322] script not found or unable to stat: /var/www/cgi-bin/nbmember.cgi
[Fri Aug 16 16:48:45.137242 2024] [cgi:error] [pid 88330] [client 10.241.174.109:58348] script not found or unable to stat: /var/www/cgi-bin/ncbook.cgi
[Fri Aug 16 16:48:45.141883 2024] [cgi:error] [pid 88489] [client 10.241.174.109:58360] script not found or unable to stat: /var/www/cgi-bin/ncbook
[Fri Aug 16 16:48:45.161981 2024] [cgi:error] [pid 88489] [client 10.241.174.109:58412] script not found or unable to stat: /var/www/cgi-bin/namazu.cgi
[Fri Aug 16 16:48:45.192910 2024] [cgi:error] [pid 88237] [client 10.241.174.109:58484] script not found or unable to stat: /var/www/cgi-bin/index.php
[Fri Aug 16 16:48:45.200399 2024] [cgi:error] [pid 84624] [client 10.241.174.109:58502] script not found or unable to stat: /var/www/cgi-bin/login.php
[Fri Aug 16 16:48:45.228465 2024] [cgi:error] [pid 84624] [client 10.241.174.109:58562] script not found or unable to stat: /var/www/cgi-bin/main.php
[Fri Aug 16 16:48:45.260318 2024] [cgi:error] [pid 88489] [client 10.241.174.109:58632] attempt to invoke directory as script: /var/www/cgi-bin/
[Fri Aug 16 16:48:45.299294 2024] [cgi:error] [pid 88237] [client 10.241.174.109:58710] script not found or unable to stat: /var/www/cgi-bin/op
[Fri Aug 16 16:48:45.299304 2024] [cgi:error] [pid 88246] [client 10.241.174.109:58712] script not found or unable to stat: /var/www/cgi-bin/member.php
[Fri Aug 16 16:48:45.338050 2024] [cgi:error] [pid 88330] [client 10.241.174.109:58796] script not found or unable to stat: /var/www/cgi-bin/interface
[Fri Aug 16 16:48:45.357521 2024] [cgi:error] [pid 88246] [client 10.241.174.109:58832] attempt to invoke directory as script: /var/www/cgi-bin/
[Fri Aug 16 16:48:45.393032 2024] [cgi:error] [pid 88330] [client 10.241.174.109:58902] script not found or unable to stat: /var/www/cgi-bin/help.php
[Fri Aug 16 16:48:45.393127 2024] [core:error] [pid 84624] [client 10.241.174.109:58900] AH00126: Invalid URI in request GET multihtml.pl?multi=/etc/passwd%00html HTTP/1.1
[Fri Aug 16 16:48:45.419295 2024] [cgi:error] [pid 84624] [client 10.241.174.109:58980] script not found or unable to stat: /var/www/cgi-bin/top.php
[Fri Aug 16 16:48:45.424323 2024] [cgi:error] [pid 88698] [client 10.241.174.109:58994] script not found or unable to stat: /var/www/cgi-bin/mt.cgi
[Fri Aug 16 16:48:45.451657 2024] [cgi:error] [pid 88248] [client 10.241.174.109:59050] script not found or unable to stat: /var/www/cgi-bin/index.php
[Fri Aug 16 16:48:45.458781 2024] [cgi:error] [pid 88698] [client 10.241.174.109:59046] script not found or unable to stat: /var/www/cgi-bin/wiki.php
[Fri Aug 16 16:48:45.511387 2024] [cgi:error] [pid 88698] [client 10.241.174.109:59166] script not found or unable to stat: /var/www/cgi-bin/SystemInfo
[Fri Aug 16 16:48:45.511681 2024] [cgi:error] [pid 84624] [client 10.241.174.109:59172] script not found or unable to stat: /var/www/cgi-bin/manager
[Fri Aug 16 16:48:45.586823 2024] [cgi:error] [pid 87872] [client 10.241.174.109:59316] script not found or unable to stat: /var/www/cgi-bin/search.cgi
[Fri Aug 16 16:48:45.592838 2024] [cgi:error] [pid 88237] [client 10.241.174.109:59328] script not found or unable to stat: /var/www/cgi-bin/search.pl
[Fri Aug 16 16:48:45.598673 2024] [cgi:error] [pid 88247] [client 10.241.174.109:59346] script not found or unable to stat: /var/www/cgi-bin/search.exe
[Fri Aug 16 16:48:45.687551 2024] [cgi:error] [pid 87872] [client 10.241.174.109:59538] script not found or unable to stat: /var/www/cgi-bin/simple
[Fri Aug 16 16:48:45.689817 2024] [cgi:error] [pid 88698] [client 10.241.174.109:59550] script not found or unable to stat: /var/www/cgi-bin/minis.php
[Fri Aug 16 16:48:45.829517 2024] [cgi:error] [pid 88489] [client 10.241.174.109:59890] script not found or unable to stat: /var/www/cgi-bin/mensajeitor.php
[Fri Aug 16 16:48:46.060787 2024] [cgi:error] [pid 88489] [client 10.241.174.109:60462] script not found or unable to stat: /var/www/cgi-bin/index.phtml
[Fri Aug 16 16:48:46.072774 2024] [cgi:error] [pid 88248] [client 10.241.174.109:60482] script not found or unable to stat: /var/www/cgi-bin/mapserv.exe
[Fri Aug 16 16:48:46.079509 2024] [cgi:error] [pid 88247] [client 10.241.174.109:60492] script not found or unable to stat: /var/www/cgi-bin/mapserv
[Fri Aug 16 16:48:46.232203 2024] [core:error] [pid 88330] [client 10.241.174.109:60684] AH00135: Invalid method in request ACL /manual/developer/9fYl_2U8.htm HTTP/1.1
[Fri Aug 16 16:48:46.246244 2024] [core:error] [pid 88247] [client 10.241.174.109:60694] AH00135: Invalid method in request BCOPY /manual/developer/9fYl_2U8.htm HTTP/1.1
[Fri Aug 16 16:48:46.253434 2024] [core:error] [pid 88237] [client 10.241.174.109:60706] AH00135: Invalid method in request BDELETE /manual/developer/9fYl_2U8.htm HTTP/1.1
[Fri Aug 16 16:48:46.261919 2024] [core:error] [pid 88248] [client 10.241.174.109:60716] AH00135: Invalid method in request BMOVE /manual/developer/9fYl_2U8.htm HTTP/1.1
[Fri Aug 16 16:48:46.271752 2024] [core:error] [pid 88247] [client 10.241.174.109:60726] AH00135: Invalid method in request BPROPFIND /manual/developer/9fYl_2U8.htm HTTP/1.1
[Fri Aug 16 16:48:46.276848 2024] [core:error] [pid 88330] [client 10.241.174.109:60738] AH00135: Invalid method in request BPROPPATCH /manual/developer/9fYl_2U8.htm HTTP/1.1
[Fri Aug 16 16:48:46.299465 2024] [core:error] [pid 88330] [client 10.241.174.109:60768] AH00135: Invalid method in request DEBUG /manual/developer/9fYl_2U8.htm HTTP/1.1
[Fri Aug 16 16:48:46.330235 2024] [core:error] [pid 88698] [client 10.241.174.109:60794] AH00135: Invalid method in request INDEX /manual/developer/9fYl_2U8.htm HTTP/1.1
[Fri Aug 16 16:48:46.337790 2024] [cgi:error] [pid 84624] [client 10.241.174.109:60808] script not found or unable to stat: /var/www/cgi-bin/mj_wwwusr
[Fri Aug 16 16:48:46.343086 2024] [cgi:error] [pid 88489] [client 10.241.174.109:60816] script not found or unable to stat: /var/www/cgi-bin/administrator
[Fri Aug 16 16:48:46.349850 2024] [cgi:error] [pid 88237] [client 10.241.174.109:60822] script not found or unable to stat: /var/www/cgi-bin/index.php
[Fri Aug 16 16:48:46.362002 2024] [core:error] [pid 88248] [client 10.241.174.109:60802] AH00135: Invalid method in request NOTIFY /manual/developer/9fYl_2U8.htm HTTP/1.1
[Fri Aug 16 16:48:46.379739 2024] [core:error] [pid 88698] [client 10.241.174.109:60854] AH00135: Invalid method in request ORDERPATCH /manual/developer/9fYl_2U8.htm HTTP/1.1
[Fri Aug 16 16:48:46.389593 2024] [core:error] [pid 88330] [client 10.241.174.109:60862] AH00135: Invalid method in request POLL /manual/developer/9fYl_2U8.htm HTTP/1.1
[Fri Aug 16 16:48:46.425321 2024] [core:error] [pid 88237] [client 10.241.174.109:60878] AH00135: Invalid method in request RPC_IN_DATA /manual/developer/9fYl_2U8.htm HTTP/1.1
[Fri Aug 16 16:48:46.425953 2024] [cgi:error] [pid 84624] [client 10.241.174.109:60894] attempt to invoke directory as script: /var/www/cgi-bin/
[Fri Aug 16 16:48:46.429508 2024] [cgi:error] [pid 88248] [client 10.241.174.109:60900] script not found or unable to stat: /var/www/cgi-bin/nph-mr.cgi
[Fri Aug 16 16:48:46.433253 2024] [core:error] [pid 88330] [client 10.241.174.109:60902] AH00135: Invalid method in request RPC_OUT_DATA /manual/developer/9fYl_2U8.htm HTTP/1.1
[Fri Aug 16 16:48:46.449058 2024] [core:error] [pid 88249] [client 10.241.174.109:60910] AH00135: Invalid method in request SUBSCRIBE /manual/developer/9fYl_2U8.htm HTTP/1.1
[Fri Aug 16 16:48:46.462790 2024] [core:error] [pid 88237] [client 10.241.174.109:60926] AH00135: Invalid method in request TESTZZZ /manual/developer/9fYl_2U8.htm HTTP/1.1
[Fri Aug 16 16:48:46.486473 2024] [cgi:error] [pid 88248] [client 10.241.174.109:60940] script not found or unable to stat: /var/www/cgi-bin/listinfo
[Fri Aug 16 16:48:46.491607 2024] [core:error] [pid 88247] [client 10.241.174.109:60942] AH00135: Invalid method in request UNSUBSCRIBE /manual/developer/9fYl_2U8.htm HTTP/1.1
[Fri Aug 16 16:48:46.521803 2024] [core:error] [pid 87872] [client 10.241.174.109:60954] AH00135: Invalid method in request X-MS-ENUMATTS /manual/developer/9fYl_2U8.htm HTTP/1.1
[Fri Aug 16 16:48:46.543222 2024] [cgi:error] [pid 88246] [client 10.241.174.109:60986] script not found or unable to stat: /var/www/cgi-bin/index.php
[Fri Aug 16 16:48:46.616958 2024] [cgi:error] [pid 88248] [client 10.241.174.109:32832] script not found or unable to stat: /var/www/cgi-bin/index.php
[Fri Aug 16 16:48:46.671362 2024] [cgi:error] [pid 88489] [client 10.241.174.109:32880] script not found or unable to stat: /var/www/cgi-bin/index.php
[Fri Aug 16 16:48:46.683212 2024] [cgi:error] [pid 88237] [client 10.241.174.109:32890] script not found or unable to stat: /var/www/cgi-bin/chat.php
[Fri Aug 16 16:48:46.729952 2024] [cgi:error] [pid 84624] [client 10.241.174.109:32928] script not found or unable to stat: /var/www/cgi-bin/wa
[Fri Aug 16 16:48:46.733986 2024] [cgi:error] [pid 88237] [client 10.241.174.109:32934] script not found or unable to stat: /var/www/cgi-bin/wa.exe
[Fri Aug 16 16:48:46.737889 2024] [cgi:error] [pid 88698] [client 10.241.174.109:32938] script not found or unable to stat: /var/www/cgi-bin/wa.cgi
[Fri Aug 16 16:48:46.787864 2024] [cgi:error] [pid 88489] [client 10.241.174.109:32984] script not found or unable to stat: /var/www/cgi-bin/wa
[Fri Aug 16 16:48:46.792393 2024] [cgi:error] [pid 88248] [client 10.241.174.109:32990] script not found or unable to stat: /var/www/cgi-bin/wa.exe
[Fri Aug 16 16:48:46.796151 2024] [cgi:error] [pid 84624] [client 10.241.174.109:32996] script not found or unable to stat: /var/www/cgi-bin/wa.cgi
[Fri Aug 16 16:48:46.853151 2024] [cgi:error] [pid 88237] [client 10.241.174.109:33042] script not found or unable to stat: /var/www/cgi-bin/common
[Fri Aug 16 16:48:46.857542 2024] [cgi:error] [pid 88237] [client 10.241.174.109:33042] script not found or unable to stat: /var/www/cgi-bin/listrec.pl
[Fri Aug 16 16:48:46.985684 2024] [cgi:error] [pid 88248] [client 10.241.174.109:33216] attempt to invoke directory as script: /var/www/cgi-bin/
[Fri Aug 16 16:48:47.035459 2024] [cgi:error] [pid 88246] [client 10.241.174.109:33286] script not found or unable to stat: /var/www/cgi-bin/landesk
[Fri Aug 16 16:48:47.058224 2024] [cgi:error] [pid 88249] [client 10.241.174.109:33328] script not found or unable to stat: /var/www/cgi-bin/blog.cgi
[Fri Aug 16 16:48:47.086522 2024] [cgi:error] [pid 88698] [client 10.241.174.109:33352] script not found or unable to stat: /var/www/cgi-bin/index.php
[Fri Aug 16 16:48:47.164649 2024] [cgi:error] [pid 88246] [client 10.241.174.109:33502] script not found or unable to stat: /var/www/cgi-bin/home
[Fri Aug 16 16:48:47.170504 2024] [cgi:error] [pid 88489] [client 10.241.174.109:33506] script not found or unable to stat: /var/www/cgi-bin/k
[Fri Aug 16 16:48:47.211328 2024] [cgi:error] [pid 88248] [client 10.241.174.109:33548] script not found or unable to stat: /var/www/cgi-bin/index.php
[Fri Aug 16 16:48:47.395085 2024] [cgi:error] [pid 84624] [client 10.241.174.109:33822] script not found or unable to stat: /var/www/cgi-bin/print.php
[Fri Aug 16 16:48:47.436218 2024] [cgi:error] [pid 88248] [client 10.241.174.109:33868] script not found or unable to stat: /var/www/cgi-bin/administrator
[Fri Aug 16 16:48:47.440683 2024] [cgi:error] [pid 84624] [client 10.241.174.109:33872] script not found or unable to stat: /var/www/cgi-bin/index.php
[Fri Aug 16 16:48:47.448002 2024] [cgi:error] [pid 88237] [client 10.241.174.109:33876] script not found or unable to stat: /var/www/cgi-bin/administrator
[Fri Aug 16 16:48:47.524798 2024] [cgi:error] [pid 88237] [client 10.241.174.109:33968] script not found or unable to stat: /var/www/cgi-bin/rest
[Fri Aug 16 16:48:47.529752 2024] [cgi:error] [pid 88698] [client 10.241.174.109:33978] script not found or unable to stat: /var/www/cgi-bin/rest
[Fri Aug 16 16:48:47.535046 2024] [cgi:error] [pid 88330] [client 10.241.174.109:33984] script not found or unable to stat: /var/www/cgi-bin/login.jsp
[Fri Aug 16 16:48:47.541189 2024] [cgi:error] [pid 88249] [client 10.241.174.109:34000] script not found or unable to stat: /var/www/cgi-bin/500page.jsp
[Fri Aug 16 16:48:47.604360 2024] [cgi:error] [pid 84624] [client 10.241.174.109:34066] script not found or unable to stat: /var/www/cgi-bin/jgs_portal_statistik.php
[Fri Aug 16 16:48:47.633782 2024] [cgi:error] [pid 88249] [client 10.241.174.109:34104] script not found or unable to stat: /var/www/cgi-bin/forums
[Fri Aug 16 16:48:47.785348 2024] [cgi:error] [pid 88489] [client 10.241.174.109:34254] script not found or unable to stat: /var/www/cgi-bin/_admin
[Fri Aug 16 16:48:47.854657 2024] [cgi:error] [pid 88249] [client 10.241.174.109:34330] script not found or unable to stat: /var/www/cgi-bin/index.php
[Fri Aug 16 16:48:47.881633 2024] [cgi:error] [pid 88237] [client 10.241.174.109:34362] script not found or unable to stat: /var/www/cgi-bin/gadgets
[Fri Aug 16 16:48:47.916912 2024] [cgi:error] [pid 88248] [client 10.241.174.109:34402] script not found or unable to stat: /var/www/cgi-bin/README.TXT
[Fri Aug 16 16:48:47.963712 2024] [cgi:error] [pid 88489] [client 10.241.174.109:34444] script not found or unable to stat: /var/www/cgi-bin/index.php
[Fri Aug 16 16:48:48.011350 2024] [cgi:error] [pid 88249] [client 10.241.174.109:34494] script not found or unable to stat: /var/www/cgi-bin/index.php
[Fri Aug 16 16:48:48.059237 2024] [cgi:error] [pid 88330] [client 10.241.174.109:34558] script not found or unable to stat: /var/www/cgi-bin/search.php
[Fri Aug 16 16:48:48.140697 2024] [cgi:error] [pid 84624] [client 10.241.174.109:34654] script not found or unable to stat: /var/www/cgi-bin/nessus
[Fri Aug 16 16:48:48.281328 2024] [cgi:error] [pid 88249] [client 10.241.174.109:34846] script not found or unable to stat: /var/www/cgi-bin/loader-wizard.php
[Fri Aug 16 16:48:48.316206 2024] [cgi:error] [pid 88330] [client 10.241.174.109:34882] script not found or unable to stat: /var/www/cgi-bin/index.php
[Fri Aug 16 16:48:48.393088 2024] [cgi:error] [pid 88237] [client 10.241.174.109:34972] script not found or unable to stat: /var/www/cgi-bin/admin
[Fri Aug 16 16:48:48.460486 2024] [cgi:error] [pid 84624] [client 10.241.174.109:35036] script not found or unable to stat: /var/www/cgi-bin/index.cfm
[Fri Aug 16 16:48:48.514538 2024] [cgi:error] [pid 84624] [client 10.241.174.109:35134] script not found or unable to stat: /var/www/cgi-bin/info2www
[Fri Aug 16 16:48:48.557741 2024] [cgi:error] [pid 88246] [client 10.241.174.109:35190] attempt to invoke directory as script: /var/www/cgi-bin/
[Fri Aug 16 16:48:48.578885 2024] [cgi:error] [pid 88489] [client 10.241.174.109:35216] script not found or unable to stat: /var/www/cgi-bin/admin.php
[Fri Aug 16 16:48:48.619805 2024] [cgi:error] [pid 88249] [client 10.241.174.109:35258] script not found or unable to stat: /var/www/cgi-bin/mailbox.php3
[Fri Aug 16 16:48:48.730086 2024] [cgi:error] [pid 88249] [client 10.241.174.109:35364] script not found or unable to stat: /var/www/cgi-bin/ikonboard.cgi
[Fri Aug 16 16:48:48.766947 2024] [cgi:error] [pid 88330] [client 10.241.174.109:35402] script not found or unable to stat: /var/www/cgi-bin/ikonboard.cgi
[Fri Aug 16 16:48:48.985967 2024] [cgi:error] [pid 88698] [client 10.241.174.109:35650] script not found or unable to stat: /var/www/cgi-bin/sgdynamo.exe
[Fri Aug 16 16:48:49.009900 2024] [cgi:error] [pid 88248] [client 10.241.174.109:35682] script not found or unable to stat: /var/www/cgi-bin/com5.pl
[Fri Aug 16 16:48:49.168376 2024] [cgi:error] [pid 88249] [client 10.241.174.109:35888] script not found or unable to stat: /var/www/cgi-bin/carbo.dll
[Fri Aug 16 16:48:49.390791 2024] [cgi:error] [pid 88489] [client 10.241.174.109:36196] script not found or unable to stat: /var/www/cgi-bin/about
[Fri Aug 16 16:48:49.480828 2024] [cgi:error] [pid 88330] [client 10.241.174.109:36332] script not found or unable to stat: /var/www/cgi-bin/eclient
[Fri Aug 16 16:48:50.188130 2024] [core:error] [pid 88698] [client 10.241.174.109:37114] AH00126: Invalid URI in request GET /%2e%2e/%2e%2e/%2e%2e/%2e%2e/%2e%2e/%2e%2e/%2e%2e/etc/passwd HTTP/1.1
[Fri Aug 16 16:48:50.198264 2024] [cgi:error] [pid 88330] [client 10.241.174.109:37132] script not found or unable to stat: /var/www/cgi-bin/Web_Store
[Fri Aug 16 16:48:50.208358 2024] [cgi:error] [pid 88249] [client 10.241.174.109:37156] script not found or unable to stat: /var/www/cgi-bin/shopper.cgi
[Fri Aug 16 16:48:50.234021 2024] [cgi:error] [pid 88489] [client 10.241.174.109:37190] script not found or unable to stat: /var/www/cgi-bin/htsearch
[Fri Aug 16 16:48:50.262574 2024] [cgi:error] [pid 88330] [client 10.241.174.109:37222] script not found or unable to stat: /var/www/cgi-bin/htmlscript
[Fri Aug 16 16:48:50.292179 2024] [cgi:error] [pid 84624] [client 10.241.174.109:37272] script not found or unable to stat: /var/www/cgi-bin/htgrep
[Fri Aug 16 16:48:50.321965 2024] [cgi:error] [pid 88698] [client 10.241.174.109:37314] script not found or unable to stat: /var/www/cgi-bin/htsearch
[Fri Aug 16 16:48:50.352365 2024] [cgi:error] [pid 88246] [client 10.241.174.109:37356] script not found or unable to stat: /var/www/cgi-bin/hsx.cgi
[Fri Aug 16 16:48:50.635525 2024] [cgi:error] [pid 88698] [client 10.241.174.109:37722] script not found or unable to stat: /var/www/cgi-bin/index.do
[Fri Aug 16 16:48:50.963110 2024] [cgi:error] [pid 88489] [client 10.241.174.109:38110] script not found or unable to stat: /var/www/cgi-bin/logs
[Fri Aug 16 16:48:50.980310 2024] [cgi:error] [pid 88330] [client 10.241.174.109:38132] script not found or unable to stat: /var/www/cgi-bin/services
[Fri Aug 16 16:48:50.984364 2024] [cgi:error] [pid 88330] [client 10.241.174.109:38132] script not found or unable to stat: /var/www/cgi-bin/services
[Fri Aug 16 16:48:50.987570 2024] [cgi:error] [pid 88330] [client 10.241.174.109:38132] script not found or unable to stat: /var/www/cgi-bin/test.php
[Fri Aug 16 16:48:50.988271 2024] [cgi:error] [pid 88330] [client 10.241.174.109:38132] script not found or unable to stat: /var/www/cgi-bin/docs
[Fri Aug 16 16:48:50.989220 2024] [cgi:error] [pid 88330] [client 10.241.174.109:38132] script not found or unable to stat: /var/www/cgi-bin/lib
[Fri Aug 16 16:48:50.989818 2024] [cgi:error] [pid 88330] [client 10.241.174.109:38132] script not found or unable to stat: /var/www/cgi-bin/status.php3
[Fri Aug 16 16:48:51.035946 2024] [cgi:error] [pid 88489] [client 10.241.174.109:38206] script not found or unable to stat: /var/www/cgi-bin/inc
[Fri Aug 16 16:48:51.087704 2024] [cgi:error] [pid 88248] [client 10.241.174.109:38330] script not found or unable to stat: /var/www/cgi-bin/module.php
[Fri Aug 16 16:48:51.150240 2024] [cgi:error] [pid 88330] [client 10.241.174.109:38482] script not found or unable to stat: /var/www/cgi-bin/login.php
[Fri Aug 16 16:48:51.323798 2024] [cgi:error] [pid 88330] [client 10.241.174.109:38842] script not found or unable to stat: /var/www/cgi-bin/guestbook
[Fri Aug 16 16:48:51.328235 2024] [cgi:error] [pid 88249] [client 10.241.174.109:38848] script not found or unable to stat: /var/www/cgi-bin/cfooter.php3
[Fri Aug 16 16:48:51.367886 2024] [cgi:error] [pid 88248] [client 10.241.174.109:38894] script not found or unable to stat: /var/www/cgi-bin/admin.php
[Fri Aug 16 16:48:51.453685 2024] [cgi:error] [pid 88489] [client 10.241.174.109:38986] script not found or unable to stat: /var/www/cgi-bin/gm.cgi
[Fri Aug 16 16:48:51.473270 2024] [cgi:error] [pid 88249] [client 10.241.174.109:39012] script not found or unable to stat: /var/www/cgi-bin/cgi-bin
[Fri Aug 16 16:48:51.481674 2024] [cgi:error] [pid 88237] [client 10.241.174.109:39024] script not found or unable to stat: /var/www/cgi-bin/library.cgi
[Fri Aug 16 16:48:51.651379 2024] [cgi:error] [pid 88246] [client 10.241.174.109:39240] script not found or unable to stat: /var/www/cgi-bin/HEAD
[Fri Aug 16 16:48:51.655451 2024] [cgi:error] [pid 88489] [client 10.241.174.109:39246] script not found or unable to stat: /var/www/cgi-bin/info
[Fri Aug 16 16:48:51.659875 2024] [cgi:error] [pid 88247] [client 10.241.174.109:39252] script not found or unable to stat: /var/www/cgi-bin/.git
[Fri Aug 16 16:48:51.664628 2024] [cgi:error] [pid 88330] [client 10.241.174.109:39256] script not found or unable to stat: /var/www/cgi-bin/.git
[Fri Aug 16 16:48:51.900085 2024] [cgi:error] [pid 88489] [client 10.241.174.109:39552] script not found or unable to stat: /var/www/cgi-bin/account
[Fri Aug 16 16:48:51.903605 2024] [cgi:error] [pid 88247] [client 10.241.174.109:39554] script not found or unable to stat: /var/www/cgi-bin/account
[Fri Aug 16 16:48:51.956976 2024] [cgi:error] [pid 88698] [client 10.241.174.109:39614] script not found or unable to stat: /var/www/cgi-bin/modules
[Fri Aug 16 16:48:51.960959 2024] [cgi:error] [pid 87872] [client 10.241.174.109:39624] script not found or unable to stat: /var/www/cgi-bin/index.php
[Fri Aug 16 16:48:52.006493 2024] [cgi:error] [pid 88247] [client 10.241.174.109:39672] script not found or unable to stat: /var/www/cgi-bin/tombstone.cfm
[Fri Aug 16 16:48:52.034200 2024] [cgi:error] [pid 87872] [client 10.241.174.109:39708] script not found or unable to stat: /var/www/cgi-bin/search.cfm
[Fri Aug 16 16:48:52.041758 2024] [cgi:error] [pid 88246] [client 10.241.174.109:39716] script not found or unable to stat: /var/www/cgi-bin/search.aspx
[Fri Aug 16 16:48:52.101774 2024] [cgi:error] [pid 88489] [client 10.241.174.109:39784] script not found or unable to stat: /var/www/cgi-bin/ftp
[Fri Aug 16 16:48:52.182449 2024] [cgi:error] [pid 88698] [client 10.241.174.109:39882] script not found or unable to stat: /var/www/cgi-bin/recordings
[Fri Aug 16 16:48:52.186818 2024] [cgi:error] [pid 87872] [client 10.241.174.109:39886] attempt to invoke directory as script: /var/www/cgi-bin/
[Fri Aug 16 16:48:52.243662 2024] [cgi:error] [pid 88330] [client 10.241.174.109:39952] script not found or unable to stat: /var/www/cgi-bin/view
[Fri Aug 16 16:48:52.631302 2024] [cgi:error] [pid 88246] [client 10.241.174.109:40476] script not found or unable to stat: /var/www/cgi-bin/admin
[Fri Aug 16 16:48:52.715522 2024] [cgi:error] [pid 88330] [client 10.241.174.109:40548] script not found or unable to stat: /var/www/cgi-bin/faxsurvey
[Fri Aug 16 16:48:52.810178 2024] [cgi:error] [pid 87872] [client 10.241.174.109:40688] script not found or unable to stat: /var/www/cgi-bin/loadpage.cgi
[Fri Aug 16 16:48:52.816198 2024] [cgi:error] [pid 88246] [client 10.241.174.109:40698] script not found or unable to stat: /var/www/cgi-bin/search.cgi
[Fri Aug 16 16:48:52.868405 2024] [cgi:error] [pid 88248] [client 10.241.174.109:40752] script not found or unable to stat: /var/www/cgi-bin/settings
[Fri Aug 16 16:48:52.991123 2024] [cgi:error] [pid 88249] [client 10.241.174.109:40892] script not found or unable to stat: /var/www/cgi-bin/login.php
[Fri Aug 16 16:48:52.994902 2024] [cgi:error] [pid 88698] [client 10.241.174.109:40896] script not found or unable to stat: /var/www/cgi-bin/admin
[Fri Aug 16 16:48:53.030021 2024] [cgi:error] [pid 87872] [client 10.241.174.109:40940] script not found or unable to stat: /var/www/cgi-bin/search.php
[Fri Aug 16 16:48:53.071741 2024] [cgi:error] [pid 88489] [client 10.241.174.109:40992] script not found or unable to stat: /var/www/cgi-bin/services
[Fri Aug 16 16:48:53.083859 2024] [cgi:error] [pid 88698] [client 10.241.174.109:41002] script not found or unable to stat: /var/www/cgi-bin/services
[Fri Aug 16 16:48:53.125217 2024] [cgi:error] [pid 88249] [client 10.241.174.109:41048] script not found or unable to stat: /var/www/cgi-bin/EucalyptusWebBackend
[Fri Aug 16 16:48:53.143887 2024] [cgi:error] [pid 88246] [client 10.241.174.109:41068] attempt to invoke directory as script: /var/www/cgi-bin/
[Fri Aug 16 16:48:53.216808 2024] [cgi:error] [pid 87872] [client 10.241.174.109:41168] script not found or unable to stat: /var/www/cgi-bin/ericom.min.js
[Fri Aug 16 16:48:53.306934 2024] [cgi:error] [pid 88698] [client 10.241.174.109:41282] script not found or unable to stat: /var/www/cgi-bin/empower
[Fri Aug 16 16:48:53.461508 2024] [cgi:error] [pid 88249] [client 10.241.174.109:41490] attempt to invoke directory as script: /var/www/cgi-bin/
[Fri Aug 16 16:48:53.491128 2024] [cgi:error] [pid 88489] [client 10.241.174.109:41526] script not found or unable to stat: /var/www/cgi-bin/index.php
[Fri Aug 16 16:48:53.513373 2024] [cgi:error] [pid 88248] [client 10.241.174.109:41548] script not found or unable to stat: /var/www/cgi-bin/listing.php
