[Fri Aug 16 16:47:02.280219 2024] [core:error] [pid 88249] [client 10.241.174.109:51006] AH00135: Invalid method in request PRIWQT / HTTP/1.1
[Fri Aug 16 16:47:03.635000 2024] [cgi:error] [pid 88249] [client 10.241.174.109:54198] attempt to invoke directory as script: /var/www/cgi-bin/
[Fri Aug 16 16:47:03.644290 2024] [cgi:error] [pid 84624] [client 10.241.174.109:54342] script not found or unable to stat: /var/www/cgi-bin/NonExistent.html
[Fri Aug 16 16:47:04.921462 2024] [cgi:error] [pid 88247] [client 10.241.174.109:56736] script not found or unable to stat: /var/www/cgi-bin/dada
[Fri Aug 16 16:47:04.923172 2024] [cgi:error] [pid 88247] [client 10.241.174.109:56736] script not found or unable to stat: /var/www/cgi-bin/eboard40
[Fri Aug 16 16:47:04.926061 2024] [cgi:error] [pid 88247] [client 10.241.174.109:56736] script not found or unable to stat: /var/www/cgi-bin/mt
[Fri Aug 16 16:47:04.927973 2024] [cgi:error] [pid 88247] [client 10.241.174.109:56736] script not found or unable to stat: /var/www/cgi-bin/openwebmail
[Fri Aug 16 16:47:04.932890 2024] [cgi:error] [pid 88247] [client 10.241.174.109:56736] script not found or unable to stat: /var/www/cgi-bin/sysinfo
[Fri Aug 16 16:47:04.934058 2024] [cgi:error] [pid 88247] [client 10.241.174.109:56736] script not found or unable to stat: /var/www/cgi-bin/twiki
[Fri Aug 16 16:47:04.934836 2024] [cgi:error] [pid 88247] [client 10.241.174.109:56736] script not found or unable to stat: /var/www/cgi-bin/viewvc.cgi
[Fri Aug 16 16:48:32.942624 2024] [cgi:error] [pid 88248] [client 10.241.174.109:58248] attempt to invoke directory as script: /var/www/cgi-bin/
[Fri Aug 16 16:48:33.009549 2024] [cgi:error] [pid 88247] [client 10.241.174.109:58418] script not found or unable to stat: /var/www/cgi-bin/AmS6RiQrQxjv.html
[Fri Aug 16 16:48:33.010339 2024] [cgi:error] [pid 88247] [client 10.241.174.109:58418] script not found or unable to stat: /var/www/cgi-bin/AmS6RiQrQxjv.cgi
[Fri Aug 16 16:48:33.011228 2024] [cgi:error] [pid 88247] [client 10.241.174.109:58418] script not found or unable to stat: /var/www/cgi-bin/AmS6RiQrQxjv.sh
[Fri Aug 16 16:48:33.011988 2024] [cgi:error] [pid 88247] [client 10.241.174.109:58418] script not found or unable to stat: /var/www/cgi-bin/AmS6RiQrQxjv.pl
[Fri Aug 16 16:48:33.012757 2024] [cgi:error] [pid 88247] [client 10.241.174.109:58418] script not found or unable to stat: /var/www/cgi-bin/AmS6RiQrQxjv.inc
[Fri Aug 16 16:48:33.015190 2024] [cgi:error] [pid 88247] [client 10.241.174.109:58418] script not found or unable to stat: /var/www/cgi-bin/AmS6RiQrQxjv.shtml
[Fri Aug 16 16:48:33.016011 2024] [cgi:error] [pid 88247] [client 10.241.174.109:58418] script not found or unable to stat: /var/www/cgi-bin/AmS6RiQrQxjv.asp
[Fri Aug 16 16:48:33.016835 2024] [cgi:error] [pid 88247] [client 10.241.174.109:58418] script not found or unable to stat: /var/www/cgi-bin/AmS6RiQrQxjv.php
[Fri Aug 16 16:48:33.017624 2024] [cgi:error] [pid 88247] [client 10.241.174.109:58418] script not found or unable to stat: /var/www/cgi-bin/AmS6RiQrQxjv.php3
[Fri Aug 16 16:48:33.018415 2024] [cgi:error] [pid 88247] [client 10.241.174.109:58418] script not found or unable to stat: /var/www/cgi-bin/AmS6RiQrQxjv.cfm
[Fri Aug 16 16:48:33.117270 2024] [cgi:error] [pid 88247] [client 10.241.174.109:58768] script not found or unable to stat: /var/www/cgi-bin/zml.cgi
[Fri Aug 16 16:48:33.146108 2024] [cgi:error] [pid 88248] [client 10.241.174.109:58876] script not found or unable to stat: /var/www/cgi-bin/news.mdb
[Fri Aug 16 16:48:33.175960 2024] [cgi:error] [pid 84624] [client 10.241.174.109:58994] script not found or unable to stat: /var/www/cgi-bin/admin.php
[Fri Aug 16 16:48:33.195695 2024] [cgi:error] [pid 88247] [client 10.241.174.109:59082] script not found or unable to stat: /var/www/cgi-bin/_head.php
[Fri Aug 16 16:48:33.216531 2024] [cgi:error] [pid 88248] [client 10.241.174.109:59190] attempt to invoke directory as script: /var/www/cgi-bin/
[Fri Aug 16 16:48:33.276479 2024] [cgi:error] [pid 88247] [client 10.241.174.109:59420] attempt to invoke directory as script: /var/www/cgi-bin/
[Fri Aug 16 16:48:33.300795 2024] [cgi:error] [pid 88248] [client 10.241.174.109:59514] script not found or unable to stat: /var/www/cgi-bin/index.php
[Fri Aug 16 16:48:33.339581 2024] [cgi:error] [pid 88248] [client 10.241.174.109:59652] script not found or unable to stat: /var/www/cgi-bin/index.php
[Fri Aug 16 16:48:33.484430 2024] [cgi:error] [pid 87872] [client 10.241.174.109:60072] script not found or unable to stat: /var/www/cgi-bin/index.php
[Fri Aug 16 16:48:33.552372 2024] [cgi:error] [pid 88247] [client 10.241.174.109:60236] script not found or unable to stat: /var/www/cgi-bin/YaBB.pl
[Fri Aug 16 16:48:33.583908 2024] [cgi:error] [pid 88489] [client 10.241.174.109:60328] script not found or unable to stat: /var/www/cgi-bin/YaBB.pl
[Fri Aug 16 16:48:33.621677 2024] [cgi:error] [pid 88247] [client 10.241.174.109:60464] script not found or unable to stat: /var/www/cgi-bin/lostpass.php
[Fri Aug 16 16:48:33.640488 2024] [cgi:error] [pid 88248] [client 10.241.174.109:60522] script not found or unable to stat: /var/www/cgi-bin/x_news.php
[Fri Aug 16 16:48:33.660217 2024] [cgi:error] [pid 87872] [client 10.241.174.109:60596] script not found or unable to stat: /var/www/cgi-bin/misc.php
[Fri Aug 16 16:48:33.689684 2024] [cgi:error] [pid 87872] [client 10.241.174.109:60712] script not found or unable to stat: /var/www/cgi-bin/misc.php
[Fri Aug 16 16:48:33.703516 2024] [cgi:error] [pid 88330] [client 10.241.174.109:60760] attempt to invoke directory as script: /var/www/cgi-bin/
[Fri Aug 16 16:48:33.714592 2024] [cgi:error] [pid 87872] [client 10.241.174.109:60788] script not found or unable to stat: /var/www/cgi-bin/index.php
[Fri Aug 16 16:48:33.744418 2024] [cgi:error] [pid 88248] [client 10.241.174.109:60936] script not found or unable to stat: /var/www/cgi-bin/wwwboard.html
[Fri Aug 16 16:48:33.770037 2024] [cgi:error] [pid 88698] [client 10.241.174.109:32814] script not found or unable to stat: /var/www/cgi-bin/page
[Fri Aug 16 16:48:33.774279 2024] [cgi:error] [pid 88330] [client 10.241.174.109:32832] script not found or unable to stat: /var/www/cgi-bin/login
[Fri Aug 16 16:48:33.799726 2024] [cgi:error] [pid 84624] [client 10.241.174.109:32960] script not found or unable to stat: /var/www/cgi-bin/view_user.php
[Fri Aug 16 16:48:33.822791 2024] [cgi:error] [pid 88489] [client 10.241.174.109:33060] script not found or unable to stat: /var/www/cgi-bin/logbook.pl
[Fri Aug 16 16:48:33.833688 2024] [cgi:error] [pid 87872] [client 10.241.174.109:33094] attempt to invoke directory as script: /var/www/cgi-bin/
[Fri Aug 16 16:48:33.863062 2024] [cgi:error] [pid 87872] [client 10.241.174.109:33184] script not found or unable to stat: /var/www/cgi-bin/inc
[Fri Aug 16 16:48:33.863385 2024] [cgi:error] [pid 88248] [client 10.241.174.109:33186] script not found or unable to stat: /var/www/cgi-bin/index.php
[Fri Aug 16 16:48:33.881330 2024] [cgi:error] [pid 88698] [client 10.241.174.109:33240] script not found or unable to stat: /var/www/cgi-bin/!pwds.txt
[Fri Aug 16 16:48:33.905678 2024] [cgi:error] [pid 88248] [client 10.241.174.109:33330] script not found or unable to stat: /var/www/cgi-bin/wc.dll
[Fri Aug 16 16:48:33.926043 2024] [cgi:error] [pid 87872] [client 10.241.174.109:33400] script not found or unable to stat: /var/www/cgi-bin/webwho.pl
[Fri Aug 16 16:48:33.948465 2024] [cgi:error] [pid 88248] [client 10.241.174.109:33480] script not found or unable to stat: /var/www/cgi-bin/webspirs.cgi
[Fri Aug 16 16:48:33.964749 2024] [cgi:error] [pid 88698] [client 10.241.174.109:33538] script not found or unable to stat: /var/www/cgi-bin/SnoopServlet
[Fri Aug 16 16:48:33.970445 2024] [cgi:error] [pid 84624] [client 10.241.174.109:33558] script not found or unable to stat: /var/www/cgi-bin/snoopservlet
[Fri Aug 16 16:48:33.975795 2024] [cgi:error] [pid 88246] [client 10.241.174.109:33574] script not found or unable to stat: /var/www/cgi-bin/snoop
[Fri Aug 16 16:48:33.986861 2024] [cgi:error] [pid 88489] [client 10.241.174.109:33610] script not found or unable to stat: /var/www/cgi-bin/cgiip.exe
[Fri Aug 16 16:48:33.991508 2024] [cgi:error] [pid 88698] [client 10.241.174.109:33624] script not found or unable to stat: /var/www/cgi-bin/wsisa.dll
[Fri Aug 16 16:48:33.995890 2024] [cgi:error] [pid 88246] [client 10.241.174.109:33638] script not found or unable to stat: /var/www/cgi-bin/wsasp.dll
[Fri Aug 16 16:48:34.000394 2024] [cgi:error] [pid 87872] [client 10.241.174.109:33652] script not found or unable to stat: /var/www/cgi-bin/wsnsa.dll
[Fri Aug 16 16:48:34.004635 2024] [cgi:error] [pid 88248] [client 10.241.174.109:33664] script not found or unable to stat: /var/www/cgi-bin/wspd_cgi.sh
[Fri Aug 16 16:48:34.111970 2024] [cgi:error] [pid 88248] [client 10.241.174.109:34000] script not found or unable to stat: /var/www/cgi-bin/webplus.exe
[Fri Aug 16 16:48:34.132347 2024] [cgi:error] [pid 84624] [client 10.241.174.109:34072] script not found or unable to stat: /var/www/cgi-bin/webplus
[Fri Aug 16 16:48:34.163608 2024] [cgi:error] [pid 87872] [client 10.241.174.109:34166] script not found or unable to stat: /var/www/cgi-bin/index.php
[Fri Aug 16 16:48:34.199414 2024] [cgi:error] [pid 84624] [client 10.241.174.109:34284] script not found or unable to stat: /var/www/cgi-bin/index.jsp
[Fri Aug 16 16:48:34.203469 2024] [cgi:error] [pid 88248] [client 10.241.174.109:34290] script not found or unable to stat: /var/www/cgi-bin/index.jsp
[Fri Aug 16 16:48:34.266285 2024] [cgi:error] [pid 88237] [client 10.241.174.109:34526] script not found or unable to stat: /var/www/cgi-bin/index.jsp
[Fri Aug 16 16:48:34.276958 2024] [cgi:error] [pid 88330] [client 10.241.174.109:34578] script not found or unable to stat: /var/www/cgi-bin/webglimpse.cgi
[Fri Aug 16 16:48:34.304211 2024] [cgi:error] [pid 88248] [client 10.241.174.109:34710] script not found or unable to stat: /var/www/cgi-bin/logicworks.ini
[Fri Aug 16 16:48:34.356602 2024] [cgi:error] [pid 88247] [client 10.241.174.109:34908] script not found or unable to stat: /var/www/cgi-bin/month.php
[Fri Aug 16 16:48:34.370448 2024] [cgi:error] [pid 88698] [client 10.241.174.109:34954] script not found or unable to stat: /var/www/cgi-bin/webc.cgi
[Fri Aug 16 16:48:34.387077 2024] [cgi:error] [pid 88248] [client 10.241.174.109:35044] script not found or unable to stat: /var/www/cgi-bin/index.cgi
[Fri Aug 16 16:48:34.509823 2024] [core:error] [pid 88247] [client 10.241.174.109:35552] AH00126: Invalid URI in request GET /../../../../../../../../../../../../windows/win.ini HTTP/1.1
[Fri Aug 16 16:48:34.517356 2024] [core:error] [pid 88248] [client 10.241.174.109:35576] AH00126: Invalid URI in request GET /../../../../../../../../../../../../winnt/win.ini HTTP/1.1
[Fri Aug 16 16:48:34.521799 2024] [core:error] [pid 88237] [client 10.241.174.109:35594] AH00126: Invalid URI in request GET ../../../../../../../../../../../../windows/win.ini HTTP/1.1
[Fri Aug 16 16:48:34.526863 2024] [core:error] [pid 88246] [client 10.241.174.109:35610] AH00126: Invalid URI in request GET ../../../../../../../../../../../../winnt/win.ini HTTP/1.1
[Fri Aug 16 16:48:34.531822 2024] [core:error] [pid 88330] [client 10.241.174.109:35634] AH00126: Invalid URI in request GET ..\\..\\..\\..\\..\\..\\..\\..\\..\\..\\windows\\win.ini HTTP/1.1
[Fri Aug 16 16:48:34.536300 2024] [core:error] [pid 84624] [client 10.241.174.109:35648] AH00126: Invalid URI in request GET ..\\..\\..\\..\\..\\..\\..\\..\\..\\..\\winnt\\win.ini HTTP/1.1
[Fri Aug 16 16:48:34.619174 2024] [core:error] [pid 88246] [client 10.241.174.109:35838] AH00126: Invalid URI in request GET /%2e%2e/%2e%2e/%2e%2e/%2e%2e/%2e%2e/%2e%2e/%2e%2e/%2e%2e/%2e%2e/%2e%2e/%2e%2e/windows/win.ini HTTP/1.1
[Fri Aug 16 16:48:34.629441 2024] [core:error] [pid 88330] [client 10.241.174.109:35874] AH00126: Invalid URI in request GET /%2e%2e/%2e%2e/%2e%2e/%2e%2e/%2e%2e/%2e%2e/%2e%2e/%2e%2e/%2e%2e/%2e%2e/%2e%2e/winnt/win.ini HTTP/1.1
[Fri Aug 16 16:48:34.646687 2024] [core:error] [pid 87872] [client 10.241.174.109:35924] AH00126: Invalid URI in request GET %5c%2e%2e%5c%2e%2e%5c%2e%2e%5c%2e%2e%5c%2e%2e%5c%2e%2e%5c%2e%2e%5c%2e%2e%5c%2e%2e%5c%2e%2e%5c%2e%2e%5cwinnt%5cwin.ini HTTP/1.1
[Fri Aug 16 16:48:34.699773 2024] [core:error] [pid 88246] [client 10.241.174.109:36080] AH00126: Invalid URI in request GET /././././././../../../../../windows/win.ini HTTP/1.1
[Fri Aug 16 16:48:34.704092 2024] [core:error] [pid 88330] [client 10.241.174.109:36092] AH00126: Invalid URI in request GET /././././././../../../../../winnt/win.ini HTTP/1.1
[Fri Aug 16 16:48:34.711294 2024] [core:error] [pid 88698] [client 10.241.174.109:36110] AH00126: Invalid URI in request GET .\\.\\.\\.\\.\\.\\.\\.\\.\\.\\/windows/win.ini HTTP/1.1
[Fri Aug 16 16:48:34.715811 2024] [cgi:error] [pid 88247] [client 10.241.174.109:36122] script not found or unable to stat: /var/www/cgi-bin/www.taas-prod.cise.ufl.z
[Fri Aug 16 16:48:34.716918 2024] [core:error] [pid 87872] [client 10.241.174.109:36126] AH00126: Invalid URI in request GET .\\.\\.\\.\\.\\.\\.\\.\\.\\.\\/winnt/win.ini HTTP/1.1
[Fri Aug 16 16:48:34.720280 2024] [cgi:error] [pid 88248] [client 10.241.174.109:36140] script not found or unable to stat: /var/www/cgi-bin/taas-prod.cise.ufl.z
[Fri Aug 16 16:48:34.726617 2024] [cgi:error] [pid 88237] [client 10.241.174.109:36166] script not found or unable to stat: /var/www/cgi-bin/www.taas-prod.cise.ufl.edu.z
[Fri Aug 16 16:48:34.731804 2024] [cgi:error] [pid 84624] [client 10.241.174.109:36192] script not found or unable to stat: /var/www/cgi-bin/taas-prod.cise.ufl.edu.z
[Fri Aug 16 16:48:34.742630 2024] [cgi:error] [pid 88247] [client 10.241.174.109:36206] script not found or unable to stat: /var/www/cgi-bin/www.taas-prod.cise.ufl.Z
[Fri Aug 16 16:48:34.749816 2024] [cgi:error] [pid 88246] [client 10.241.174.109:36234] script not found or unable to stat: /var/www/cgi-bin/taas-prod.cise.ufl.Z
[Fri Aug 16 16:48:34.754633 2024] [cgi:error] [pid 88330] [client 10.241.174.109:36242] script not found or unable to stat: /var/www/cgi-bin/www.taas-prod.cise.ufl.edu.Z
[Fri Aug 16 16:48:34.762998 2024] [cgi:error] [pid 88698] [client 10.241.174.109:36270] script not found or unable to stat: /var/www/cgi-bin/taas-prod.cise.ufl.edu.Z
[Fri Aug 16 16:48:34.769746 2024] [cgi:error] [pid 88248] [client 10.241.174.109:36294] script not found or unable to stat: /var/www/cgi-bin/www.taas-prod.cise.ufl.7z
[Fri Aug 16 16:48:34.776444 2024] [cgi:error] [pid 88237] [client 10.241.174.109:36312] script not found or unable to stat: /var/www/cgi-bin/taas-prod.cise.ufl.7z
[Fri Aug 16 16:48:34.782178 2024] [cgi:error] [pid 84624] [client 10.241.174.109:36334] script not found or unable to stat: /var/www/cgi-bin/www.taas-prod.cise.ufl.edu.7z
[Fri Aug 16 16:48:34.787924 2024] [cgi:error] [pid 88698] [client 10.241.174.109:36342] script not found or unable to stat: /var/www/cgi-bin/taas-prod.cise.ufl.edu.7z
[Fri Aug 16 16:48:34.792607 2024] [cgi:error] [pid 88248] [client 10.241.174.109:36356] script not found or unable to stat: /var/www/cgi-bin/www.taas-prod.cise.ufl.rar
[Fri Aug 16 16:48:34.799392 2024] [core:error] [pid 88330] [client 10.241.174.109:36382] AH00126: Invalid URI in request GET /../../../../../../../../../../../../etc/passwd HTTP/1.1
[Fri Aug 16 16:48:34.800225 2024] [cgi:error] [pid 88237] [client 10.241.174.109:36388] script not found or unable to stat: /var/www/cgi-bin/taas-prod.cise.ufl.rar
[Fri Aug 16 16:48:34.804742 2024] [core:error] [pid 84624] [client 10.241.174.109:36400] AH00126: Invalid URI in request GET /./../../../../../../../../../../../etc/passwd HTTP/1.1
[Fri Aug 16 16:48:34.805901 2024] [cgi:error] [pid 87872] [client 10.241.174.109:36402] script not found or unable to stat: /var/www/cgi-bin/www.taas-prod.cise.ufl.edu.rar
[Fri Aug 16 16:48:34.811135 2024] [cgi:error] [pid 88698] [client 10.241.174.109:36428] script not found or unable to stat: /var/www/cgi-bin/taas-prod.cise.ufl.edu.rar
[Fri Aug 16 16:48:34.812484 2024] [core:error] [pid 88247] [client 10.241.174.109:36434] AH00126: Invalid URI in request GET //../../../../../../../../../../../../etc/passwd HTTP/1.1
[Fri Aug 16 16:48:34.816310 2024] [cgi:error] [pid 88246] [client 10.241.174.109:36444] script not found or unable to stat: /var/www/cgi-bin/www.taas-prod.cise.ufl.war
[Fri Aug 16 16:48:34.820846 2024] [cgi:error] [pid 88330] [client 10.241.174.109:36468] script not found or unable to stat: /var/www/cgi-bin/taas-prod.cise.ufl.war
[Fri Aug 16 16:48:34.821093 2024] [core:error] [pid 88237] [client 10.241.174.109:36472] AH00126: Invalid URI in request GET /%2e%2e/%2e%2e/%2e%2e/%2e%2e/%2e%2e/%2e%2e/%2e%2e/%2e%2e/%2e%2e/%2e%2e/%2e%2e/%2e%2e/etc/passwd HTTP/1.1
[Fri Aug 16 16:48:34.825236 2024] [cgi:error] [pid 87872] [client 10.241.174.109:36488] script not found or unable to stat: /var/www/cgi-bin/www.taas-prod.cise.ufl.edu.war
[Fri Aug 16 16:48:34.828989 2024] [cgi:error] [pid 88698] [client 10.241.174.109:36500] script not found or unable to stat: /var/www/cgi-bin/taas-prod.cise.ufl.edu.war
[Fri Aug 16 16:48:34.832890 2024] [cgi:error] [pid 88246] [client 10.241.174.109:36518] script not found or unable to stat: /var/www/cgi-bin/www.taas-prod.cise.ufl.jar
[Fri Aug 16 16:48:34.836758 2024] [cgi:error] [pid 88330] [client 10.241.174.109:36536] script not found or unable to stat: /var/www/cgi-bin/taas-prod.cise.ufl.jar
[Fri Aug 16 16:48:34.838033 2024] [core:error] [pid 88237] [client 10.241.174.109:36542] AH00126: Invalid URI in request GET /././././././../../../../../etc/passwd HTTP/1.1
[Fri Aug 16 16:48:34.841718 2024] [cgi:error] [pid 87872] [client 10.241.174.109:36552] script not found or unable to stat: /var/www/cgi-bin/www.taas-prod.cise.ufl.edu.jar
[Fri Aug 16 16:48:34.846037 2024] [cgi:error] [pid 88698] [client 10.241.174.109:36572] script not found or unable to stat: /var/www/cgi-bin/taas-prod.cise.ufl.edu.jar
[Fri Aug 16 16:48:34.850664 2024] [cgi:error] [pid 88246] [client 10.241.174.109:36592] script not found or unable to stat: /var/www/cgi-bin/www.taas-prod.cise.ufl.zip
[Fri Aug 16 16:48:34.856897 2024] [cgi:error] [pid 88330] [client 10.241.174.109:36612] script not found or unable to stat: /var/www/cgi-bin/taas-prod.cise.ufl.zip
[Fri Aug 16 16:48:34.862773 2024] [cgi:error] [pid 84624] [client 10.241.174.109:36640] script not found or unable to stat: /var/www/cgi-bin/www.taas-prod.cise.ufl.edu.zip
[Fri Aug 16 16:48:34.866589 2024] [cgi:error] [pid 88247] [client 10.241.174.109:36656] script not found or unable to stat: /var/www/cgi-bin/taas-prod.cise.ufl.edu.zip
[Fri Aug 16 16:48:34.870649 2024] [cgi:error] [pid 88246] [client 10.241.174.109:36662] script not found or unable to stat: /var/www/cgi-bin/YaBB.pl
[Fri Aug 16 16:48:34.871084 2024] [cgi:error] [pid 88248] [client 10.241.174.109:36664] script not found or unable to stat: /var/www/cgi-bin/www.taas-prod.cise.ufl.bz2
[Fri Aug 16 16:48:34.875162 2024] [cgi:error] [pid 88237] [client 10.241.174.109:36678] script not found or unable to stat: /var/www/cgi-bin/taas-prod.cise.ufl.bz2
[Fri Aug 16 16:48:34.879505 2024] [cgi:error] [pid 87872] [client 10.241.174.109:36692] script not found or unable to stat: /var/www/cgi-bin/www.taas-prod.cise.ufl.edu.bz2
[Fri Aug 16 16:48:34.883568 2024] [cgi:error] [pid 88698] [client 10.241.174.109:36716] script not found or unable to stat: /var/www/cgi-bin/taas-prod.cise.ufl.edu.bz2
[Fri Aug 16 16:48:34.887675 2024] [cgi:error] [pid 88248] [client 10.241.174.109:36734] script not found or unable to stat: /var/www/cgi-bin/www.taas-prod.cise.ufl.tar.bz2
[Fri Aug 16 16:48:34.888048 2024] [cgi:error] [pid 88246] [client 10.241.174.109:36738] script not found or unable to stat: /var/www/cgi-bin/index.php
[Fri Aug 16 16:48:34.891741 2024] [cgi:error] [pid 88237] [client 10.241.174.109:36752] script not found or unable to stat: /var/www/cgi-bin/taas-prod.cise.ufl.tar.bz2
[Fri Aug 16 16:48:34.898846 2024] [cgi:error] [pid 87872] [client 10.241.174.109:36774] script not found or unable to stat: /var/www/cgi-bin/www.taas-prod.cise.ufl.edu.tar.bz2
[Fri Aug 16 16:48:34.904375 2024] [cgi:error] [pid 88698] [client 10.241.174.109:36792] script not found or unable to stat: /var/www/cgi-bin/taas-prod.cise.ufl.edu.tar.bz2
[Fri Aug 16 16:48:34.909224 2024] [cgi:error] [pid 88248] [client 10.241.174.109:36810] script not found or unable to stat: /var/www/cgi-bin/www.taas-prod.cise.ufl.tgz
[Fri Aug 16 16:48:34.913215 2024] [cgi:error] [pid 88246] [client 10.241.174.109:36818] script not found or unable to stat: /var/www/cgi-bin/ustorekeeper.pl
[Fri Aug 16 16:48:34.913548 2024] [cgi:error] [pid 88237] [client 10.241.174.109:36824] script not found or unable to stat: /var/www/cgi-bin/taas-prod.cise.ufl.tgz
[Fri Aug 16 16:48:34.918071 2024] [cgi:error] [pid 87872] [client 10.241.174.109:36840] script not found or unable to stat: /var/www/cgi-bin/www.taas-prod.cise.ufl.edu.tgz
[Fri Aug 16 16:48:34.922590 2024] [cgi:error] [pid 84624] [client 10.241.174.109:36858] script not found or unable to stat: /var/www/cgi-bin/taas-prod.cise.ufl.edu.tgz
[Fri Aug 16 16:48:34.931811 2024] [cgi:error] [pid 88247] [client 10.241.174.109:36876] script not found or unable to stat: /var/www/cgi-bin/www.taas-prod.cise.ufl.gz
[Fri Aug 16 16:48:34.936785 2024] [cgi:error] [pid 87872] [client 10.241.174.109:36922] script not found or unable to stat: /var/www/cgi-bin/taas-prod.cise.ufl.gz
[Fri Aug 16 16:48:34.937900 2024] [cgi:error] [pid 88330] [client 10.241.174.109:36930] script not found or unable to stat: /var/www/cgi-bin/main.cgi
[Fri Aug 16 16:48:34.942954 2024] [cgi:error] [pid 84624] [client 10.241.174.109:36940] script not found or unable to stat: /var/www/cgi-bin/www.taas-prod.cise.ufl.edu.gz
[Fri Aug 16 16:48:34.948786 2024] [cgi:error] [pid 88246] [client 10.241.174.109:36960] script not found or unable to stat: /var/www/cgi-bin/taas-prod.cise.ufl.edu.gz
[Fri Aug 16 16:48:34.953781 2024] [cgi:error] [pid 88237] [client 10.241.174.109:36976] script not found or unable to stat: /var/www/cgi-bin/www.taas-prod.cise.ufl.tar.gz
[Fri Aug 16 16:48:34.957661 2024] [cgi:error] [pid 87872] [client 10.241.174.109:36992] script not found or unable to stat: /var/www/cgi-bin/store.cgi
[Fri Aug 16 16:48:34.958356 2024] [cgi:error] [pid 88330] [client 10.241.174.109:36998] script not found or unable to stat: /var/www/cgi-bin/taas-prod.cise.ufl.tar.gz
[Fri Aug 16 16:48:34.964809 2024] [cgi:error] [pid 84624] [client 10.241.174.109:37020] script not found or unable to stat: /var/www/cgi-bin/www.taas-prod.cise.ufl.edu.tar.gz
[Fri Aug 16 16:48:34.972083 2024] [cgi:error] [pid 88246] [client 10.241.174.109:37032] script not found or unable to stat: /var/www/cgi-bin/taas-prod.cise.ufl.edu.tar.gz
[Fri Aug 16 16:48:34.977209 2024] [cgi:error] [pid 88237] [client 10.241.174.109:37048] script not found or unable to stat: /var/www/cgi-bin/www.taas-prod.cise.ufl.tar
[Fri Aug 16 16:48:34.982287 2024] [cgi:error] [pid 88330] [client 10.241.174.109:37058] script not found or unable to stat: /var/www/cgi-bin/taas-prod.cise.ufl.tar
[Fri Aug 16 16:48:34.988165 2024] [cgi:error] [pid 88698] [client 10.241.174.109:37066] script not found or unable to stat: /var/www/cgi-bin/www.taas-prod.cise.ufl.edu.tar
[Fri Aug 16 16:48:34.992591 2024] [cgi:error] [pid 88248] [client 10.241.174.109:37080] script not found or unable to stat: /var/www/cgi-bin/taas-prod.cise.ufl.edu.tar
[Fri Aug 16 16:48:34.996345 2024] [cgi:error] [pid 88246] [client 10.241.174.109:37088] script not found or unable to stat: /var/www/cgi-bin/search.cgi
[Fri Aug 16 16:48:35.001088 2024] [cgi:error] [pid 88237] [client 10.241.174.109:37106] script not found or unable to stat: /var/www/cgi-bin/search.cgi
[Fri Aug 16 16:48:35.038810 2024] [core:error] [pid 88330] [client 10.241.174.109:37250] AH00126: Invalid URI in request GET ..\\..\\..\\..\\..\\..\\windows\\win.ini HTTP/1.1
[Fri Aug 16 16:48:35.043333 2024] [core:error] [pid 88248] [client 10.241.174.109:37270] AH00126: Invalid URI in request GET ..\\..\\..\\..\\..\\..\\winnt\\win.ini HTTP/1.1
[Fri Aug 16 16:48:35.062199 2024] [cgi:error] [pid 88248] [client 10.241.174.109:37338] script not found or unable to stat: /var/www/cgi-bin/bigconf.cgi
[Fri Aug 16 16:48:35.096655 2024] [cgi:error] [pid 88247] [client 10.241.174.109:37440] script not found or unable to stat: /var/www/cgi-bin/bb-hist.sh
[Fri Aug 16 16:48:35.162011 2024] [cgi:error] [pid 88237] [client 10.241.174.109:37614] script not found or unable to stat: /var/www/cgi-bin/way-board
[Fri Aug 16 16:48:35.257693 2024] [cgi:error] [pid 88247] [client 10.241.174.109:37902] script not found or unable to stat: /var/www/cgi-bin/login.php
[Fri Aug 16 16:48:35.278112 2024] [cgi:error] [pid 88247] [client 10.241.174.109:37990] script not found or unable to stat: /var/www/cgi-bin/modules.php
[Fri Aug 16 16:48:35.478496 2024] [cgi:error] [pid 88489] [client 10.241.174.109:38562] script not found or unable to stat: /var/www/cgi-bin/about
[Fri Aug 16 16:48:35.573543 2024] [cgi:error] [pid 88246] [client 10.241.174.109:38840] script not found or unable to stat: /var/www/cgi-bin/index.php
[Fri Aug 16 16:48:35.581569 2024] [cgi:error] [pid 88698] [client 10.241.174.109:38884] attempt to invoke directory as script: /var/www/cgi-bin/
[Fri Aug 16 16:48:35.597721 2024] [cgi:error] [pid 88246] [client 10.241.174.109:38936] attempt to invoke directory as script: /var/www/cgi-bin/
[Fri Aug 16 16:48:35.626852 2024] [cgi:error] [pid 88248] [client 10.241.174.109:39006] script not found or unable to stat: /var/www/cgi-bin/portal
[Fri Aug 16 16:48:35.637592 2024] [cgi:error] [pid 88246] [client 10.241.174.109:39040] attempt to invoke directory as script: /var/www/cgi-bin/
[Fri Aug 16 16:48:35.658804 2024] [cgi:error] [pid 88246] [client 10.241.174.109:39126] script not found or unable to stat: /var/www/cgi-bin/viewpage.php
[Fri Aug 16 16:48:35.682783 2024] [cgi:error] [pid 88248] [client 10.241.174.109:39224] script not found or unable to stat: /var/www/cgi-bin/viewcvs.cgi
[Fri Aug 16 16:48:35.686839 2024] [cgi:error] [pid 88489] [client 10.241.174.109:39232] script not found or unable to stat: /var/www/cgi-bin/viart_shop.xml
[Fri Aug 16 16:48:35.709769 2024] [cgi:error] [pid 87872] [client 10.241.174.109:39306] script not found or unable to stat: /var/www/cgi-bin/vhost.php
[Fri Aug 16 16:48:35.711945 2024] [cgi:error] [pid 84624] [client 10.241.174.109:39302] script not found or unable to stat: /var/www/cgi-bin/index.php
[Fri Aug 16 16:48:35.736528 2024] [cgi:error] [pid 88246] [client 10.241.174.109:39400] attempt to invoke directory as script: /var/www/cgi-bin/
[Fri Aug 16 16:48:35.759272 2024] [cgi:error] [pid 88698] [client 10.241.174.109:39492] script not found or unable to stat: /var/www/cgi-bin/upload.cgi
[Fri Aug 16 16:48:35.774130 2024] [cgi:error] [pid 88489] [client 10.241.174.109:39538] script not found or unable to stat: /var/www/cgi-bin/index.php
[Fri Aug 16 16:48:35.783755 2024] [cgi:error] [pid 84624] [client 10.241.174.109:39560] script not found or unable to stat: /var/www/cgi-bin/db
[Fri Aug 16 16:48:35.811607 2024] [cgi:error] [pid 87872] [client 10.241.174.109:39648] script not found or unable to stat: /var/www/cgi-bin/db
[Fri Aug 16 16:48:35.834994 2024] [cgi:error] [pid 88489] [client 10.241.174.109:39706] script not found or unable to stat: /var/www/cgi-bin/index.php
[Fri Aug 16 16:48:35.930716 2024] [cgi:error] [pid 88248] [client 10.241.174.109:39906] script not found or unable to stat: /var/www/cgi-bin/port.php
[Fri Aug 16 16:48:35.970111 2024] [cgi:error] [pid 88489] [client 10.241.174.109:39988] script not found or unable to stat: /var/www/cgi-bin/typo3
[Fri Aug 16 16:48:35.998975 2024] [cgi:error] [pid 88248] [client 10.241.174.109:40070] script not found or unable to stat: /var/www/cgi-bin/ubbthreads.php
[Fri Aug 16 16:48:36.033472 2024] [cgi:error] [pid 88248] [client 10.241.174.109:40132] script not found or unable to stat: /var/www/cgi-bin/view
[Fri Aug 16 16:48:36.038794 2024] [cgi:error] [pid 88489] [client 10.241.174.109:40152] attempt to invoke directory as script: /var/www/cgi-bin/
[Fri Aug 16 16:48:36.067736 2024] [cgi:error] [pid 88237] [client 10.241.174.109:40220] script not found or unable to stat: /var/www/cgi-bin/php
[Fri Aug 16 16:48:36.087146 2024] [cgi:error] [pid 84624] [client 10.241.174.109:40278] script not found or unable to stat: /var/www/cgi-bin/php
[Fri Aug 16 16:48:36.107837 2024] [cgi:error] [pid 88248] [client 10.241.174.109:40320] script not found or unable to stat: /var/www/cgi-bin/admin
[Fri Aug 16 16:48:36.137323 2024] [cgi:error] [pid 88237] [client 10.241.174.109:40408] script not found or unable to stat: /var/www/cgi-bin/ttawebtop.cgi
[Fri Aug 16 16:48:36.170778 2024] [cgi:error] [pid 88237] [client 10.241.174.109:40494] script not found or unable to stat: /var/www/cgi-bin/tsweb.asp
[Fri Aug 16 16:48:36.174398 2024] [cgi:error] [pid 88248] [client 10.241.174.109:40502] script not found or unable to stat: /var/www/cgi-bin/tsweb
[Fri Aug 16 16:48:36.207397 2024] [cgi:error] [pid 88489] [client 10.241.174.109:40602] script not found or unable to stat: /var/www/cgi-bin/admin.php
[Fri Aug 16 16:48:36.390045 2024] [cgi:error] [pid 88237] [client 10.241.174.109:41084] script not found or unable to stat: /var/www/cgi-bin/index.php
[Fri Aug 16 16:48:36.394520 2024] [cgi:error] [pid 88330] [client 10.241.174.109:41096] script not found or unable to stat: /var/www/cgi-bin/admincp
[Fri Aug 16 16:48:36.425324 2024] [cgi:error] [pid 88237] [client 10.241.174.109:41186] script not found or unable to stat: /var/www/cgi-bin/query
[Fri Aug 16 16:48:36.493351 2024] [cgi:error] [pid 88237] [client 10.241.174.109:41280] script not found or unable to stat: /var/www/cgi-bin/btdownload.php
[Fri Aug 16 16:48:36.528702 2024] [cgi:error] [pid 88330] [client 10.241.174.109:41374] script not found or unable to stat: /var/www/cgi-bin/tiki-index.php
[Fri Aug 16 16:48:36.539811 2024] [cgi:error] [pid 87872] [client 10.241.174.109:41404] script not found or unable to stat: /var/www/cgi-bin/tiki-index.php
[Fri Aug 16 16:48:36.552144 2024] [cgi:error] [pid 88698] [client 10.241.174.109:41428] script not found or unable to stat: /var/www/cgi-bin/tiki-index.php
[Fri Aug 16 16:48:36.573481 2024] [cgi:error] [pid 88248] [client 10.241.174.109:41484] script not found or unable to stat: /var/www/cgi-bin/tiki-index.php
[Fri Aug 16 16:48:36.687278 2024] [core:error] [pid 88698] [client 10.241.174.109:41740] AH00126: Invalid URI in request GET c:\\boot.ini HTTP/1.1
[Fri Aug 16 16:48:36.746108 2024] [cgi:error] [pid 84624] [client 10.241.174.109:41892] script not found or unable to stat: /var/www/cgi-bin/index.php
[Fri Aug 16 16:48:36.882663 2024] [cgi:error] [pid 87872] [client 10.241.174.109:42176] script not found or unable to stat: /var/www/cgi-bin/BrowserWeb
[Fri Aug 16 16:48:36.914573 2024] [cgi:error] [pid 88248] [client 10.241.174.109:42260] script not found or unable to stat: /var/www/cgi-bin/login.php
[Fri Aug 16 16:48:36.977060 2024] [cgi:error] [pid 87872] [client 10.241.174.109:42488] script not found or unable to stat: /var/www/cgi-bin/index.php
[Fri Aug 16 16:48:37.001872 2024] [cgi:error] [pid 88330] [client 10.241.174.109:42588] script not found or unable to stat: /var/www/cgi-bin/remindpasswd
[Fri Aug 16 16:48:37.023989 2024] [core:error] [pid 88249] [client 10.241.174.109:42682] AH00135: Invalid method in request ACL /EUU1QJa0.htm HTTP/1.1
[Fri Aug 16 16:48:37.031841 2024] [core:error] [pid 87872] [client 10.241.174.109:42700] AH00135: Invalid method in request BCOPY /EUU1QJa0.htm HTTP/1.1
[Fri Aug 16 16:48:37.039587 2024] [core:error] [pid 88698] [client 10.241.174.109:42738] AH00135: Invalid method in request BDELETE /EUU1QJa0.htm HTTP/1.1
[Fri Aug 16 16:48:37.046288 2024] [core:error] [pid 88237] [client 10.241.174.109:42768] AH00135: Invalid method in request BMOVE /EUU1QJa0.htm HTTP/1.1
[Fri Aug 16 16:48:37.052788 2024] [core:error] [pid 88249] [client 10.241.174.109:42788] AH00135: Invalid method in request BPROPFIND /EUU1QJa0.htm HTTP/1.1
[Fri Aug 16 16:48:37.056984 2024] [core:error] [pid 87872] [client 10.241.174.109:42812] AH00135: Invalid method in request BPROPPATCH /EUU1QJa0.htm HTTP/1.1
[Fri Aug 16 16:48:37.071089 2024] [core:error] [pid 88249] [client 10.241.174.109:42868] AH00135: Invalid method in request DEBUG /EUU1QJa0.htm HTTP/1.1
[Fri Aug 16 16:48:37.089954 2024] [core:error] [pid 88246] [client 10.241.174.109:42928] AH00135: Invalid method in request INDEX /EUU1QJa0.htm HTTP/1.1
[Fri Aug 16 16:48:37.104309 2024] [core:error] [pid 88330] [client 10.241.174.109:42950] AH00135: Invalid method in request NOTIFY /EUU1QJa0.htm HTTP/1.1
[Fri Aug 16 16:48:37.117038 2024] [core:error] [pid 88698] [client 10.241.174.109:43024] AH00135: Invalid method in request ORDERPATCH /EUU1QJa0.htm HTTP/1.1
[Fri Aug 16 16:48:37.122680 2024] [core:error] [pid 88248] [client 10.241.174.109:43052] AH00135: Invalid method in request POLL /EUU1QJa0.htm HTTP/1.1
[Fri Aug 16 16:48:37.139816 2024] [core:error] [pid 88246] [client 10.241.174.109:43104] AH00135: Invalid method in request RPC_IN_DATA /EUU1QJa0.htm HTTP/1.1
[Fri Aug 16 16:48:37.145910 2024] [core:error] [pid 87872] [client 10.241.174.109:43176] AH00135: Invalid method in request RPC_OUT_DATA /EUU1QJa0.htm HTTP/1.1
[Fri Aug 16 16:48:37.150571 2024] [cgi:error] [pid 84624] [client 10.241.174.109:43206] script not found or unable to stat: /var/www/cgi-bin/swc
[Fri Aug 16 16:48:37.151916 2024] [core:error] [pid 88330] [client 10.241.174.109:43204] AH00135: Invalid method in request SUBSCRIBE /EUU1QJa0.htm HTTP/1.1
[Fri Aug 16 16:48:37.155914 2024] [core:error] [pid 88698] [client 10.241.174.109:43234] AH00135: Invalid method in request TESTZZZ /EUU1QJa0.htm HTTP/1.1
[Fri Aug 16 16:48:37.164721 2024] [core:error] [pid 88249] [client 10.241.174.109:43258] AH00135: Invalid method in request UNSUBSCRIBE /EUU1QJa0.htm HTTP/1.1
[Fri Aug 16 16:48:37.167699 2024] [cgi:error] [pid 88248] [client 10.241.174.109:43286] script not found or unable to stat: /var/www/cgi-bin/.svn
[Fri Aug 16 16:48:37.171582 2024] [core:error] [pid 84624] [client 10.241.174.109:43296] AH00135: Invalid method in request X-MS-ENUMATTS /EUU1QJa0.htm HTTP/1.1
[Fri Aug 16 16:48:37.175425 2024] [cgi:error] [pid 88330] [client 10.241.174.109:43312] attempt to invoke directory as script: /var/www/cgi-bin/
[Fri Aug 16 16:48:37.176218 2024] [cgi:error] [pid 88330] [client 10.241.174.109:43312] script not found or unable to stat: /var/www/cgi-bin/VYQS5lOE.htm
[Fri Aug 16 16:48:37.180816 2024] [cgi:error] [pid 88237] [client 10.241.174.109:43328] script not found or unable to stat: /var/www/cgi-bin/VYQS5lOE.htm
[Fri Aug 16 16:48:37.184741 2024] [cgi:error] [pid 88698] [client 10.241.174.109:43346] script not found or unable to stat: /var/www/cgi-bin/VYQS5lOE.htm
[Fri Aug 16 16:48:37.188704 2024] [cgi:error] [pid 88246] [client 10.241.174.109:43358] script not found or unable to stat: /var/www/cgi-bin/VYQS5lOE.htm
[Fri Aug 16 16:48:37.193435 2024] [cgi:error] [pid 87872] [client 10.241.174.109:43374] script not found or unable to stat: /var/www/cgi-bin/VYQS5lOE.htm
[Fri Aug 16 16:48:37.199950 2024] [cgi:error] [pid 84624] [client 10.241.174.109:43402] script not found or unable to stat: /var/www/cgi-bin/VYQS5lOE.htm
[Fri Aug 16 16:48:37.204072 2024] [cgi:error] [pid 88237] [client 10.241.174.109:43418] script not found or unable to stat: /var/www/cgi-bin/VYQS5lOE.htm
[Fri Aug 16 16:48:37.210748 2024] [cgi:error] [pid 88698] [client 10.241.174.109:43442] script not found or unable to stat: /var/www/cgi-bin/VYQS5lOE.htm
[Fri Aug 16 16:48:37.215065 2024] [cgi:error] [pid 88248] [client 10.241.174.109:43472] script not found or unable to stat: /var/www/cgi-bin/VYQS5lOE.htm
[Fri Aug 16 16:48:37.218700 2024] [cgi:error] [pid 87872] [client 10.241.174.109:43486] script not found or unable to stat: /var/www/cgi-bin/.|.
[Fri Aug 16 16:48:37.222709 2024] [cgi:error] [pid 84624] [client 10.241.174.109:43514] script not found or unable to stat: /var/www/cgi-bin/.|.
[Fri Aug 16 16:48:37.223097 2024] [cgi:error] [pid 88237] [client 10.241.174.109:43516] script not found or unable to stat: /var/www/cgi-bin/VYQS5lOE.htm
[Fri Aug 16 16:48:37.227472 2024] [cgi:error] [pid 88698] [client 10.241.174.109:43536] script not found or unable to stat: /var/www/cgi-bin/VYQS5lOE.htm
[Fri Aug 16 16:48:37.231600 2024] [cgi:error] [pid 88248] [client 10.241.174.109:43554] script not found or unable to stat: /var/www/cgi-bin/VYQS5lOE.htm
[Fri Aug 16 16:48:37.235779 2024] [cgi:error] [pid 88249] [client 10.241.174.109:43574] script not found or unable to stat: /var/www/cgi-bin/VYQS5lOE.htm
[Fri Aug 16 16:48:37.239603 2024] [cgi:error] [pid 88237] [client 10.241.174.109:43592] script not found or unable to stat: /var/www/cgi-bin/VYQS5lOE.htm
[Fri Aug 16 16:48:37.245018 2024] [cgi:error] [pid 88237] [client 10.241.174.109:43592] script not found or unable to stat: /var/www/cgi-bin/VYQS5lOE.htm
[Fri Aug 16 16:48:37.249243 2024] [cgi:error] [pid 88246] [client 10.241.174.109:43632] script not found or unable to stat: /var/www/cgi-bin/VYQS5lOE.htm
[Fri Aug 16 16:48:37.256097 2024] [cgi:error] [pid 88248] [client 10.241.174.109:43644] script not found or unable to stat: /var/www/cgi-bin/VYQS5lOE.htm
[Fri Aug 16 16:48:37.260686 2024] [cgi:error] [pid 88249] [client 10.241.174.109:43668] script not found or unable to stat: /var/www/cgi-bin/VYQS5lOE.htm
[Fri Aug 16 16:48:37.262064 2024] [cgi:error] [pid 84624] [client 10.241.174.109:43676] script not found or unable to stat: /var/www/cgi-bin/superguestconfig
[Fri Aug 16 16:48:37.265556 2024] [cgi:error] [pid 88330] [client 10.241.174.109:43686] script not found or unable to stat: /var/www/cgi-bin/VYQS5lOE.htm
[Fri Aug 16 16:48:37.270221 2024] [cgi:error] [pid 88246] [client 10.241.174.109:43706] script not found or unable to stat: /var/www/cgi-bin/VYQS5lOE.htm
[Fri Aug 16 16:48:37.280303 2024] [cgi:error] [pid 88248] [client 10.241.174.109:43724] script not found or unable to stat: /var/www/cgi-bin/VYQS5lOE.htm
[Fri Aug 16 16:48:37.287215 2024] [cgi:error] [pid 84624] [client 10.241.174.109:43754] script not found or unable to stat: /var/www/cgi-bin/VYQS5lOE.htm
[Fri Aug 16 16:48:37.291033 2024] [cgi:error] [pid 88237] [client 10.241.174.109:43772] script not found or unable to stat: /var/www/cgi-bin/VYQS5lOE.htm
[Fri Aug 16 16:48:37.296623 2024] [cgi:error] [pid 88489] [client 10.241.174.109:43798] script not found or unable to stat: /var/www/cgi-bin/VYQS5lOE.htm
[Fri Aug 16 16:48:37.300748 2024] [cgi:error] [pid 87872] [client 10.241.174.109:43814] script not found or unable to stat: /var/www/cgi-bin/VYQS5lOE.htm
[Fri Aug 16 16:48:37.305272 2024] [cgi:error] [pid 88330] [client 10.241.174.109:43838] script not found or unable to stat: /var/www/cgi-bin/VYQS5lOE.htm
[Fri Aug 16 16:48:37.311335 2024] [cgi:error] [pid 88237] [client 10.241.174.109:43864] script not found or unable to stat: /var/www/cgi-bin/VYQS5lOE.htm
[Fri Aug 16 16:48:37.315353 2024] [cgi:error] [pid 88489] [client 10.241.174.109:43874] script not found or unable to stat: /var/www/cgi-bin/VYQS5lOE.htm
[Fri Aug 16 16:48:37.321238 2024] [cgi:error] [pid 87872] [client 10.241.174.109:43894] script not found or unable to stat: /var/www/cgi-bin/VYQS5lOE.htm
[Fri Aug 16 16:48:37.325590 2024] [cgi:error] [pid 88330] [client 10.241.174.109:43916] script not found or unable to stat: /var/www/cgi-bin/VYQS5lOE.htm
[Fri Aug 16 16:48:37.330083 2024] [cgi:error] [pid 88246] [client 10.241.174.109:43926] script not found or unable to stat: /var/www/cgi-bin/login.jsp
[Fri Aug 16 16:48:37.330389 2024] [cgi:error] [pid 88237] [client 10.241.174.109:43928] script not found or unable to stat: /var/www/cgi-bin/VYQS5lOE.htm
[Fri Aug 16 16:48:37.334692 2024] [cgi:error] [pid 88698] [client 10.241.174.109:43950] script not found or unable to stat: /var/www/cgi-bin/VYQS5lOE.htm
[Fri Aug 16 16:48:37.339580 2024] [cgi:error] [pid 88248] [client 10.241.174.109:43962] script not found or unable to stat: /var/www/cgi-bin/VYQS5lOE.htm
[Fri Aug 16 16:48:37.347290 2024] [cgi:error] [pid 88330] [client 10.241.174.109:43986] script not found or unable to stat: /var/www/cgi-bin/VYQS5lOE.htm
[Fri Aug 16 16:48:37.354948 2024] [cgi:error] [pid 88237] [client 10.241.174.109:44010] script not found or unable to stat: /var/www/cgi-bin/VYQS5lOE.htm
[Fri Aug 16 16:48:37.359626 2024] [cgi:error] [pid 88489] [client 10.241.174.109:44032] script not found or unable to stat: /var/www/cgi-bin/VYQS5lOE.htm
[Fri Aug 16 16:48:37.360821 2024] [cgi:error] [pid 87872] [client 10.241.174.109:44040] script not found or unable to stat: /var/www/cgi-bin/sugarcrm
[Fri Aug 16 16:48:37.363617 2024] [cgi:error] [pid 88248] [client 10.241.174.109:44056] script not found or unable to stat: /var/www/cgi-bin/VYQS5lOE.htm
[Fri Aug 16 16:48:37.371354 2024] [cgi:error] [pid 88330] [client 10.241.174.109:44078] script not found or unable to stat: /var/www/cgi-bin/VYQS5lOE.htm
[Fri Aug 16 16:48:37.376980 2024] [cgi:error] [pid 88698] [client 10.241.174.109:44116] script not found or unable to stat: /var/www/cgi-bin/VYQS5lOE.htm
[Fri Aug 16 16:48:37.383125 2024] [cgi:error] [pid 87872] [client 10.241.174.109:44130] script not found or unable to stat: /var/www/cgi-bin/VYQS5lOE.htm
[Fri Aug 16 16:48:37.387148 2024] [cgi:error] [pid 84624] [client 10.241.174.109:44156] script not found or unable to stat: /var/www/cgi-bin/VYQS5lOE.htm
[Fri Aug 16 16:48:37.387661 2024] [cgi:error] [pid 88246] [client 10.241.174.109:44158] script not found or unable to stat: /var/www/cgi-bin/index.php
[Fri Aug 16 16:48:37.392137 2024] [cgi:error] [pid 88330] [client 10.241.174.109:44170] script not found or unable to stat: /var/www/cgi-bin/VYQS5lOE.htm
[Fri Aug 16 16:48:37.395937 2024] [cgi:error] [pid 88489] [client 10.241.174.109:44184] script not found or unable to stat: /var/www/cgi-bin/VYQS5lOE.htm
[Fri Aug 16 16:48:37.408664 2024] [core:error] [pid 84624] [client 10.241.174.109:44224] AH00135: Invalid method in request ACL /css/xKG0JMRx.htm HTTP/1.1
[Fri Aug 16 16:48:37.413482 2024] [core:error] [pid 88237] [client 10.241.174.109:44246] AH00135: Invalid method in request BCOPY /css/xKG0JMRx.htm HTTP/1.1
[Fri Aug 16 16:48:37.417947 2024] [core:error] [pid 88698] [client 10.241.174.109:44266] AH00135: Invalid method in request BDELETE /css/xKG0JMRx.htm HTTP/1.1
[Fri Aug 16 16:48:37.423309 2024] [cgi:error] [pid 87872] [client 10.241.174.109:44282] script not found or unable to stat: /var/www/cgi-bin/search
[Fri Aug 16 16:48:37.424232 2024] [core:error] [pid 88248] [client 10.241.174.109:44286] AH00135: Invalid method in request BMOVE /css/xKG0JMRx.htm HTTP/1.1
[Fri Aug 16 16:48:37.428226 2024] [core:error] [pid 88246] [client 10.241.174.109:44300] AH00135: Invalid method in request BPROPFIND /css/xKG0JMRx.htm HTTP/1.1
[Fri Aug 16 16:48:37.432945 2024] [core:error] [pid 88330] [client 10.241.174.109:44322] AH00135: Invalid method in request BPROPPATCH /css/xKG0JMRx.htm HTTP/1.1
[Fri Aug 16 16:48:37.445598 2024] [cgi:error] [pid 87872] [client 10.241.174.109:44374] script not found or unable to stat: /var/www/cgi-bin/story.pl
[Fri Aug 16 16:48:37.446147 2024] [core:error] [pid 88248] [client 10.241.174.109:44368] AH00135: Invalid method in request DEBUG /css/xKG0JMRx.htm HTTP/1.1
[Fri Aug 16 16:48:37.459194 2024] [core:error] [pid 88330] [client 10.241.174.109:44434] AH00135: Invalid method in request INDEX /css/xKG0JMRx.htm HTTP/1.1
[Fri Aug 16 16:48:37.470467 2024] [cgi:error] [pid 88248] [client 10.241.174.109:44482] script not found or unable to stat: /var/www/cgi-bin/data
[Fri Aug 16 16:48:37.476070 2024] [core:error] [pid 88698] [client 10.241.174.109:44458] AH00135: Invalid method in request NOTIFY /css/xKG0JMRx.htm HTTP/1.1
[Fri Aug 16 16:48:37.486844 2024] [core:error] [pid 88237] [client 10.241.174.109:44550] AH00135: Invalid method in request ORDERPATCH /css/xKG0JMRx.htm HTTP/1.1
[Fri Aug 16 16:48:37.493769 2024] [core:error] [pid 88248] [client 10.241.174.109:44566] AH00135: Invalid method in request POLL /css/xKG0JMRx.htm HTTP/1.1
[Fri Aug 16 16:48:37.500747 2024] [cgi:error] [pid 88246] [client 10.241.174.109:44598] script not found or unable to stat: /var/www/cgi-bin/src
[Fri Aug 16 16:48:37.511643 2024] [core:error] [pid 88330] [client 10.241.174.109:44616] AH00135: Invalid method in request RPC_IN_DATA /css/xKG0JMRx.htm HTTP/1.1
[Fri Aug 16 16:48:37.516849 2024] [core:error] [pid 88248] [client 10.241.174.109:44664] AH00135: Invalid method in request RPC_OUT_DATA /css/xKG0JMRx.htm HTTP/1.1
[Fri Aug 16 16:48:37.523357 2024] [core:error] [pid 88246] [client 10.241.174.109:44682] AH00135: Invalid method in request SUBSCRIBE /css/xKG0JMRx.htm HTTP/1.1
[Fri Aug 16 16:48:37.526642 2024] [cgi:error] [pid 88698] [client 10.241.174.109:44710] script not found or unable to stat: /var/www/cgi-bin/src
[Fri Aug 16 16:48:37.528365 2024] [core:error] [pid 84624] [client 10.241.174.109:44714] AH00135: Invalid method in request TESTZZZ /css/xKG0JMRx.htm HTTP/1.1
[Fri Aug 16 16:48:37.539422 2024] [core:error] [pid 88237] [client 10.241.174.109:44740] AH00135: Invalid method in request UNSUBSCRIBE /css/xKG0JMRx.htm HTTP/1.1
[Fri Aug 16 16:48:37.547073 2024] [core:error] [pid 88248] [client 10.241.174.109:44778] AH00135: Invalid method in request X-MS-ENUMATTS /css/xKG0JMRx.htm HTTP/1.1
[Fri Aug 16 16:48:37.553019 2024] [cgi:error] [pid 84624] [client 10.241.174.109:44810] script not found or unable to stat: /var/www/cgi-bin/clwarn.cgi
[Fri Aug 16 16:48:37.559013 2024] [core:error] [pid 88698] [client 10.241.174.109:44820] AH00135: Invalid method in request ACL /icons/WBrw6btf.htm HTTP/1.1
[Fri Aug 16 16:48:37.564494 2024] [core:error] [pid 88237] [client 10.241.174.109:44844] AH00135: Invalid method in request BCOPY /icons/WBrw6btf.htm HTTP/1.1
[Fri Aug 16 16:48:37.572141 2024] [core:error] [pid 87872] [client 10.241.174.109:44876] AH00135: Invalid method in request BDELETE /icons/WBrw6btf.htm HTTP/1.1
[Fri Aug 16 16:48:37.579121 2024] [core:error] [pid 88698] [client 10.241.174.109:44900] AH00135: Invalid method in request BMOVE /icons/WBrw6btf.htm HTTP/1.1
[Fri Aug 16 16:48:37.583121 2024] [cgi:error] [pid 88330] [client 10.241.174.109:44918] script not found or unable to stat: /var/www/cgi-bin/info.dat
[Fri Aug 16 16:48:37.583583 2024] [core:error] [pid 88489] [client 10.241.174.109:44920] AH00135: Invalid method in request BPROPFIND /icons/WBrw6btf.htm HTTP/1.1
[Fri Aug 16 16:48:37.588432 2024] [core:error] [pid 88248] [client 10.241.174.109:44946] AH00135: Invalid method in request BPROPPATCH /icons/WBrw6btf.htm HTTP/1.1
[Fri Aug 16 16:48:37.608890 2024] [core:error] [pid 88330] [client 10.241.174.109:45004] AH00135: Invalid method in request DEBUG /icons/WBrw6btf.htm HTTP/1.1
[Fri Aug 16 16:48:37.620451 2024] [core:error] [pid 84624] [client 10.241.174.109:45058] AH00135: Invalid method in request INDEX /icons/WBrw6btf.htm HTTP/1.1
[Fri Aug 16 16:48:37.624705 2024] [cgi:error] [pid 87872] [client 10.241.174.109:45074] script not found or unable to stat: /var/www/cgi-bin/forum.php3
[Fri Aug 16 16:48:37.625426 2024] [cgi:error] [pid 87872] [client 10.241.174.109:45074] script not found or unable to stat: /var/www/cgi-bin/forum.php
[Fri Aug 16 16:48:37.640900 2024] [core:error] [pid 88698] [client 10.241.174.109:45076] AH00135: Invalid method in request NOTIFY /icons/WBrw6btf.htm HTTP/1.1
[Fri Aug 16 16:48:37.653947 2024] [core:error] [pid 84624] [client 10.241.174.109:45140] AH00135: Invalid method in request ORDERPATCH /icons/WBrw6btf.htm HTTP/1.1
[Fri Aug 16 16:48:37.658549 2024] [core:error] [pid 88489] [client 10.241.174.109:45158] AH00135: Invalid method in request POLL /icons/WBrw6btf.htm HTTP/1.1
[Fri Aug 16 16:48:37.669746 2024] [cgi:error] [pid 88248] [client 10.241.174.109:45200] script not found or unable to stat: /var/www/cgi-bin/login.php
[Fri Aug 16 16:48:37.675695 2024] [core:error] [pid 88246] [client 10.241.174.109:45202] AH00135: Invalid method in request RPC_IN_DATA /icons/WBrw6btf.htm HTTP/1.1
[Fri Aug 16 16:48:37.683391 2024] [core:error] [pid 88330] [client 10.241.174.109:45240] AH00135: Invalid method in request RPC_OUT_DATA /icons/WBrw6btf.htm HTTP/1.1
[Fri Aug 16 16:48:37.690549 2024] [core:error] [pid 88698] [client 10.241.174.109:45254] AH00135: Invalid method in request SUBSCRIBE /icons/WBrw6btf.htm HTTP/1.1
[Fri Aug 16 16:48:37.694203 2024] [core:error] [pid 84624] [client 10.241.174.109:45270] AH00135: Invalid method in request TESTZZZ /icons/WBrw6btf.htm HTTP/1.1
[Fri Aug 16 16:48:37.701803 2024] [core:error] [pid 87872] [client 10.241.174.109:45284] AH00135: Invalid method in request UNSUBSCRIBE /icons/WBrw6btf.htm HTTP/1.1
[Fri Aug 16 16:48:37.716148 2024] [core:error] [pid 88237] [client 10.241.174.109:45314] AH00135: Invalid method in request X-MS-ENUMATTS /icons/WBrw6btf.htm HTTP/1.1
[Fri Aug 16 16:48:37.726380 2024] [core:error] [pid 88330] [client 10.241.174.109:45354] AH00135: Invalid method in request ACL /images/wyZ0XvE9.htm HTTP/1.1
[Fri Aug 16 16:48:37.732544 2024] [core:error] [pid 88698] [client 10.241.174.109:45382] AH00135: Invalid method in request BCOPY /images/wyZ0XvE9.htm HTTP/1.1
[Fri Aug 16 16:48:37.737836 2024] [core:error] [pid 88248] [client 10.241.174.109:45400] AH00135: Invalid method in request BDELETE /images/wyZ0XvE9.htm HTTP/1.1
[Fri Aug 16 16:48:37.743291 2024] [core:error] [pid 88246] [client 10.241.174.109:45418] AH00135: Invalid method in request BMOVE /images/wyZ0XvE9.htm HTTP/1.1
[Fri Aug 16 16:48:37.747538 2024] [core:error] [pid 88489] [client 10.241.174.109:45440] AH00135: Invalid method in request BPROPFIND /images/wyZ0XvE9.htm HTTP/1.1
[Fri Aug 16 16:48:37.751689 2024] [core:error] [pid 88237] [client 10.241.174.109:45454] AH00135: Invalid method in request BPROPPATCH /images/wyZ0XvE9.htm HTTP/1.1
[Fri Aug 16 16:48:37.770802 2024] [core:error] [pid 88330] [client 10.241.174.109:45494] AH00135: Invalid method in request DEBUG /images/wyZ0XvE9.htm HTTP/1.1
