[Fri Aug 30 14:59:33.099995 2024] [core:error] [pid 117755] [client 10.241.174.114:40576] AH00135: Invalid method in request JVWQKL / HTTP/1.1
[Fri Aug 30 14:59:34.705751 2024] [cgi:error] [pid 117617] [client 10.241.174.114:44828] attempt to invoke directory as script: /var/www/cgi-bin/
[Fri Aug 30 14:59:34.713700 2024] [cgi:error] [pid 108256] [client 10.241.174.114:45074] script not found or unable to stat: /var/www/cgi-bin/NonExistent.html
[Fri Aug 30 14:59:36.181741 2024] [cgi:error] [pid 108256] [client 10.241.174.114:49222] script not found or unable to stat: /var/www/cgi-bin/dada
[Fri Aug 30 14:59:36.182399 2024] [cgi:error] [pid 108256] [client 10.241.174.114:49222] script not found or unable to stat: /var/www/cgi-bin/eboard40
[Fri Aug 30 14:59:36.185107 2024] [cgi:error] [pid 108256] [client 10.241.174.114:49222] script not found or unable to stat: /var/www/cgi-bin/mt
[Fri Aug 30 14:59:36.186361 2024] [cgi:error] [pid 108256] [client 10.241.174.114:49222] script not found or unable to stat: /var/www/cgi-bin/openwebmail
[Fri Aug 30 14:59:36.187045 2024] [cgi:error] [pid 108256] [client 10.241.174.114:49222] script not found or unable to stat: /var/www/cgi-bin/sysinfo
[Fri Aug 30 14:59:36.187823 2024] [cgi:error] [pid 108256] [client 10.241.174.114:49222] script not found or unable to stat: /var/www/cgi-bin/twiki
[Fri Aug 30 14:59:36.188925 2024] [cgi:error] [pid 108256] [client 10.241.174.114:49222] script not found or unable to stat: /var/www/cgi-bin/viewvc.cgi
[Fri Aug 30 15:02:34.854340 2024] [cgi:error] [pid 111022] [client 10.241.174.114:47066] attempt to invoke directory as script: /var/www/cgi-bin/
[Fri Aug 30 15:02:34.922769 2024] [cgi:error] [pid 115107] [client 10.241.174.114:47130] script not found or unable to stat: /var/www/cgi-bin/4a9vZYCHggNl.html
[Fri Aug 30 15:02:34.932881 2024] [cgi:error] [pid 115107] [client 10.241.174.114:47130] script not found or unable to stat: /var/www/cgi-bin/4a9vZYCHggNl.cgi
[Fri Aug 30 15:02:34.939424 2024] [cgi:error] [pid 115107] [client 10.241.174.114:47130] script not found or unable to stat: /var/www/cgi-bin/4a9vZYCHggNl.sh
[Fri Aug 30 15:02:34.945189 2024] [cgi:error] [pid 115107] [client 10.241.174.114:47130] script not found or unable to stat: /var/www/cgi-bin/4a9vZYCHggNl.pl
[Fri Aug 30 15:02:34.948981 2024] [cgi:error] [pid 115107] [client 10.241.174.114:47130] script not found or unable to stat: /var/www/cgi-bin/4a9vZYCHggNl.inc
[Fri Aug 30 15:02:34.951317 2024] [cgi:error] [pid 115107] [client 10.241.174.114:47130] script not found or unable to stat: /var/www/cgi-bin/4a9vZYCHggNl.shtml
[Fri Aug 30 15:02:34.977850 2024] [cgi:error] [pid 115107] [client 10.241.174.114:47130] script not found or unable to stat: /var/www/cgi-bin/4a9vZYCHggNl.asp
[Fri Aug 30 15:02:34.999211 2024] [cgi:error] [pid 115107] [client 10.241.174.114:47130] script not found or unable to stat: /var/www/cgi-bin/4a9vZYCHggNl.php
[Fri Aug 30 15:02:35.001484 2024] [cgi:error] [pid 115107] [client 10.241.174.114:47130] script not found or unable to stat: /var/www/cgi-bin/4a9vZYCHggNl.php3
[Fri Aug 30 15:02:35.007033 2024] [cgi:error] [pid 115107] [client 10.241.174.114:47130] script not found or unable to stat: /var/www/cgi-bin/4a9vZYCHggNl.cfm
[Fri Aug 30 15:02:35.191850 2024] [cgi:error] [pid 117294] [client 10.241.174.114:47950] script not found or unable to stat: /var/www/cgi-bin/zml.cgi
[Fri Aug 30 15:02:35.216045 2024] [cgi:error] [pid 117291] [client 10.241.174.114:48034] script not found or unable to stat: /var/www/cgi-bin/news.mdb
[Fri Aug 30 15:02:35.290370 2024] [cgi:error] [pid 115107] [client 10.241.174.114:48234] script not found or unable to stat: /var/www/cgi-bin/admin.php
[Fri Aug 30 15:02:35.313236 2024] [cgi:error] [pid 117617] [client 10.241.174.114:48310] script not found or unable to stat: /var/www/cgi-bin/_head.php
[Fri Aug 30 15:02:35.350581 2024] [cgi:error] [pid 115107] [client 10.241.174.114:48424] attempt to invoke directory as script: /var/www/cgi-bin/
[Fri Aug 30 15:02:35.428134 2024] [cgi:error] [pid 111022] [client 10.241.174.114:48624] attempt to invoke directory as script: /var/www/cgi-bin/
[Fri Aug 30 15:02:35.474834 2024] [cgi:error] [pid 115107] [client 10.241.174.114:48730] script not found or unable to stat: /var/www/cgi-bin/index.php
[Fri Aug 30 15:02:35.494597 2024] [cgi:error] [pid 117755] [client 10.241.174.114:48758] script not found or unable to stat: /var/www/cgi-bin/index.php
[Fri Aug 30 15:02:35.574588 2024] [cgi:error] [pid 111022] [client 10.241.174.114:48978] script not found or unable to stat: /var/www/cgi-bin/index.php
[Fri Aug 30 15:02:35.575165 2024] [cgi:error] [pid 117617] [client 10.241.174.114:48980] script not found or unable to stat: /var/www/cgi-bin/YaBB.pl
[Fri Aug 30 15:02:35.605791 2024] [cgi:error] [pid 117755] [client 10.241.174.114:49108] script not found or unable to stat: /var/www/cgi-bin/x_news.php
[Fri Aug 30 15:02:35.616269 2024] [cgi:error] [pid 117291] [client 10.241.174.114:49136] script not found or unable to stat: /var/www/cgi-bin/YaBB.pl
[Fri Aug 30 15:02:35.670985 2024] [cgi:error] [pid 115356] [client 10.241.174.114:49276] script not found or unable to stat: /var/www/cgi-bin/lostpass.php
[Fri Aug 30 15:02:35.677293 2024] [cgi:error] [pid 111022] [client 10.241.174.114:49294] script not found or unable to stat: /var/www/cgi-bin/misc.php
[Fri Aug 30 15:02:35.728066 2024] [cgi:error] [pid 117617] [client 10.241.174.114:49400] script not found or unable to stat: /var/www/cgi-bin/misc.php
[Fri Aug 30 15:02:35.732770 2024] [cgi:error] [pid 117755] [client 10.241.174.114:49416] attempt to invoke directory as script: /var/www/cgi-bin/
[Fri Aug 30 15:02:35.774634 2024] [cgi:error] [pid 115107] [client 10.241.174.114:49488] script not found or unable to stat: /var/www/cgi-bin/index.php
[Fri Aug 30 15:02:35.834374 2024] [cgi:error] [pid 108256] [client 10.241.174.114:49654] script not found or unable to stat: /var/www/cgi-bin/wwwboard.html
[Fri Aug 30 15:02:35.868108 2024] [cgi:error] [pid 115107] [client 10.241.174.114:49738] script not found or unable to stat: /var/www/cgi-bin/page
[Fri Aug 30 15:02:35.882453 2024] [cgi:error] [pid 117295] [client 10.241.174.114:49764] script not found or unable to stat: /var/www/cgi-bin/login
[Fri Aug 30 15:02:35.924082 2024] [cgi:error] [pid 117617] [client 10.241.174.114:49870] script not found or unable to stat: /var/www/cgi-bin/view_user.php
[Fri Aug 30 15:02:35.962744 2024] [cgi:error] [pid 117295] [client 10.241.174.114:49950] script not found or unable to stat: /var/www/cgi-bin/logbook.pl
[Fri Aug 30 15:02:35.995804 2024] [cgi:error] [pid 117294] [client 10.241.174.114:50048] attempt to invoke directory as script: /var/www/cgi-bin/
[Fri Aug 30 15:02:36.022194 2024] [cgi:error] [pid 117755] [client 10.241.174.114:50110] script not found or unable to stat: /var/www/cgi-bin/inc
[Fri Aug 30 15:02:36.038711 2024] [cgi:error] [pid 115107] [client 10.241.174.114:50138] script not found or unable to stat: /var/www/cgi-bin/index.php
[Fri Aug 30 15:02:36.064166 2024] [cgi:error] [pid 108256] [client 10.241.174.114:50198] script not found or unable to stat: /var/www/cgi-bin/!pwds.txt
[Fri Aug 30 15:02:36.120874 2024] [cgi:error] [pid 108256] [client 10.241.174.114:50276] script not found or unable to stat: /var/www/cgi-bin/wc.dll
[Fri Aug 30 15:02:36.147249 2024] [cgi:error] [pid 111022] [client 10.241.174.114:50344] script not found or unable to stat: /var/www/cgi-bin/webwho.pl
[Fri Aug 30 15:02:36.188243 2024] [cgi:error] [pid 108256] [client 10.241.174.114:50456] script not found or unable to stat: /var/www/cgi-bin/webspirs.cgi
[Fri Aug 30 15:02:36.216672 2024] [cgi:error] [pid 117295] [client 10.241.174.114:50536] script not found or unable to stat: /var/www/cgi-bin/SnoopServlet
[Fri Aug 30 15:02:36.223078 2024] [cgi:error] [pid 115356] [client 10.241.174.114:50548] script not found or unable to stat: /var/www/cgi-bin/snoopservlet
[Fri Aug 30 15:02:36.228915 2024] [cgi:error] [pid 111022] [client 10.241.174.114:50564] script not found or unable to stat: /var/www/cgi-bin/snoop
[Fri Aug 30 15:02:36.268053 2024] [cgi:error] [pid 115356] [client 10.241.174.114:50662] script not found or unable to stat: /var/www/cgi-bin/cgiip.exe
[Fri Aug 30 15:02:36.272634 2024] [cgi:error] [pid 111022] [client 10.241.174.114:50676] script not found or unable to stat: /var/www/cgi-bin/wsisa.dll
[Fri Aug 30 15:02:36.281326 2024] [cgi:error] [pid 108256] [client 10.241.174.114:50692] script not found or unable to stat: /var/www/cgi-bin/wsasp.dll
[Fri Aug 30 15:02:36.290890 2024] [cgi:error] [pid 115107] [client 10.241.174.114:50716] script not found or unable to stat: /var/www/cgi-bin/wsnsa.dll
[Fri Aug 30 15:02:36.295721 2024] [cgi:error] [pid 117755] [client 10.241.174.114:50732] script not found or unable to stat: /var/www/cgi-bin/wspd_cgi.sh
[Fri Aug 30 15:02:36.451950 2024] [cgi:error] [pid 117295] [client 10.241.174.114:51144] script not found or unable to stat: /var/www/cgi-bin/webplus
[Fri Aug 30 15:02:36.504529 2024] [cgi:error] [pid 117295] [client 10.241.174.114:51262] script not found or unable to stat: /var/www/cgi-bin/webplus.exe
[Fri Aug 30 15:02:36.535172 2024] [cgi:error] [pid 117755] [client 10.241.174.114:51330] script not found or unable to stat: /var/www/cgi-bin/index.php
[Fri Aug 30 15:02:36.606308 2024] [cgi:error] [pid 111022] [client 10.241.174.114:51472] script not found or unable to stat: /var/www/cgi-bin/index.jsp
[Fri Aug 30 15:02:36.610852 2024] [cgi:error] [pid 117617] [client 10.241.174.114:51486] script not found or unable to stat: /var/www/cgi-bin/index.jsp
[Fri Aug 30 15:02:36.726403 2024] [cgi:error] [pid 108256] [client 10.241.174.114:51764] script not found or unable to stat: /var/www/cgi-bin/index.jsp
[Fri Aug 30 15:02:36.758640 2024] [cgi:error] [pid 111022] [client 10.241.174.114:51828] script not found or unable to stat: /var/www/cgi-bin/webglimpse.cgi
[Fri Aug 30 15:02:36.802215 2024] [cgi:error] [pid 115356] [client 10.241.174.114:51928] script not found or unable to stat: /var/www/cgi-bin/logicworks.ini
[Fri Aug 30 15:02:36.881476 2024] [cgi:error] [pid 111022] [client 10.241.174.114:52138] script not found or unable to stat: /var/www/cgi-bin/month.php
[Fri Aug 30 15:02:36.890414 2024] [cgi:error] [pid 117294] [client 10.241.174.114:52164] script not found or unable to stat: /var/www/cgi-bin/webc.cgi
[Fri Aug 30 15:02:36.933919 2024] [cgi:error] [pid 111022] [client 10.241.174.114:52290] script not found or unable to stat: /var/www/cgi-bin/index.cgi
[Fri Aug 30 15:02:37.113861 2024] [core:error] [pid 115107] [client 10.241.174.114:52782] AH00126: Invalid URI in request GET /../../../../../../../../../../../../windows/win.ini HTTP/1.1
[Fri Aug 30 15:02:37.120796 2024] [core:error] [pid 117295] [client 10.241.174.114:52802] AH00126: Invalid URI in request GET /../../../../../../../../../../../../winnt/win.ini HTTP/1.1
[Fri Aug 30 15:02:37.126022 2024] [core:error] [pid 117755] [client 10.241.174.114:52816] AH00126: Invalid URI in request GET ../../../../../../../../../../../../windows/win.ini HTTP/1.1
[Fri Aug 30 15:02:37.130694 2024] [core:error] [pid 117294] [client 10.241.174.114:52830] AH00126: Invalid URI in request GET ../../../../../../../../../../../../winnt/win.ini HTTP/1.1
[Fri Aug 30 15:02:37.146233 2024] [core:error] [pid 117617] [client 10.241.174.114:52844] AH00126: Invalid URI in request GET ..\\..\\..\\..\\..\\..\\..\\..\\..\\..\\windows\\win.ini HTTP/1.1
[Fri Aug 30 15:02:37.157211 2024] [core:error] [pid 117291] [client 10.241.174.114:52878] AH00126: Invalid URI in request GET ..\\..\\..\\..\\..\\..\\..\\..\\..\\..\\winnt\\win.ini HTTP/1.1
[Fri Aug 30 15:02:37.231397 2024] [core:error] [pid 117755] [client 10.241.174.114:53066] AH00126: Invalid URI in request GET /%2e%2e/%2e%2e/%2e%2e/%2e%2e/%2e%2e/%2e%2e/%2e%2e/%2e%2e/%2e%2e/%2e%2e/%2e%2e/windows/win.ini HTTP/1.1
[Fri Aug 30 15:02:37.236148 2024] [core:error] [pid 117294] [client 10.241.174.114:53082] AH00126: Invalid URI in request GET /%2e%2e/%2e%2e/%2e%2e/%2e%2e/%2e%2e/%2e%2e/%2e%2e/%2e%2e/%2e%2e/%2e%2e/%2e%2e/winnt/win.ini HTTP/1.1
[Fri Aug 30 15:02:37.267020 2024] [core:error] [pid 115107] [client 10.241.174.114:53154] AH00126: Invalid URI in request GET %5c%2e%2e%5c%2e%2e%5c%2e%2e%5c%2e%2e%5c%2e%2e%5c%2e%2e%5c%2e%2e%5c%2e%2e%5c%2e%2e%5c%2e%2e%5c%2e%2e%5cwinnt%5cwin.ini HTTP/1.1
[Fri Aug 30 15:02:37.321721 2024] [core:error] [pid 117755] [client 10.241.174.114:53300] AH00126: Invalid URI in request GET /././././././../../../../../windows/win.ini HTTP/1.1
[Fri Aug 30 15:02:37.326434 2024] [core:error] [pid 117617] [client 10.241.174.114:53314] AH00126: Invalid URI in request GET /././././././../../../../../winnt/win.ini HTTP/1.1
[Fri Aug 30 15:02:37.334536 2024] [core:error] [pid 117291] [client 10.241.174.114:53330] AH00126: Invalid URI in request GET .\\.\\.\\.\\.\\.\\.\\.\\.\\.\\/windows/win.ini HTTP/1.1
[Fri Aug 30 15:02:37.339526 2024] [core:error] [pid 115356] [client 10.241.174.114:53352] AH00126: Invalid URI in request GET .\\.\\.\\.\\.\\.\\.\\.\\.\\.\\/winnt/win.ini HTTP/1.1
[Fri Aug 30 15:02:37.417849 2024] [cgi:error] [pid 115107] [client 10.241.174.114:53540] script not found or unable to stat: /var/www/cgi-bin/www.taas-prod.cise.ufl.z
[Fri Aug 30 15:02:37.424179 2024] [cgi:error] [pid 111022] [client 10.241.174.114:53558] script not found or unable to stat: /var/www/cgi-bin/taas-prod.cise.ufl.z
[Fri Aug 30 15:02:37.430761 2024] [cgi:error] [pid 117755] [client 10.241.174.114:53580] script not found or unable to stat: /var/www/cgi-bin/www.taas-prod.cise.ufl.edu.z
[Fri Aug 30 15:02:37.431754 2024] [core:error] [pid 117294] [client 10.241.174.114:53582] AH00126: Invalid URI in request GET /../../../../../../../../../../../../etc/passwd HTTP/1.1
[Fri Aug 30 15:02:37.442170 2024] [cgi:error] [pid 117617] [client 10.241.174.114:53592] script not found or unable to stat: /var/www/cgi-bin/taas-prod.cise.ufl.edu.z
[Fri Aug 30 15:02:37.453079 2024] [core:error] [pid 117291] [client 10.241.174.114:53612] AH00126: Invalid URI in request GET /./../../../../../../../../../../../etc/passwd HTTP/1.1
[Fri Aug 30 15:02:37.458035 2024] [core:error] [pid 115107] [client 10.241.174.114:53642] AH00126: Invalid URI in request GET //../../../../../../../../../../../../etc/passwd HTTP/1.1
[Fri Aug 30 15:02:37.458647 2024] [cgi:error] [pid 115356] [client 10.241.174.114:53640] script not found or unable to stat: /var/www/cgi-bin/www.taas-prod.cise.ufl.Z
[Fri Aug 30 15:02:37.466524 2024] [cgi:error] [pid 111022] [client 10.241.174.114:53660] script not found or unable to stat: /var/www/cgi-bin/taas-prod.cise.ufl.Z
[Fri Aug 30 15:02:37.471944 2024] [cgi:error] [pid 117755] [client 10.241.174.114:53674] script not found or unable to stat: /var/www/cgi-bin/www.taas-prod.cise.ufl.edu.Z
[Fri Aug 30 15:02:37.472933 2024] [core:error] [pid 117294] [client 10.241.174.114:53676] AH00126: Invalid URI in request GET /%2e%2e/%2e%2e/%2e%2e/%2e%2e/%2e%2e/%2e%2e/%2e%2e/%2e%2e/%2e%2e/%2e%2e/%2e%2e/%2e%2e/etc/passwd HTTP/1.1
[Fri Aug 30 15:02:37.478375 2024] [cgi:error] [pid 117617] [client 10.241.174.114:53694] script not found or unable to stat: /var/www/cgi-bin/taas-prod.cise.ufl.edu.Z
[Fri Aug 30 15:02:37.496890 2024] [cgi:error] [pid 115107] [client 10.241.174.114:53732] script not found or unable to stat: /var/www/cgi-bin/www.taas-prod.cise.ufl.7z
[Fri Aug 30 15:02:37.505962 2024] [cgi:error] [pid 111022] [client 10.241.174.114:53760] script not found or unable to stat: /var/www/cgi-bin/taas-prod.cise.ufl.7z
[Fri Aug 30 15:02:37.512293 2024] [cgi:error] [pid 117755] [client 10.241.174.114:53792] script not found or unable to stat: /var/www/cgi-bin/www.taas-prod.cise.ufl.edu.7z
[Fri Aug 30 15:02:37.512662 2024] [core:error] [pid 117294] [client 10.241.174.114:53786] AH00126: Invalid URI in request GET /././././././../../../../../etc/passwd HTTP/1.1
[Fri Aug 30 15:02:37.519722 2024] [cgi:error] [pid 117291] [client 10.241.174.114:53812] script not found or unable to stat: /var/www/cgi-bin/taas-prod.cise.ufl.edu.7z
[Fri Aug 30 15:02:37.527045 2024] [cgi:error] [pid 115107] [client 10.241.174.114:53840] script not found or unable to stat: /var/www/cgi-bin/www.taas-prod.cise.ufl.rar
[Fri Aug 30 15:02:37.533308 2024] [cgi:error] [pid 117295] [client 10.241.174.114:53860] script not found or unable to stat: /var/www/cgi-bin/taas-prod.cise.ufl.rar
[Fri Aug 30 15:02:37.538341 2024] [cgi:error] [pid 117755] [client 10.241.174.114:53868] script not found or unable to stat: /var/www/cgi-bin/www.taas-prod.cise.ufl.edu.rar
[Fri Aug 30 15:02:37.552966 2024] [cgi:error] [pid 117294] [client 10.241.174.114:53886] script not found or unable to stat: /var/www/cgi-bin/taas-prod.cise.ufl.edu.rar
[Fri Aug 30 15:02:37.557102 2024] [cgi:error] [pid 115107] [client 10.241.174.114:53910] script not found or unable to stat: /var/www/cgi-bin/www.taas-prod.cise.ufl.war
[Fri Aug 30 15:02:37.564673 2024] [cgi:error] [pid 115356] [client 10.241.174.114:53916] script not found or unable to stat: /var/www/cgi-bin/taas-prod.cise.ufl.war
[Fri Aug 30 15:02:37.569514 2024] [cgi:error] [pid 111022] [client 10.241.174.114:53936] script not found or unable to stat: /var/www/cgi-bin/www.taas-prod.cise.ufl.edu.war
[Fri Aug 30 15:02:37.571085 2024] [cgi:error] [pid 117755] [client 10.241.174.114:53940] script not found or unable to stat: /var/www/cgi-bin/YaBB.pl
[Fri Aug 30 15:02:37.574834 2024] [cgi:error] [pid 117291] [client 10.241.174.114:53948] script not found or unable to stat: /var/www/cgi-bin/taas-prod.cise.ufl.edu.war
[Fri Aug 30 15:02:37.595515 2024] [cgi:error] [pid 115107] [client 10.241.174.114:53974] script not found or unable to stat: /var/www/cgi-bin/www.taas-prod.cise.ufl.jar
[Fri Aug 30 15:02:37.603668 2024] [cgi:error] [pid 115356] [client 10.241.174.114:54000] script not found or unable to stat: /var/www/cgi-bin/taas-prod.cise.ufl.jar
[Fri Aug 30 15:02:37.609013 2024] [cgi:error] [pid 111022] [client 10.241.174.114:54024] script not found or unable to stat: /var/www/cgi-bin/www.taas-prod.cise.ufl.edu.jar
[Fri Aug 30 15:02:37.616605 2024] [cgi:error] [pid 117755] [client 10.241.174.114:54036] script not found or unable to stat: /var/www/cgi-bin/taas-prod.cise.ufl.edu.jar
[Fri Aug 30 15:02:37.622242 2024] [cgi:error] [pid 117291] [client 10.241.174.114:54052] script not found or unable to stat: /var/www/cgi-bin/index.php
[Fri Aug 30 15:02:37.622785 2024] [cgi:error] [pid 117294] [client 10.241.174.114:54054] script not found or unable to stat: /var/www/cgi-bin/www.taas-prod.cise.ufl.zip
[Fri Aug 30 15:02:37.630003 2024] [cgi:error] [pid 115107] [client 10.241.174.114:54072] script not found or unable to stat: /var/www/cgi-bin/taas-prod.cise.ufl.zip
[Fri Aug 30 15:02:37.641414 2024] [cgi:error] [pid 117617] [client 10.241.174.114:54092] script not found or unable to stat: /var/www/cgi-bin/www.taas-prod.cise.ufl.edu.zip
[Fri Aug 30 15:02:37.645953 2024] [cgi:error] [pid 111022] [client 10.241.174.114:54116] script not found or unable to stat: /var/www/cgi-bin/taas-prod.cise.ufl.edu.zip
[Fri Aug 30 15:02:37.652844 2024] [cgi:error] [pid 117755] [client 10.241.174.114:54128] script not found or unable to stat: /var/www/cgi-bin/www.taas-prod.cise.ufl.bz2
[Fri Aug 30 15:02:37.662739 2024] [cgi:error] [pid 115107] [client 10.241.174.114:54146] script not found or unable to stat: /var/www/cgi-bin/taas-prod.cise.ufl.bz2
[Fri Aug 30 15:02:37.666303 2024] [cgi:error] [pid 117291] [client 10.241.174.114:54152] script not found or unable to stat: /var/www/cgi-bin/ustorekeeper.pl
[Fri Aug 30 15:02:37.670765 2024] [cgi:error] [pid 117617] [client 10.241.174.114:54162] script not found or unable to stat: /var/www/cgi-bin/www.taas-prod.cise.ufl.edu.bz2
[Fri Aug 30 15:02:37.677582 2024] [cgi:error] [pid 111022] [client 10.241.174.114:54184] script not found or unable to stat: /var/www/cgi-bin/taas-prod.cise.ufl.edu.bz2
[Fri Aug 30 15:02:37.685641 2024] [cgi:error] [pid 117755] [client 10.241.174.114:54204] script not found or unable to stat: /var/www/cgi-bin/www.taas-prod.cise.ufl.tar.bz2
[Fri Aug 30 15:02:37.690761 2024] [cgi:error] [pid 117291] [client 10.241.174.114:54232] script not found or unable to stat: /var/www/cgi-bin/taas-prod.cise.ufl.tar.bz2
[Fri Aug 30 15:02:37.700794 2024] [cgi:error] [pid 115356] [client 10.241.174.114:54248] script not found or unable to stat: /var/www/cgi-bin/www.taas-prod.cise.ufl.edu.tar.bz2
[Fri Aug 30 15:02:37.703882 2024] [cgi:error] [pid 117295] [client 10.241.174.114:54256] script not found or unable to stat: /var/www/cgi-bin/main.cgi
[Fri Aug 30 15:02:37.711641 2024] [cgi:error] [pid 111022] [client 10.241.174.114:54272] script not found or unable to stat: /var/www/cgi-bin/taas-prod.cise.ufl.edu.tar.bz2
[Fri Aug 30 15:02:37.717954 2024] [cgi:error] [pid 117755] [client 10.241.174.114:54298] script not found or unable to stat: /var/www/cgi-bin/www.taas-prod.cise.ufl.tgz
[Fri Aug 30 15:02:37.725384 2024] [cgi:error] [pid 117291] [client 10.241.174.114:54316] script not found or unable to stat: /var/www/cgi-bin/taas-prod.cise.ufl.tgz
[Fri Aug 30 15:02:37.731138 2024] [cgi:error] [pid 115356] [client 10.241.174.114:54338] script not found or unable to stat: /var/www/cgi-bin/www.taas-prod.cise.ufl.edu.tgz
[Fri Aug 30 15:02:37.738548 2024] [cgi:error] [pid 117295] [client 10.241.174.114:54350] script not found or unable to stat: /var/www/cgi-bin/store.cgi
[Fri Aug 30 15:02:37.739912 2024] [cgi:error] [pid 111022] [client 10.241.174.114:54358] script not found or unable to stat: /var/www/cgi-bin/taas-prod.cise.ufl.edu.tgz
[Fri Aug 30 15:02:37.750163 2024] [cgi:error] [pid 117755] [client 10.241.174.114:54384] script not found or unable to stat: /var/www/cgi-bin/www.taas-prod.cise.ufl.gz
[Fri Aug 30 15:02:37.757887 2024] [cgi:error] [pid 117291] [client 10.241.174.114:54416] script not found or unable to stat: /var/www/cgi-bin/taas-prod.cise.ufl.gz
[Fri Aug 30 15:02:37.766713 2024] [cgi:error] [pid 115356] [client 10.241.174.114:54444] script not found or unable to stat: /var/www/cgi-bin/www.taas-prod.cise.ufl.edu.gz
[Fri Aug 30 15:02:37.771956 2024] [cgi:error] [pid 111022] [client 10.241.174.114:54462] script not found or unable to stat: /var/www/cgi-bin/taas-prod.cise.ufl.edu.gz
[Fri Aug 30 15:02:37.777622 2024] [cgi:error] [pid 117294] [client 10.241.174.114:54476] script not found or unable to stat: /var/www/cgi-bin/www.taas-prod.cise.ufl.tar.gz
[Fri Aug 30 15:02:37.785516 2024] [cgi:error] [pid 115107] [client 10.241.174.114:54488] script not found or unable to stat: /var/www/cgi-bin/taas-prod.cise.ufl.tar.gz
[Fri Aug 30 15:02:37.795805 2024] [cgi:error] [pid 117617] [client 10.241.174.114:54508] script not found or unable to stat: /var/www/cgi-bin/search.cgi
[Fri Aug 30 15:02:37.797461 2024] [cgi:error] [pid 117291] [client 10.241.174.114:54506] script not found or unable to stat: /var/www/cgi-bin/www.taas-prod.cise.ufl.edu.tar.gz
[Fri Aug 30 15:02:37.813236 2024] [cgi:error] [pid 115356] [client 10.241.174.114:54524] script not found or unable to stat: /var/www/cgi-bin/search.cgi
[Fri Aug 30 15:02:37.815958 2024] [cgi:error] [pid 111022] [client 10.241.174.114:54528] script not found or unable to stat: /var/www/cgi-bin/taas-prod.cise.ufl.edu.tar.gz
[Fri Aug 30 15:02:37.822027 2024] [cgi:error] [pid 117294] [client 10.241.174.114:54574] script not found or unable to stat: /var/www/cgi-bin/www.taas-prod.cise.ufl.tar
[Fri Aug 30 15:02:37.838399 2024] [cgi:error] [pid 117755] [client 10.241.174.114:54590] script not found or unable to stat: /var/www/cgi-bin/taas-prod.cise.ufl.tar
[Fri Aug 30 15:02:37.854201 2024] [cgi:error] [pid 115356] [client 10.241.174.114:54610] script not found or unable to stat: /var/www/cgi-bin/www.taas-prod.cise.ufl.edu.tar
[Fri Aug 30 15:02:37.860089 2024] [cgi:error] [pid 117295] [client 10.241.174.114:54640] script not found or unable to stat: /var/www/cgi-bin/taas-prod.cise.ufl.edu.tar
[Fri Aug 30 15:02:37.884149 2024] [core:error] [pid 111022] [client 10.241.174.114:54700] AH00126: Invalid URI in request GET ..\\..\\..\\..\\..\\..\\windows\\win.ini HTTP/1.1
[Fri Aug 30 15:02:37.899765 2024] [core:error] [pid 108256] [client 10.241.174.114:54730] AH00126: Invalid URI in request GET ..\\..\\..\\..\\..\\..\\winnt\\win.ini HTTP/1.1
[Fri Aug 30 15:02:37.935261 2024] [cgi:error] [pid 108256] [client 10.241.174.114:54832] script not found or unable to stat: /var/www/cgi-bin/bigconf.cgi
[Fri Aug 30 15:02:37.995642 2024] [cgi:error] [pid 117295] [client 10.241.174.114:55006] script not found or unable to stat: /var/www/cgi-bin/bb-hist.sh
[Fri Aug 30 15:02:38.110043 2024] [cgi:error] [pid 117294] [client 10.241.174.114:55348] script not found or unable to stat: /var/www/cgi-bin/way-board
[Fri Aug 30 15:02:38.281110 2024] [cgi:error] [pid 117755] [client 10.241.174.114:55934] script not found or unable to stat: /var/www/cgi-bin/login.php
[Fri Aug 30 15:02:38.332591 2024] [cgi:error] [pid 115107] [client 10.241.174.114:56118] script not found or unable to stat: /var/www/cgi-bin/modules.php
[Fri Aug 30 15:02:38.646054 2024] [cgi:error] [pid 115107] [client 10.241.174.114:57064] script not found or unable to stat: /var/www/cgi-bin/about
[Fri Aug 30 15:02:38.827372 2024] [cgi:error] [pid 108256] [client 10.241.174.114:57560] attempt to invoke directory as script: /var/www/cgi-bin/
[Fri Aug 30 15:02:38.830600 2024] [cgi:error] [pid 111022] [client 10.241.174.114:57566] script not found or unable to stat: /var/www/cgi-bin/index.php
[Fri Aug 30 15:02:38.895058 2024] [cgi:error] [pid 111022] [client 10.241.174.114:57732] attempt to invoke directory as script: /var/www/cgi-bin/
[Fri Aug 30 15:02:38.917000 2024] [cgi:error] [pid 115356] [client 10.241.174.114:57796] script not found or unable to stat: /var/www/cgi-bin/portal
[Fri Aug 30 15:02:38.975517 2024] [cgi:error] [pid 115356] [client 10.241.174.114:57920] attempt to invoke directory as script: /var/www/cgi-bin/
[Fri Aug 30 15:02:39.002391 2024] [core:error] [pid 117291] [client 10.241.174.114:57986] AH00135: Invalid method in request ACL /OLoZvZRQ.htm HTTP/1.1
[Fri Aug 30 15:02:39.014990 2024] [core:error] [pid 111022] [client 10.241.174.114:58034] AH00135: Invalid method in request BCOPY /OLoZvZRQ.htm HTTP/1.1
[Fri Aug 30 15:02:39.019047 2024] [cgi:error] [pid 115357] [client 10.241.174.114:58042] script not found or unable to stat: /var/www/cgi-bin/viewpage.php
[Fri Aug 30 15:02:39.022224 2024] [core:error] [pid 117295] [client 10.241.174.114:58054] AH00135: Invalid method in request BDELETE /OLoZvZRQ.htm HTTP/1.1
[Fri Aug 30 15:02:39.030703 2024] [core:error] [pid 115107] [client 10.241.174.114:58072] AH00135: Invalid method in request BMOVE /OLoZvZRQ.htm HTTP/1.1
[Fri Aug 30 15:02:39.036152 2024] [core:error] [pid 108256] [client 10.241.174.114:58088] AH00135: Invalid method in request BPROPFIND /OLoZvZRQ.htm HTTP/1.1
[Fri Aug 30 15:02:39.037868 2024] [cgi:error] [pid 111022] [client 10.241.174.114:58090] script not found or unable to stat: /var/www/cgi-bin/viewcvs.cgi
[Fri Aug 30 15:02:39.046695 2024] [core:error] [pid 117295] [client 10.241.174.114:58110] AH00135: Invalid method in request BPROPPATCH /OLoZvZRQ.htm HTTP/1.1
[Fri Aug 30 15:02:39.067001 2024] [cgi:error] [pid 115357] [client 10.241.174.114:58166] script not found or unable to stat: /var/www/cgi-bin/viart_shop.xml
[Fri Aug 30 15:02:39.067627 2024] [core:error] [pid 117617] [client 10.241.174.114:58170] AH00135: Invalid method in request DEBUG /OLoZvZRQ.htm HTTP/1.1
[Fri Aug 30 15:02:39.080140 2024] [cgi:error] [pid 115107] [client 10.241.174.114:58198] script not found or unable to stat: /var/www/cgi-bin/vhost.php
[Fri Aug 30 15:02:39.086628 2024] [core:error] [pid 117294] [client 10.241.174.114:58204] AH00135: Invalid method in request INDEX /OLoZvZRQ.htm HTTP/1.1
[Fri Aug 30 15:02:39.106214 2024] [core:error] [pid 117617] [client 10.241.174.114:58226] AH00135: Invalid method in request NOTIFY /OLoZvZRQ.htm HTTP/1.1
[Fri Aug 30 15:02:39.121054 2024] [core:error] [pid 115357] [client 10.241.174.114:58302] AH00135: Invalid method in request ORDERPATCH /OLoZvZRQ.htm HTTP/1.1
[Fri Aug 30 15:02:39.127220 2024] [cgi:error] [pid 117295] [client 10.241.174.114:58310] attempt to invoke directory as script: /var/www/cgi-bin/
[Fri Aug 30 15:02:39.127396 2024] [cgi:error] [pid 108256] [client 10.241.174.114:58280] script not found or unable to stat: /var/www/cgi-bin/index.php
[Fri Aug 30 15:02:39.139161 2024] [core:error] [pid 115356] [client 10.241.174.114:58318] AH00135: Invalid method in request POLL /OLoZvZRQ.htm HTTP/1.1
[Fri Aug 30 15:02:39.167725 2024] [core:error] [pid 117295] [client 10.241.174.114:58370] AH00135: Invalid method in request RPC_IN_DATA /OLoZvZRQ.htm HTTP/1.1
[Fri Aug 30 15:02:39.174532 2024] [core:error] [pid 115107] [client 10.241.174.114:58410] AH00135: Invalid method in request RPC_OUT_DATA /OLoZvZRQ.htm HTTP/1.1
[Fri Aug 30 15:02:39.183879 2024] [core:error] [pid 117294] [client 10.241.174.114:58428] AH00135: Invalid method in request SUBSCRIBE /OLoZvZRQ.htm HTTP/1.1
[Fri Aug 30 15:02:39.188686 2024] [cgi:error] [pid 108256] [client 10.241.174.114:58444] script not found or unable to stat: /var/www/cgi-bin/upload.cgi
[Fri Aug 30 15:02:39.194347 2024] [core:error] [pid 115356] [client 10.241.174.114:58454] AH00135: Invalid method in request TESTZZZ /OLoZvZRQ.htm HTTP/1.1
[Fri Aug 30 15:02:39.214784 2024] [core:error] [pid 117617] [client 10.241.174.114:58476] AH00135: Invalid method in request UNSUBSCRIBE /OLoZvZRQ.htm HTTP/1.1
[Fri Aug 30 15:02:39.214953 2024] [cgi:error] [pid 117291] [client 10.241.174.114:58500] script not found or unable to stat: /var/www/cgi-bin/index.php
[Fri Aug 30 15:02:39.223025 2024] [core:error] [pid 117294] [client 10.241.174.114:58510] AH00135: Invalid method in request X-MS-ENUMATTS /OLoZvZRQ.htm HTTP/1.1
[Fri Aug 30 15:02:39.244687 2024] [cgi:error] [pid 111022] [client 10.241.174.114:58538] attempt to invoke directory as script: /var/www/cgi-bin/
[Fri Aug 30 15:02:39.245710 2024] [cgi:error] [pid 111022] [client 10.241.174.114:58538] script not found or unable to stat: /var/www/cgi-bin/yvuyBuvI.htm
[Fri Aug 30 15:02:39.250328 2024] [cgi:error] [pid 115356] [client 10.241.174.114:58582] script not found or unable to stat: /var/www/cgi-bin/db
[Fri Aug 30 15:02:39.250777 2024] [cgi:error] [pid 117295] [client 10.241.174.114:58584] script not found or unable to stat: /var/www/cgi-bin/yvuyBuvI.htm
[Fri Aug 30 15:02:39.274145 2024] [cgi:error] [pid 115107] [client 10.241.174.114:58608] script not found or unable to stat: /var/www/cgi-bin/yvuyBuvI.htm
[Fri Aug 30 15:02:39.284268 2024] [cgi:error] [pid 117617] [client 10.241.174.114:58640] script not found or unable to stat: /var/www/cgi-bin/yvuyBuvI.htm
[Fri Aug 30 15:02:39.307938 2024] [cgi:error] [pid 108256] [client 10.241.174.114:58654] script not found or unable to stat: /var/www/cgi-bin/yvuyBuvI.htm
[Fri Aug 30 15:02:39.316968 2024] [cgi:error] [pid 111022] [client 10.241.174.114:58696] script not found or unable to stat: /var/www/cgi-bin/yvuyBuvI.htm
[Fri Aug 30 15:02:39.323785 2024] [cgi:error] [pid 117295] [client 10.241.174.114:58710] script not found or unable to stat: /var/www/cgi-bin/yvuyBuvI.htm
[Fri Aug 30 15:02:39.330239 2024] [cgi:error] [pid 115107] [client 10.241.174.114:58730] script not found or unable to stat: /var/www/cgi-bin/yvuyBuvI.htm
[Fri Aug 30 15:02:39.335074 2024] [cgi:error] [pid 108256] [client 10.241.174.114:58744] script not found or unable to stat: /var/www/cgi-bin/yvuyBuvI.htm
[Fri Aug 30 15:02:39.342557 2024] [cgi:error] [pid 111022] [client 10.241.174.114:58772] script not found or unable to stat: /var/www/cgi-bin/db
[Fri Aug 30 15:02:39.348976 2024] [cgi:error] [pid 117295] [client 10.241.174.114:58786] script not found or unable to stat: /var/www/cgi-bin/yvuyBuvI.htm
[Fri Aug 30 15:02:39.365406 2024] [cgi:error] [pid 115107] [client 10.241.174.114:58802] script not found or unable to stat: /var/www/cgi-bin/yvuyBuvI.htm
[Fri Aug 30 15:02:39.373412 2024] [cgi:error] [pid 108256] [client 10.241.174.114:58846] script not found or unable to stat: /var/www/cgi-bin/yvuyBuvI.htm
[Fri Aug 30 15:02:39.386853 2024] [cgi:error] [pid 117294] [client 10.241.174.114:58864] script not found or unable to stat: /var/www/cgi-bin/yvuyBuvI.htm
[Fri Aug 30 15:02:39.393437 2024] [cgi:error] [pid 117295] [client 10.241.174.114:58892] script not found or unable to stat: /var/www/cgi-bin/yvuyBuvI.htm
[Fri Aug 30 15:02:39.394679 2024] [cgi:error] [pid 117295] [client 10.241.174.114:58892] script not found or unable to stat: /var/www/cgi-bin/yvuyBuvI.htm
[Fri Aug 30 15:02:39.399081 2024] [cgi:error] [pid 117291] [client 10.241.174.114:58914] script not found or unable to stat: /var/www/cgi-bin/yvuyBuvI.htm
[Fri Aug 30 15:02:39.399338 2024] [cgi:error] [pid 115107] [client 10.241.174.114:58912] script not found or unable to stat: /var/www/cgi-bin/index.php
[Fri Aug 30 15:02:39.404394 2024] [cgi:error] [pid 108256] [client 10.241.174.114:58922] script not found or unable to stat: /var/www/cgi-bin/yvuyBuvI.htm
[Fri Aug 30 15:02:39.414483 2024] [cgi:error] [pid 117294] [client 10.241.174.114:58942] script not found or unable to stat: /var/www/cgi-bin/yvuyBuvI.htm
[Fri Aug 30 15:02:39.419836 2024] [cgi:error] [pid 115356] [client 10.241.174.114:58956] script not found or unable to stat: /var/www/cgi-bin/yvuyBuvI.htm
[Fri Aug 30 15:02:39.425072 2024] [cgi:error] [pid 117291] [client 10.241.174.114:58970] script not found or unable to stat: /var/www/cgi-bin/yvuyBuvI.htm
[Fri Aug 30 15:02:39.436045 2024] [cgi:error] [pid 108256] [client 10.241.174.114:58980] script not found or unable to stat: /var/www/cgi-bin/yvuyBuvI.htm
[Fri Aug 30 15:02:39.444226 2024] [cgi:error] [pid 117294] [client 10.241.174.114:58996] script not found or unable to stat: /var/www/cgi-bin/yvuyBuvI.htm
[Fri Aug 30 15:02:39.460259 2024] [cgi:error] [pid 115356] [client 10.241.174.114:59020] script not found or unable to stat: /var/www/cgi-bin/yvuyBuvI.htm
[Fri Aug 30 15:02:39.464359 2024] [cgi:error] [pid 117291] [client 10.241.174.114:59032] script not found or unable to stat: /var/www/cgi-bin/yvuyBuvI.htm
[Fri Aug 30 15:02:39.473025 2024] [cgi:error] [pid 108256] [client 10.241.174.114:59038] script not found or unable to stat: /var/www/cgi-bin/yvuyBuvI.htm
[Fri Aug 30 15:02:39.477245 2024] [cgi:error] [pid 117294] [client 10.241.174.114:59050] script not found or unable to stat: /var/www/cgi-bin/yvuyBuvI.htm
[Fri Aug 30 15:02:39.482011 2024] [cgi:error] [pid 115356] [client 10.241.174.114:59060] script not found or unable to stat: /var/www/cgi-bin/yvuyBuvI.htm
[Fri Aug 30 15:02:39.487785 2024] [cgi:error] [pid 117291] [client 10.241.174.114:59074] script not found or unable to stat: /var/www/cgi-bin/yvuyBuvI.htm
[Fri Aug 30 15:02:39.493940 2024] [cgi:error] [pid 115107] [client 10.241.174.114:59084] script not found or unable to stat: /var/www/cgi-bin/yvuyBuvI.htm
[Fri Aug 30 15:02:39.541279 2024] [cgi:error] [pid 117294] [client 10.241.174.114:59124] script not found or unable to stat: /var/www/cgi-bin/yvuyBuvI.htm
[Fri Aug 30 15:02:39.550190 2024] [cgi:error] [pid 115356] [client 10.241.174.114:59150] script not found or unable to stat: /var/www/cgi-bin/yvuyBuvI.htm
[Fri Aug 30 15:02:39.556567 2024] [cgi:error] [pid 117291] [client 10.241.174.114:59158] script not found or unable to stat: /var/www/cgi-bin/yvuyBuvI.htm
[Fri Aug 30 15:02:39.563163 2024] [cgi:error] [pid 115107] [client 10.241.174.114:59182] script not found or unable to stat: /var/www/cgi-bin/yvuyBuvI.htm
[Fri Aug 30 15:02:39.570947 2024] [cgi:error] [pid 117294] [client 10.241.174.114:59192] script not found or unable to stat: /var/www/cgi-bin/yvuyBuvI.htm
[Fri Aug 30 15:02:39.575914 2024] [cgi:error] [pid 115356] [client 10.241.174.114:59200] script not found or unable to stat: /var/www/cgi-bin/yvuyBuvI.htm
[Fri Aug 30 15:02:39.587173 2024] [cgi:error] [pid 117295] [client 10.241.174.114:59202] script not found or unable to stat: /var/www/cgi-bin/yvuyBuvI.htm
[Fri Aug 30 15:02:39.604417 2024] [cgi:error] [pid 117291] [client 10.241.174.114:59226] script not found or unable to stat: /var/www/cgi-bin/yvuyBuvI.htm
[Fri Aug 30 15:02:39.621497 2024] [cgi:error] [pid 115107] [client 10.241.174.114:59264] script not found or unable to stat: /var/www/cgi-bin/yvuyBuvI.htm
[Fri Aug 30 15:02:39.621692 2024] [cgi:error] [pid 117617] [client 10.241.174.114:59268] script not found or unable to stat: /var/www/cgi-bin/port.php
[Fri Aug 30 15:02:39.628112 2024] [cgi:error] [pid 115356] [client 10.241.174.114:59296] script not found or unable to stat: /var/www/cgi-bin/yvuyBuvI.htm
[Fri Aug 30 15:02:39.633203 2024] [cgi:error] [pid 111022] [client 10.241.174.114:59306] script not found or unable to stat: /var/www/cgi-bin/yvuyBuvI.htm
[Fri Aug 30 15:02:39.639700 2024] [cgi:error] [pid 117291] [client 10.241.174.114:59312] script not found or unable to stat: /var/www/cgi-bin/yvuyBuvI.htm
[Fri Aug 30 15:02:39.662909 2024] [cgi:error] [pid 115107] [client 10.241.174.114:59322] script not found or unable to stat: /var/www/cgi-bin/yvuyBuvI.htm
[Fri Aug 30 15:02:39.688779 2024] [cgi:error] [pid 117294] [client 10.241.174.114:59362] script not found or unable to stat: /var/www/cgi-bin/yvuyBuvI.htm
[Fri Aug 30 15:02:39.704384 2024] [core:error] [pid 117291] [client 10.241.174.114:59378] AH00135: Invalid method in request ACL /css/JRzDKYkc.htm HTTP/1.1
[Fri Aug 30 15:02:39.719018 2024] [cgi:error] [pid 117617] [client 10.241.174.114:59396] script not found or unable to stat: /var/www/cgi-bin/ubbthreads.php
[Fri Aug 30 15:02:39.719441 2024] [core:error] [pid 115107] [client 10.241.174.114:59394] AH00135: Invalid method in request BCOPY /css/JRzDKYkc.htm HTTP/1.1
[Fri Aug 30 15:02:39.749791 2024] [core:error] [pid 111022] [client 10.241.174.114:59432] AH00135: Invalid method in request BDELETE /css/JRzDKYkc.htm HTTP/1.1
[Fri Aug 30 15:02:39.773869 2024] [core:error] [pid 117295] [client 10.241.174.114:59466] AH00135: Invalid method in request BMOVE /css/JRzDKYkc.htm HTTP/1.1
[Fri Aug 30 15:02:39.784989 2024] [core:error] [pid 117291] [client 10.241.174.114:59492] AH00135: Invalid method in request BPROPFIND /css/JRzDKYkc.htm HTTP/1.1
[Fri Aug 30 15:02:39.793365 2024] [core:error] [pid 117617] [client 10.241.174.114:59516] AH00135: Invalid method in request BPROPPATCH /css/JRzDKYkc.htm HTTP/1.1
[Fri Aug 30 15:02:39.809999 2024] [cgi:error] [pid 115356] [client 10.241.174.114:59556] script not found or unable to stat: /var/www/cgi-bin/typo3
[Fri Aug 30 15:02:39.813573 2024] [core:error] [pid 117295] [client 10.241.174.114:59558] AH00135: Invalid method in request DEBUG /css/JRzDKYkc.htm HTTP/1.1
[Fri Aug 30 15:02:39.837395 2024] [core:error] [pid 117294] [client 10.241.174.114:59610] AH00135: Invalid method in request INDEX /css/JRzDKYkc.htm HTTP/1.1
[Fri Aug 30 15:02:39.878530 2024] [core:error] [pid 115356] [client 10.241.174.114:59634] AH00135: Invalid method in request NOTIFY /css/JRzDKYkc.htm HTTP/1.1
[Fri Aug 30 15:02:39.886784 2024] [cgi:error] [pid 108256] [client 10.241.174.114:59688] script not found or unable to stat: /var/www/cgi-bin/view
[Fri Aug 30 15:02:39.892020 2024] [cgi:error] [pid 117294] [client 10.241.174.114:59710] attempt to invoke directory as script: /var/www/cgi-bin/
[Fri Aug 30 15:02:39.895111 2024] [core:error] [pid 111022] [client 10.241.174.114:59716] AH00135: Invalid method in request ORDERPATCH /css/JRzDKYkc.htm HTTP/1.1
[Fri Aug 30 15:02:39.904799 2024] [core:error] [pid 117291] [client 10.241.174.114:59730] AH00135: Invalid method in request POLL /css/JRzDKYkc.htm HTTP/1.1
[Fri Aug 30 15:02:39.982252 2024] [core:error] [pid 115107] [client 10.241.174.114:59754] AH00135: Invalid method in request RPC_IN_DATA /css/JRzDKYkc.htm HTTP/1.1
[Fri Aug 30 15:02:39.985291 2024] [cgi:error] [pid 111022] [client 10.241.174.114:59812] script not found or unable to stat: /var/www/cgi-bin/php
[Fri Aug 30 15:02:40.010935 2024] [core:error] [pid 117755] [client 10.241.174.114:59828] AH00135: Invalid method in request RPC_OUT_DATA /css/JRzDKYkc.htm HTTP/1.1
[Fri Aug 30 15:02:40.040093 2024] [core:error] [pid 117291] [client 10.241.174.114:59844] AH00135: Invalid method in request SUBSCRIBE /css/JRzDKYkc.htm HTTP/1.1
[Fri Aug 30 15:02:40.062803 2024] [core:error] [pid 117294] [client 10.241.174.114:59864] AH00135: Invalid method in request TESTZZZ /css/JRzDKYkc.htm HTTP/1.1
[Fri Aug 30 15:02:40.104957 2024] [cgi:error] [pid 115107] [client 10.241.174.114:59942] script not found or unable to stat: /var/www/cgi-bin/php
[Fri Aug 30 15:02:40.106493 2024] [core:error] [pid 111022] [client 10.241.174.114:59894] AH00135: Invalid method in request UNSUBSCRIBE /css/JRzDKYkc.htm HTTP/1.1
[Fri Aug 30 15:02:40.119025 2024] [core:error] [pid 117755] [client 10.241.174.114:59960] AH00135: Invalid method in request X-MS-ENUMATTS /css/JRzDKYkc.htm HTTP/1.1
[Fri Aug 30 15:02:40.139603 2024] [core:error] [pid 108256] [client 10.241.174.114:59996] AH00135: Invalid method in request ACL /icons/qoPWX3tM.htm HTTP/1.1
[Fri Aug 30 15:02:40.178927 2024] [cgi:error] [pid 115107] [client 10.241.174.114:60030] script not found or unable to stat: /var/www/cgi-bin/admin
[Fri Aug 30 15:02:40.179370 2024] [core:error] [pid 111022] [client 10.241.174.114:60020] AH00135: Invalid method in request BCOPY /icons/qoPWX3tM.htm HTTP/1.1
[Fri Aug 30 15:02:40.191247 2024] [core:error] [pid 117755] [client 10.241.174.114:60074] AH00135: Invalid method in request BDELETE /icons/qoPWX3tM.htm HTTP/1.1
[Fri Aug 30 15:02:40.211134 2024] [core:error] [pid 115356] [client 10.241.174.114:60092] AH00135: Invalid method in request BMOVE /icons/qoPWX3tM.htm HTTP/1.1
[Fri Aug 30 15:02:40.239290 2024] [core:error] [pid 117294] [client 10.241.174.114:60154] AH00135: Invalid method in request BPROPFIND /icons/qoPWX3tM.htm HTTP/1.1
[Fri Aug 30 15:02:40.244529 2024] [core:error] [pid 111022] [client 10.241.174.114:60188] AH00135: Invalid method in request BPROPPATCH /icons/qoPWX3tM.htm HTTP/1.1
[Fri Aug 30 15:02:40.274669 2024] [cgi:error] [pid 117291] [client 10.241.174.114:60250] script not found or unable to stat: /var/www/cgi-bin/ttawebtop.cgi
[Fri Aug 30 15:02:40.294059 2024] [core:error] [pid 108256] [client 10.241.174.114:60272] AH00135: Invalid method in request DEBUG /icons/qoPWX3tM.htm HTTP/1.1
[Fri Aug 30 15:02:40.335727 2024] [core:error] [pid 117291] [client 10.241.174.114:60334] AH00135: Invalid method in request INDEX /icons/qoPWX3tM.htm HTTP/1.1
[Fri Aug 30 15:02:40.377084 2024] [core:error] [pid 117755] [client 10.241.174.114:60348] AH00135: Invalid method in request NOTIFY /icons/qoPWX3tM.htm HTTP/1.1
[Fri Aug 30 15:02:40.394039 2024] [cgi:error] [pid 111022] [client 10.241.174.114:60416] script not found or unable to stat: /var/www/cgi-bin/tsweb.asp
[Fri Aug 30 15:02:40.415466 2024] [core:error] [pid 115107] [client 10.241.174.114:60446] AH00135: Invalid method in request ORDERPATCH /icons/qoPWX3tM.htm HTTP/1.1
[Fri Aug 30 15:02:40.415925 2024] [cgi:error] [pid 117291] [client 10.241.174.114:60442] script not found or unable to stat: /var/www/cgi-bin/tsweb
[Fri Aug 30 15:02:40.421949 2024] [core:error] [pid 117617] [client 10.241.174.114:60464] AH00135: Invalid method in request POLL /icons/qoPWX3tM.htm HTTP/1.1
[Fri Aug 30 15:02:40.469964 2024] [core:error] [pid 108256] [client 10.241.174.114:60492] AH00135: Invalid method in request RPC_IN_DATA /icons/qoPWX3tM.htm HTTP/1.1
[Fri Aug 30 15:02:40.479198 2024] [core:error] [pid 117617] [client 10.241.174.114:60538] AH00135: Invalid method in request RPC_OUT_DATA /icons/qoPWX3tM.htm HTTP/1.1
[Fri Aug 30 15:02:40.488528 2024] [core:error] [pid 117755] [client 10.241.174.114:60554] AH00135: Invalid method in request SUBSCRIBE /icons/qoPWX3tM.htm HTTP/1.1
[Fri Aug 30 15:02:40.504406 2024] [cgi:error] [pid 111022] [client 10.241.174.114:60564] script not found or unable to stat: /var/www/cgi-bin/admin.php
[Fri Aug 30 15:02:40.506408 2024] [core:error] [pid 115107] [client 10.241.174.114:60574] AH00135: Invalid method in request TESTZZZ /icons/qoPWX3tM.htm HTTP/1.1
[Fri Aug 30 15:02:40.526202 2024] [core:error] [pid 108256] [client 10.241.174.114:60600] AH00135: Invalid method in request UNSUBSCRIBE /icons/qoPWX3tM.htm HTTP/1.1
[Fri Aug 30 15:02:40.540019 2024] [core:error] [pid 117294] [client 10.241.174.114:60642] AH00135: Invalid method in request X-MS-ENUMATTS /icons/qoPWX3tM.htm HTTP/1.1
[Fri Aug 30 15:02:40.551680 2024] [core:error] [pid 115356] [client 10.241.174.114:60694] AH00135: Invalid method in request ACL /images/hs8yIDrq.htm HTTP/1.1
[Fri Aug 30 15:02:40.563416 2024] [core:error] [pid 117617] [client 10.241.174.114:60716] AH00135: Invalid method in request BCOPY /images/hs8yIDrq.htm HTTP/1.1
[Fri Aug 30 15:02:40.591042 2024] [core:error] [pid 117294] [client 10.241.174.114:60738] AH00135: Invalid method in request BDELETE /images/hs8yIDrq.htm HTTP/1.1
[Fri Aug 30 15:02:40.597026 2024] [core:error] [pid 115107] [client 10.241.174.114:60792] AH00135: Invalid method in request BMOVE /images/hs8yIDrq.htm HTTP/1.1
[Fri Aug 30 15:02:40.607980 2024] [core:error] [pid 115356] [client 10.241.174.114:60812] AH00135: Invalid method in request BPROPFIND /images/hs8yIDrq.htm HTTP/1.1
[Fri Aug 30 15:02:40.615523 2024] [core:error] [pid 117617] [client 10.241.174.114:60840] AH00135: Invalid method in request BPROPPATCH /images/hs8yIDrq.htm HTTP/1.1
[Fri Aug 30 15:02:40.635391 2024] [core:error] [pid 115356] [client 10.241.174.114:60864] AH00135: Invalid method in request DEBUG /images/hs8yIDrq.htm HTTP/1.1
[Fri Aug 30 15:02:40.703392 2024] [core:error] [pid 117294] [client 10.241.174.114:60982] AH00135: Invalid method in request INDEX /images/hs8yIDrq.htm HTTP/1.1
[Fri Aug 30 15:02:40.727123 2024] [core:error] [pid 117755] [client 10.241.174.114:60998] AH00135: Invalid method in request NOTIFY /images/hs8yIDrq.htm HTTP/1.1
[Fri Aug 30 15:02:40.764580 2024] [core:error] [pid 108256] [client 10.241.174.114:32898] AH00135: Invalid method in request ORDERPATCH /images/hs8yIDrq.htm HTTP/1.1
[Fri Aug 30 15:02:40.791533 2024] [core:error] [pid 117617] [client 10.241.174.114:32946] AH00135: Invalid method in request POLL /images/hs8yIDrq.htm HTTP/1.1
[Fri Aug 30 15:02:40.827697 2024] [core:error] [pid 117294] [client 10.241.174.114:33024] AH00135: Invalid method in request RPC_IN_DATA /images/hs8yIDrq.htm HTTP/1.1
[Fri Aug 30 15:02:40.836011 2024] [core:error] [pid 117617] [client 10.241.174.114:33072] AH00135: Invalid method in request RPC_OUT_DATA /images/hs8yIDrq.htm HTTP/1.1
[Fri Aug 30 15:02:40.841711 2024] [core:error] [pid 117755] [client 10.241.174.114:33086] AH00135: Invalid method in request SUBSCRIBE /images/hs8yIDrq.htm HTTP/1.1
[Fri Aug 30 15:02:40.849172 2024] [core:error] [pid 115107] [client 10.241.174.114:33104] AH00135: Invalid method in request TESTZZZ /images/hs8yIDrq.htm HTTP/1.1
[Fri Aug 30 15:02:40.862110 2024] [core:error] [pid 115356] [client 10.241.174.114:33126] AH00135: Invalid method in request UNSUBSCRIBE /images/hs8yIDrq.htm HTTP/1.1
[Fri Aug 30 15:02:40.879836 2024] [core:error] [pid 117617] [client 10.241.174.114:33152] AH00135: Invalid method in request X-MS-ENUMATTS /images/hs8yIDrq.htm HTTP/1.1
[Fri Aug 30 15:02:40.892184 2024] [core:error] [pid 115356] [client 10.241.174.114:33212] AH00135: Invalid method in request ACL /manual/lOb8PIgj.htm HTTP/1.1
[Fri Aug 30 15:02:40.898607 2024] [core:error] [pid 117295] [client 10.241.174.114:33230] AH00135: Invalid method in request BCOPY /manual/lOb8PIgj.htm HTTP/1.1
[Fri Aug 30 15:02:40.905717 2024] [core:error] [pid 117617] [client 10.241.174.114:33250] AH00135: Invalid method in request BDELETE /manual/lOb8PIgj.htm HTTP/1.1
[Fri Aug 30 15:02:40.911447 2024] [core:error] [pid 117294] [client 10.241.174.114:33274] AH00135: Invalid method in request BMOVE /manual/lOb8PIgj.htm HTTP/1.1
[Fri Aug 30 15:02:40.916345 2024] [core:error] [pid 115356] [client 10.241.174.114:33292] AH00135: Invalid method in request BPROPFIND /manual/lOb8PIgj.htm HTTP/1.1
[Fri Aug 30 15:02:40.922676 2024] [core:error] [pid 117291] [client 10.241.174.114:33308] AH00135: Invalid method in request BPROPPATCH /manual/lOb8PIgj.htm HTTP/1.1
[Fri Aug 30 15:02:40.931710 2024] [cgi:error] [pid 115107] [client 10.241.174.114:33344] script not found or unable to stat: /var/www/cgi-bin/index.php
[Fri Aug 30 15:02:40.940704 2024] [cgi:error] [pid 117617] [client 10.241.174.114:33384] script not found or unable to stat: /var/www/cgi-bin/admincp
[Fri Aug 30 15:02:40.942970 2024] [core:error] [pid 117294] [client 10.241.174.114:33400] AH00135: Invalid method in request DEBUG /manual/lOb8PIgj.htm HTTP/1.1
[Fri Aug 30 15:02:40.965890 2024] [core:error] [pid 117755] [client 10.241.174.114:33488] AH00135: Invalid method in request INDEX /manual/lOb8PIgj.htm HTTP/1.1
[Fri Aug 30 15:02:40.989232 2024] [core:error] [pid 117295] [client 10.241.174.114:33514] AH00135: Invalid method in request NOTIFY /manual/lOb8PIgj.htm HTTP/1.1
[Fri Aug 30 15:02:40.993289 2024] [cgi:error] [pid 115356] [client 10.241.174.114:33588] script not found or unable to stat: /var/www/cgi-bin/query
[Fri Aug 30 15:02:41.002953 2024] [core:error] [pid 117291] [client 10.241.174.114:33624] AH00135: Invalid method in request ORDERPATCH /manual/lOb8PIgj.htm HTTP/1.1
[Fri Aug 30 15:02:41.009636 2024] [core:error] [pid 117617] [client 10.241.174.114:33646] AH00135: Invalid method in request POLL /manual/lOb8PIgj.htm HTTP/1.1
[Fri Aug 30 15:02:41.029032 2024] [core:error] [pid 117295] [client 10.241.174.114:33692] AH00135: Invalid method in request RPC_IN_DATA /manual/lOb8PIgj.htm HTTP/1.1
[Fri Aug 30 15:02:41.035953 2024] [core:error] [pid 117291] [client 10.241.174.114:33742] AH00135: Invalid method in request RPC_OUT_DATA /manual/lOb8PIgj.htm HTTP/1.1
[Fri Aug 30 15:02:41.045508 2024] [core:error] [pid 117294] [client 10.241.174.114:33762] AH00135: Invalid method in request SUBSCRIBE /manual/lOb8PIgj.htm HTTP/1.1
[Fri Aug 30 15:02:41.053353 2024] [core:error] [pid 108256] [client 10.241.174.114:33782] AH00135: Invalid method in request TESTZZZ /manual/lOb8PIgj.htm HTTP/1.1
