[Fri Aug 23 18:39:31.031127 2024] [core:error] [pid 105000] [client 10.241.174.103:36122] AH00135: Invalid method in request BPROPPATCH /images/BJlbxG88.htm HTTP/1.1
[Fri Aug 23 18:39:31.044340 2024] [core:error] [pid 104825] [client 10.241.174.103:36140] AH00135: Invalid method in request DEBUG /images/BJlbxG88.htm HTTP/1.1
[Fri Aug 23 18:39:31.060691 2024] [core:error] [pid 105003] [client 10.241.174.103:36166] AH00135: Invalid method in request INDEX /images/BJlbxG88.htm HTTP/1.1
[Fri Aug 23 18:39:31.078149 2024] [core:error] [pid 105004] [client 10.241.174.103:36176] AH00135: Invalid method in request NOTIFY /images/BJlbxG88.htm HTTP/1.1
[Fri Aug 23 18:39:31.086560 2024] [core:error] [pid 105003] [client 10.241.174.103:36204] AH00135: Invalid method in request ORDERPATCH /images/BJlbxG88.htm HTTP/1.1
[Fri Aug 23 18:39:31.096216 2024] [core:error] [pid 104825] [client 10.241.174.103:36212] AH00135: Invalid method in request POLL /images/BJlbxG88.htm HTTP/1.1
[Fri Aug 23 18:39:31.110863 2024] [core:error] [pid 105000] [client 10.241.174.103:36228] AH00135: Invalid method in request RPC_IN_DATA /images/BJlbxG88.htm HTTP/1.1
[Fri Aug 23 18:39:31.118128 2024] [core:error] [pid 95654] [client 10.241.174.103:36252] AH00135: Invalid method in request RPC_OUT_DATA /images/BJlbxG88.htm HTTP/1.1
[Fri Aug 23 18:39:31.128150 2024] [core:error] [pid 102031] [client 10.241.174.103:36264] AH00135: Invalid method in request SUBSCRIBE /images/BJlbxG88.htm HTTP/1.1
[Fri Aug 23 18:39:31.134623 2024] [core:error] [pid 105003] [client 10.241.174.103:36282] AH00135: Invalid method in request TESTZZZ /images/BJlbxG88.htm HTTP/1.1
[Fri Aug 23 18:39:31.142462 2024] [core:error] [pid 102814] [client 10.241.174.103:36290] AH00135: Invalid method in request UNSUBSCRIBE /images/BJlbxG88.htm HTTP/1.1
[Fri Aug 23 18:39:31.150333 2024] [core:error] [pid 105004] [client 10.241.174.103:36302] AH00135: Invalid method in request X-MS-ENUMATTS /images/BJlbxG88.htm HTTP/1.1
[Fri Aug 23 18:39:31.154443 2024] [cgi:error] [pid 102136] [client 10.241.174.103:36310] script not found or unable to stat: /var/www/cgi-bin/sojourn.cgi
[Fri Aug 23 18:39:31.159457 2024] [core:error] [pid 95654] [client 10.241.174.103:36320] AH00135: Invalid method in request ACL /manual/ivTJ413w.htm HTTP/1.1
[Fri Aug 23 18:39:31.171551 2024] [core:error] [pid 104825] [client 10.241.174.103:36332] AH00135: Invalid method in request BCOPY /manual/ivTJ413w.htm HTTP/1.1
[Fri Aug 23 18:39:31.177676 2024] [core:error] [pid 105004] [client 10.241.174.103:36342] AH00135: Invalid method in request BDELETE /manual/ivTJ413w.htm HTTP/1.1
[Fri Aug 23 18:39:31.181877 2024] [core:error] [pid 105000] [client 10.241.174.103:36354] AH00135: Invalid method in request BMOVE /manual/ivTJ413w.htm HTTP/1.1
[Fri Aug 23 18:39:31.186323 2024] [core:error] [pid 102814] [client 10.241.174.103:36362] AH00135: Invalid method in request BPROPFIND /manual/ivTJ413w.htm HTTP/1.1
[Fri Aug 23 18:39:31.194023 2024] [core:error] [pid 104825] [client 10.241.174.103:36368] AH00135: Invalid method in request BPROPPATCH /manual/ivTJ413w.htm HTTP/1.1
[Fri Aug 23 18:39:31.207739 2024] [cgi:error] [pid 105000] [client 10.241.174.103:36392] script not found or unable to stat: /var/www/cgi-bin/index.php
[Fri Aug 23 18:39:31.210510 2024] [core:error] [pid 95654] [client 10.241.174.103:36396] AH00135: Invalid method in request DEBUG /manual/ivTJ413w.htm HTTP/1.1
[Fri Aug 23 18:39:31.230508 2024] [core:error] [pid 105003] [client 10.241.174.103:36424] AH00135: Invalid method in request INDEX /manual/ivTJ413w.htm HTTP/1.1
[Fri Aug 23 18:39:31.243790 2024] [core:error] [pid 105000] [client 10.241.174.103:36430] AH00135: Invalid method in request NOTIFY /manual/ivTJ413w.htm HTTP/1.1
[Fri Aug 23 18:39:31.248037 2024] [cgi:error] [pid 104825] [client 10.241.174.103:36450] script not found or unable to stat: /var/www/cgi-bin/smb2www.pl
[Fri Aug 23 18:39:31.252121 2024] [cgi:error] [pid 102136] [client 10.241.174.103:36460] script not found or unable to stat: /var/www/cgi-bin/samba
[Fri Aug 23 18:39:31.252519 2024] [core:error] [pid 105003] [client 10.241.174.103:36462] AH00135: Invalid method in request ORDERPATCH /manual/ivTJ413w.htm HTTP/1.1
[Fri Aug 23 18:39:31.257740 2024] [core:error] [pid 95654] [client 10.241.174.103:36468] AH00135: Invalid method in request POLL /manual/ivTJ413w.htm HTTP/1.1
[Fri Aug 23 18:39:31.274104 2024] [core:error] [pid 102031] [client 10.241.174.103:36484] AH00135: Invalid method in request RPC_IN_DATA /manual/ivTJ413w.htm HTTP/1.1
[Fri Aug 23 18:39:31.278270 2024] [core:error] [pid 105004] [client 10.241.174.103:36500] AH00135: Invalid method in request RPC_OUT_DATA /manual/ivTJ413w.htm HTTP/1.1
[Fri Aug 23 18:39:31.283918 2024] [core:error] [pid 102814] [client 10.241.174.103:36506] AH00135: Invalid method in request SUBSCRIBE /manual/ivTJ413w.htm HTTP/1.1
[Fri Aug 23 18:39:31.291157 2024] [core:error] [pid 104825] [client 10.241.174.103:36518] AH00135: Invalid method in request TESTZZZ /manual/ivTJ413w.htm HTTP/1.1
[Fri Aug 23 18:39:31.298482 2024] [core:error] [pid 102031] [client 10.241.174.103:36524] AH00135: Invalid method in request UNSUBSCRIBE /manual/ivTJ413w.htm HTTP/1.1
[Fri Aug 23 18:39:31.299765 2024] [cgi:error] [pid 105003] [client 10.241.174.103:36528] script not found or unable to stat: /var/www/cgi-bin/smbshr.pl
[Fri Aug 23 18:39:31.305503 2024] [cgi:error] [pid 95654] [client 10.241.174.103:36534] script not found or unable to stat: /var/www/cgi-bin/samba
[Fri Aug 23 18:39:31.306663 2024] [core:error] [pid 105004] [client 10.241.174.103:36532] AH00135: Invalid method in request X-MS-ENUMATTS /manual/ivTJ413w.htm HTTP/1.1
[Fri Aug 23 18:39:31.344498 2024] [cgi:error] [pid 104825] [client 10.241.174.103:36584] script not found or unable to stat: /var/www/cgi-bin/About
[Fri Aug 23 18:39:31.362570 2024] [cgi:error] [pid 105000] [client 10.241.174.103:36608] script not found or unable to stat: /var/www/cgi-bin/guestbook.php
[Fri Aug 23 18:39:31.378384 2024] [cgi:error] [pid 102814] [client 10.241.174.103:36622] script not found or unable to stat: /var/www/cgi-bin/webboard
[Fri Aug 23 18:39:31.383181 2024] [cgi:error] [pid 104825] [client 10.241.174.103:36628] script not found or unable to stat: /var/www/cgi-bin/generate.cgi
[Fri Aug 23 18:39:31.421228 2024] [cgi:error] [pid 102136] [client 10.241.174.103:36678] script not found or unable to stat: /var/www/cgi-bin/pwcgi
[Fri Aug 23 18:39:31.452710 2024] [cgi:error] [pid 95654] [client 10.241.174.103:36698] script not found or unable to stat: /var/www/cgi-bin/sitemap.xml
[Fri Aug 23 18:39:31.501336 2024] [cgi:error] [pid 102031] [client 10.241.174.103:36764] script not found or unable to stat: /var/www/cgi-bin/forum.php
[Fri Aug 23 18:39:31.625439 2024] [cgi:error] [pid 104825] [client 10.241.174.103:36894] script not found or unable to stat: /var/www/cgi-bin/login
[Fri Aug 23 18:39:31.630942 2024] [cgi:error] [pid 102136] [client 10.241.174.103:36912] script not found or unable to stat: /var/www/cgi-bin/shell
[Fri Aug 23 18:39:31.731098 2024] [cgi:error] [pid 102031] [client 10.241.174.103:37030] attempt to invoke directory as script: /var/www/cgi-bin/
[Fri Aug 23 18:39:31.800144 2024] [cgi:error] [pid 102136] [client 10.241.174.103:37116] script not found or unable to stat: /var/www/cgi-bin/guestbook.php
[Fri Aug 23 18:39:31.873378 2024] [cgi:error] [pid 104825] [client 10.241.174.103:37174] script not found or unable to stat: /var/www/cgi-bin/Security
[Fri Aug 23 18:39:32.112875 2024] [cgi:error] [pid 105000] [client 10.241.174.103:37288] script not found or unable to stat: /var/www/cgi-bin/gotopage.cgi
[Fri Aug 23 18:39:32.147094 2024] [cgi:error] [pid 102136] [client 10.241.174.103:37312] script not found or unable to stat: /var/www/cgi-bin/sgdynamo.exe
[Fri Aug 23 18:39:32.249231 2024] [cgi:error] [pid 95654] [client 10.241.174.103:37342] script not found or unable to stat: /var/www/cgi-bin/index.php
[Fri Aug 23 18:39:32.297523 2024] [cgi:error] [pid 105003] [client 10.241.174.103:37358] script not found or unable to stat: /var/www/cgi-bin/sendtemp.pl
[Fri Aug 23 18:39:32.415836 2024] [cgi:error] [pid 102136] [client 10.241.174.103:37398] script not found or unable to stat: /var/www/cgi-bin/sdbsearch.cgi, referer: https://taas-prod.cise.ufl.edu/../../../../etc
[Fri Aug 23 18:39:32.546784 2024] [cgi:error] [pid 95654] [client 10.241.174.103:37440] script not found or unable to stat: /var/www/cgi-bin/guestbook
[Fri Aug 23 18:39:32.560677 2024] [cgi:error] [pid 104825] [client 10.241.174.103:37444] script not found or unable to stat: /var/www/cgi-bin/view.php
[Fri Aug 23 18:39:33.086315 2024] [cgi:error] [pid 102814] [client 10.241.174.103:37804] script not found or unable to stat: /var/www/cgi-bin/modules
[Fri Aug 23 18:39:33.110007 2024] [cgi:error] [pid 102136] [client 10.241.174.103:37820] script not found or unable to stat: /var/www/cgi-bin/user.php
[Fri Aug 23 18:39:33.132415 2024] [cgi:error] [pid 104825] [client 10.241.174.103:37832] attempt to invoke directory as script: /var/www/cgi-bin/
[Fri Aug 23 18:39:33.149986 2024] [cgi:error] [pid 105000] [client 10.241.174.103:37842] script not found or unable to stat: /var/www/cgi-bin/index.html
[Fri Aug 23 18:39:33.213288 2024] [cgi:error] [pid 102136] [client 10.241.174.103:37894] script not found or unable to stat: /var/www/cgi-bin/1724452773-ror_session_fixation.nasl
[Fri Aug 23 18:39:33.278875 2024] [cgi:error] [pid 102814] [client 10.241.174.103:37952] script not found or unable to stat: /var/www/cgi-bin/search.pl
[Fri Aug 23 18:39:33.339826 2024] [cgi:error] [pid 102814] [client 10.241.174.103:37992] script not found or unable to stat: /var/www/cgi-bin/search
[Fri Aug 23 18:39:33.355468 2024] [cgi:error] [pid 95654] [client 10.241.174.103:38000] script not found or unable to stat: /var/www/cgi-bin/search
[Fri Aug 23 18:39:33.378304 2024] [cgi:error] [pid 102034] [client 10.241.174.103:38010] script not found or unable to stat: /var/www/cgi-bin/index.php
[Fri Aug 23 18:39:33.402561 2024] [cgi:error] [pid 104825] [client 10.241.174.103:38026] script not found or unable to stat: /var/www/cgi-bin/showproduct.php
[Fri Aug 23 18:39:33.403216 2024] [cgi:error] [pid 104825] [client 10.241.174.103:38026] script not found or unable to stat: /var/www/cgi-bin/showcat.php
[Fri Aug 23 18:39:33.482007 2024] [cgi:error] [pid 102814] [client 10.241.174.103:38072] script not found or unable to stat: /var/www/cgi-bin/r57.php
[Fri Aug 23 18:39:33.556003 2024] [cgi:error] [pid 104852] [client 10.241.174.103:38104] script not found or unable to stat: /var/www/cgi-bin/quickstore.cgi
[Fri Aug 23 18:39:33.581679 2024] [cgi:error] [pid 105000] [client 10.241.174.103:38120] script not found or unable to stat: /var/www/cgi-bin/quickstore.cgi
[Fri Aug 23 18:39:33.624017 2024] [cgi:error] [pid 104825] [client 10.241.174.103:38150] script not found or unable to stat: /var/www/cgi-bin/admin
[Fri Aug 23 18:39:33.649349 2024] [cgi:error] [pid 95654] [client 10.241.174.103:38168] script not found or unable to stat: /var/www/cgi-bin/authLogin.cgi
[Fri Aug 23 18:39:33.666098 2024] [cgi:error] [pid 102034] [client 10.241.174.103:38176] script not found or unable to stat: /var/www/cgi-bin/authLogin.cgi
[Fri Aug 23 18:39:33.716561 2024] [cgi:error] [pid 102814] [client 10.241.174.103:38198] script not found or unable to stat: /var/www/cgi-bin/profil.php
[Fri Aug 23 18:39:33.801819 2024] [cgi:error] [pid 102814] [client 10.241.174.103:38254] script not found or unable to stat: /var/www/cgi-bin/index.php
[Fri Aug 23 18:39:33.898750 2024] [cgi:error] [pid 102034] [client 10.241.174.103:38316] script not found or unable to stat: /var/www/cgi-bin/printenv
[Fri Aug 23 18:39:33.926155 2024] [cgi:error] [pid 102136] [client 10.241.174.103:38326] script not found or unable to stat: /var/www/cgi-bin/index.php
[Fri Aug 23 18:39:33.969909 2024] [cgi:error] [pid 102034] [client 10.241.174.103:38354] script not found or unable to stat: /var/www/cgi-bin/index.php
[Fri Aug 23 18:39:34.001125 2024] [cgi:error] [pid 102031] [client 10.241.174.103:38374] script not found or unable to stat: /var/www/cgi-bin/login.php
[Fri Aug 23 18:39:34.034890 2024] [cgi:error] [pid 102031] [client 10.241.174.103:38398] script not found or unable to stat: /var/www/cgi-bin/index.php
[Fri Aug 23 18:39:34.060923 2024] [cgi:error] [pid 102814] [client 10.241.174.103:38410] script not found or unable to stat: /var/www/cgi-bin/admin
[Fri Aug 23 18:39:34.081628 2024] [cgi:error] [pid 104825] [client 10.241.174.103:38422] script not found or unable to stat: /var/www/cgi-bin/pollit
[Fri Aug 23 18:39:34.097009 2024] [cgi:error] [pid 102034] [client 10.241.174.103:38430] script not found or unable to stat: /var/www/cgi-bin/billing
[Fri Aug 23 18:39:34.121826 2024] [cgi:error] [pid 102031] [client 10.241.174.103:38448] attempt to invoke directory as script: /var/www/cgi-bin/
[Fri Aug 23 18:39:34.142797 2024] [cgi:error] [pid 102136] [client 10.241.174.103:38462] script not found or unable to stat: /var/www/cgi-bin/index.php
[Fri Aug 23 18:39:34.166476 2024] [cgi:error] [pid 104825] [client 10.241.174.103:38476] attempt to invoke directory as script: /var/www/cgi-bin/
[Fri Aug 23 18:39:34.187887 2024] [cgi:error] [pid 104852] [client 10.241.174.103:38490] script not found or unable to stat: /var/www/cgi-bin/identity
[Fri Aug 23 18:39:34.229843 2024] [cgi:error] [pid 102136] [client 10.241.174.103:38512] script not found or unable to stat: /var/www/cgi-bin/PJreview_Neo.cgi
[Fri Aug 23 18:39:34.260123 2024] [cgi:error] [pid 104825] [client 10.241.174.103:38526] script not found or unable to stat: /var/www/cgi-bin/index.php
[Fri Aug 23 18:39:34.264672 2024] [cgi:error] [pid 102136] [client 10.241.174.103:38530] script not found or unable to stat: /var/www/cgi-bin/CHANGELOG.md
[Fri Aug 23 18:39:34.301601 2024] [cgi:error] [pid 102814] [client 10.241.174.103:38566] script not found or unable to stat: /var/www/cgi-bin/index.php
[Fri Aug 23 18:39:34.338064 2024] [cgi:error] [pid 102136] [client 10.241.174.103:38586] script not found or unable to stat: /var/www/cgi-bin/admin
[Fri Aug 23 18:39:34.365010 2024] [cgi:error] [pid 104825] [client 10.241.174.103:38600] script not found or unable to stat: /var/www/cgi-bin/index.php
[Fri Aug 23 18:39:34.390023 2024] [cgi:error] [pid 95654] [client 10.241.174.103:38614] script not found or unable to stat: /var/www/cgi-bin/roschedule.php
[Fri Aug 23 18:39:34.447071 2024] [core:error] [pid 102136] [client 10.241.174.103:38654] AH00126: Invalid URI in request GET admin/index.php HTTP/1.1
[Fri Aug 23 18:39:34.463363 2024] [cgi:error] [pid 104852] [client 10.241.174.103:38662] script not found or unable to stat: /var/www/cgi-bin/index.php
[Fri Aug 23 18:39:34.488043 2024] [cgi:error] [pid 102034] [client 10.241.174.103:38678] script not found or unable to stat: /var/www/cgi-bin/index.php
[Fri Aug 23 18:39:34.529757 2024] [cgi:error] [pid 104825] [client 10.241.174.103:38708] attempt to invoke directory as script: /var/www/cgi-bin/
[Fri Aug 23 18:39:34.551683 2024] [cgi:error] [pid 104852] [client 10.241.174.103:38720] script not found or unable to stat: /var/www/cgi-bin/index.php
[Fri Aug 23 18:39:34.574649 2024] [cgi:error] [pid 102034] [client 10.241.174.103:38736] script not found or unable to stat: /var/www/cgi-bin/index.php
[Fri Aug 23 18:39:34.617953 2024] [cgi:error] [pid 104825] [client 10.241.174.103:38774] script not found or unable to stat: /var/www/cgi-bin/phpinfo.php
[Fri Aug 23 18:39:34.623183 2024] [cgi:error] [pid 102136] [client 10.241.174.103:38776] script not found or unable to stat: /var/www/cgi-bin/info.php
[Fri Aug 23 18:39:34.851819 2024] [cgi:error] [pid 102136] [client 10.241.174.103:38834] script not found or unable to stat: /var/www/cgi-bin/login.php
[Fri Aug 23 18:39:34.878686 2024] [cgi:error] [pid 104825] [client 10.241.174.103:38858] script not found or unable to stat: /var/www/cgi-bin/login.php
[Fri Aug 23 18:39:34.905891 2024] [cgi:error] [pid 95654] [client 10.241.174.103:38886] script not found or unable to stat: /var/www/cgi-bin/includes
[Fri Aug 23 18:39:34.931840 2024] [cgi:error] [pid 104852] [client 10.241.174.103:38906] script not found or unable to stat: /var/www/cgi-bin/index.php
[Fri Aug 23 18:39:34.962958 2024] [cgi:error] [pid 95654] [client 10.241.174.103:38926] script not found or unable to stat: /var/www/cgi-bin/admin
[Fri Aug 23 18:39:34.981308 2024] [cgi:error] [pid 102031] [client 10.241.174.103:38934] script not found or unable to stat: /var/www/cgi-bin/autohtml.php
[Fri Aug 23 18:39:35.011317 2024] [cgi:error] [pid 102814] [client 10.241.174.103:38956] attempt to invoke directory as script: /var/www/cgi-bin/
[Fri Aug 23 18:39:35.034631 2024] [cgi:error] [pid 104825] [client 10.241.174.103:38968] script not found or unable to stat: /var/www/cgi-bin/phpnews
[Fri Aug 23 18:39:35.061596 2024] [cgi:error] [pid 95654] [client 10.241.174.103:38980] script not found or unable to stat: /var/www/cgi-bin/news.php
[Fri Aug 23 18:39:35.102873 2024] [cgi:error] [pid 102814] [client 10.241.174.103:39008] script not found or unable to stat: /var/www/cgi-bin/wizard
[Fri Aug 23 18:39:35.125179 2024] [cgi:error] [pid 95654] [client 10.241.174.103:39026] script not found or unable to stat: /var/www/cgi-bin/mylog.html
[Fri Aug 23 18:39:35.126159 2024] [cgi:error] [pid 95654] [client 10.241.174.103:39026] script not found or unable to stat: /var/www/cgi-bin/mlog.html
[Fri Aug 23 18:39:35.138754 2024] [cgi:error] [pid 102136] [client 10.241.174.103:39032] script not found or unable to stat: /var/www/cgi-bin/admin
[Fri Aug 23 18:39:35.158061 2024] [cgi:error] [pid 104852] [client 10.241.174.103:39052] script not found or unable to stat: /var/www/cgi-bin/index.php
[Fri Aug 23 18:39:35.185342 2024] [cgi:error] [pid 104852] [client 10.241.174.103:39072] script not found or unable to stat: /var/www/cgi-bin/main.php
[Fri Aug 23 18:39:35.189072 2024] [cgi:error] [pid 95654] [client 10.241.174.103:39074] attempt to invoke directory as script: /var/www/cgi-bin/
[Fri Aug 23 18:39:35.210143 2024] [cgi:error] [pid 105000] [client 10.241.174.103:39084] script not found or unable to stat: /var/www/cgi-bin/search.php
[Fri Aug 23 18:39:35.235411 2024] [cgi:error] [pid 102031] [client 10.241.174.103:39100] script not found or unable to stat: /var/www/cgi-bin/php.cgi
[Fri Aug 23 18:39:35.259880 2024] [cgi:error] [pid 102814] [client 10.241.174.103:39116] script not found or unable to stat: /var/www/cgi-bin/admin.php
[Fri Aug 23 18:39:35.303846 2024] [cgi:error] [pid 104852] [client 10.241.174.103:39144] script not found or unable to stat: /var/www/cgi-bin/pfdispaly
[Fri Aug 23 18:39:35.307977 2024] [cgi:error] [pid 95654] [client 10.241.174.103:39150] script not found or unable to stat: /var/www/cgi-bin/pfdispaly.cgi
[Fri Aug 23 18:39:35.340971 2024] [cgi:error] [pid 104825] [client 10.241.174.103:39174] script not found or unable to stat: /var/www/cgi-bin/kb.cgi
[Fri Aug 23 18:39:35.363673 2024] [cgi:error] [pid 104825] [client 10.241.174.103:39188] script not found or unable to stat: /var/www/cgi-bin/pdesk.cgi
[Fri Aug 23 18:39:35.392422 2024] [cgi:error] [pid 95654] [client 10.241.174.103:39204] script not found or unable to stat: /var/www/cgi-bin/perl
[Fri Aug 23 18:39:35.396109 2024] [cgi:error] [pid 105004] [client 10.241.174.103:39208] script not found or unable to stat: /var/www/cgi-bin/perl.exe
[Fri Aug 23 18:39:35.435916 2024] [cgi:error] [pid 102136] [client 10.241.174.103:39232] script not found or unable to stat: /var/www/cgi-bin/cal_make.pl
[Fri Aug 23 18:39:35.478850 2024] [cgi:error] [pid 104852] [client 10.241.174.103:39266] script not found or unable to stat: /var/www/cgi-bin/index.asp
[Fri Aug 23 18:39:35.518808 2024] [cgi:error] [pid 105004] [client 10.241.174.103:39296] script not found or unable to stat: /var/www/cgi-bin/index.php
[Fri Aug 23 18:39:35.542242 2024] [cgi:error] [pid 95654] [client 10.241.174.103:39308] script not found or unable to stat: /var/www/cgi-bin/usrdetails.php
[Fri Aug 23 18:39:35.621774 2024] [cgi:error] [pid 105000] [client 10.241.174.103:39362] script not found or unable to stat: /var/www/cgi-bin/pals-cgi
[Fri Aug 23 18:39:35.664459 2024] [cgi:error] [pid 104852] [client 10.241.174.103:39394] script not found or unable to stat: /var/www/cgi-bin/pafiledb.php
[Fri Aug 23 18:39:35.700433 2024] [cgi:error] [pid 95654] [client 10.241.174.103:39414] script not found or unable to stat: /var/www/cgi-bin/p-news.php
[Fri Aug 23 18:39:35.767095 2024] [cgi:error] [pid 95654] [client 10.241.174.103:39454] script not found or unable to stat: /var/www/cgi-bin/index.php
[Fri Aug 23 18:39:35.771086 2024] [cgi:error] [pid 105004] [client 10.241.174.103:39456] script not found or unable to stat: /var/www/cgi-bin/index.php
[Fri Aug 23 18:39:35.775209 2024] [cgi:error] [pid 102136] [client 10.241.174.103:39458] script not found or unable to stat: /var/www/cgi-bin/Nessus404
[Fri Aug 23 18:39:35.812784 2024] [cgi:error] [pid 102031] [client 10.241.174.103:39492] script not found or unable to stat: /var/www/cgi-bin/browse.php
[Fri Aug 23 18:39:35.877304 2024] [cgi:error] [pid 105004] [client 10.241.174.103:39530] script not found or unable to stat: /var/www/cgi-bin/open.php
[Fri Aug 23 18:39:35.972639 2024] [cgi:error] [pid 102031] [client 10.241.174.103:39594] script not found or unable to stat: /var/www/cgi-bin/admin
[Fri Aug 23 18:39:36.455700 2024] [cgi:error] [pid 105000] [client 10.241.174.103:39946] attempt to invoke directory as script: /var/www/cgi-bin/
[Fri Aug 23 18:39:36.510074 2024] [cgi:error] [pid 105004] [client 10.241.174.103:39980] attempt to invoke directory as script: /var/www/cgi-bin/
[Fri Aug 23 18:39:36.532374 2024] [cgi:error] [pid 95654] [client 10.241.174.103:40000] script not found or unable to stat: /var/www/cgi-bin/luci
[Fri Aug 23 18:39:36.537451 2024] [cgi:error] [pid 102034] [client 10.241.174.103:40006] script not found or unable to stat: /var/www/cgi-bin/openwebmail.pl
[Fri Aug 23 18:39:38.225829 2024] [cgi:error] [pid 95654] [client 10.241.174.103:40364] script not found or unable to stat: /var/www/cgi-bin/acegilogin.jsp
[Fri Aug 23 18:39:38.333685 2024] [cgi:error] [pid 105004] [client 10.241.174.103:40458] script not found or unable to stat: /var/www/cgi-bin/index.php
[Fri Aug 23 18:39:38.355631 2024] [cgi:error] [pid 102034] [client 10.241.174.103:40482] script not found or unable to stat: /var/www/cgi-bin/pub
[Fri Aug 23 18:39:38.384454 2024] [cgi:error] [pid 102814] [client 10.241.174.103:40508] script not found or unable to stat: /var/www/cgi-bin/index.php
[Fri Aug 23 18:39:38.401026 2024] [cgi:error] [pid 104852] [client 10.241.174.103:40520] script not found or unable to stat: /var/www/cgi-bin/index.php
[Fri Aug 23 18:39:38.448563 2024] [cgi:error] [pid 102031] [client 10.241.174.103:40560] script not found or unable to stat: /var/www/cgi-bin/index.php
[Fri Aug 23 18:39:38.482139 2024] [cgi:error] [pid 102031] [client 10.241.174.103:40584] script not found or unable to stat: /var/www/cgi-bin/index.php
[Fri Aug 23 18:39:38.507325 2024] [cgi:error] [pid 95654] [client 10.241.174.103:40606] script not found or unable to stat: /var/www/cgi-bin/index.php
[Fri Aug 23 18:39:38.541750 2024] [cgi:error] [pid 95654] [client 10.241.174.103:40632] attempt to invoke directory as script: /var/www/cgi-bin/
[Fri Aug 23 18:39:38.561108 2024] [cgi:error] [pid 105000] [client 10.241.174.103:40646] script not found or unable to stat: /var/www/cgi-bin/about.php
[Fri Aug 23 18:39:38.597055 2024] [cgi:error] [pid 95654] [client 10.241.174.103:40676] script not found or unable to stat: /var/www/cgi-bin/supporter
[Fri Aug 23 18:39:38.632633 2024] [cgi:error] [pid 105000] [client 10.241.174.103:40714] script not found or unable to stat: /var/www/cgi-bin/index.php
[Fri Aug 23 18:39:38.652423 2024] [cgi:error] [pid 102814] [client 10.241.174.103:40740] script not found or unable to stat: /var/www/cgi-bin/admin
[Fri Aug 23 18:39:38.671122 2024] [cgi:error] [pid 105003] [client 10.241.174.103:40758] script not found or unable to stat: /var/www/cgi-bin/index.php
[Fri Aug 23 18:39:38.691686 2024] [cgi:error] [pid 105003] [client 10.241.174.103:40780] script not found or unable to stat: /var/www/cgi-bin/index.php
[Fri Aug 23 18:39:38.702689 2024] [cgi:error] [pid 105000] [client 10.241.174.103:40790] script not found or unable to stat: /var/www/cgi-bin/nph-proxy.cgi
[Fri Aug 23 18:39:38.759342 2024] [cgi:error] [pid 102031] [client 10.241.174.103:40872] script not found or unable to stat: /var/www/cgi-bin/zenworks
[Fri Aug 23 18:39:38.787364 2024] [cgi:error] [pid 95654] [client 10.241.174.103:40904] script not found or unable to stat: /var/www/cgi-bin/c
[Fri Aug 23 18:39:38.917076 2024] [cgi:error] [pid 105004] [client 10.241.174.103:41056] script not found or unable to stat: /var/www/cgi-bin/newsdesk.cgi
[Fri Aug 23 18:39:38.950425 2024] [cgi:error] [pid 105003] [client 10.241.174.103:41086] script not found or unable to stat: /var/www/cgi-bin/client_execute.cgi
[Fri Aug 23 18:39:38.983897 2024] [cgi:error] [pid 102814] [client 10.241.174.103:41122] script not found or unable to stat: /var/www/cgi-bin/guestimage.html
[Fri Aug 23 18:39:39.006797 2024] [cgi:error] [pid 105004] [client 10.241.174.103:41150] script not found or unable to stat: /var/www/cgi-bin/camctrl.cgi
[Fri Aug 23 18:39:39.012554 2024] [cgi:error] [pid 104852] [client 10.241.174.103:41158] script not found or unable to stat: /var/www/cgi-bin/ctrldirect.cgi
[Fri Aug 23 18:39:39.087738 2024] [cgi:error] [pid 105004] [client 10.241.174.103:41228] script not found or unable to stat: /var/www/cgi-bin/netauth.cgi
[Fri Aug 23 18:39:39.104966 2024] [cgi:error] [pid 105000] [client 10.241.174.103:41250] script not found or unable to stat: /var/www/cgi-bin/neomail.pl
[Fri Aug 23 18:39:39.143693 2024] [cgi:error] [pid 102031] [client 10.241.174.103:41286] script not found or unable to stat: /var/www/cgi-bin/nbmember.cgi
[Fri Aug 23 18:39:39.147011 2024] [cgi:error] [pid 105000] [client 10.241.174.103:41288] script not found or unable to stat: /var/www/cgi-bin/ncbook.cgi
[Fri Aug 23 18:39:39.153374 2024] [cgi:error] [pid 105004] [client 10.241.174.103:41292] script not found or unable to stat: /var/www/cgi-bin/ncbook
[Fri Aug 23 18:39:39.184721 2024] [cgi:error] [pid 104852] [client 10.241.174.103:41326] script not found or unable to stat: /var/www/cgi-bin/namazu.cgi
[Fri Aug 23 18:39:39.200063 2024] [cgi:error] [pid 105004] [client 10.241.174.103:41340] script not found or unable to stat: /var/www/cgi-bin/index.php
[Fri Aug 23 18:39:39.225526 2024] [cgi:error] [pid 102136] [client 10.241.174.103:41374] script not found or unable to stat: /var/www/cgi-bin/login.php
[Fri Aug 23 18:39:39.235579 2024] [cgi:error] [pid 102031] [client 10.241.174.103:41388] script not found or unable to stat: /var/www/cgi-bin/main.php
[Fri Aug 23 18:39:39.267132 2024] [cgi:error] [pid 102136] [client 10.241.174.103:41424] attempt to invoke directory as script: /var/www/cgi-bin/
[Fri Aug 23 18:39:39.292988 2024] [cgi:error] [pid 105004] [client 10.241.174.103:41444] script not found or unable to stat: /var/www/cgi-bin/op
[Fri Aug 23 18:39:39.304974 2024] [cgi:error] [pid 102814] [client 10.241.174.103:41456] script not found or unable to stat: /var/www/cgi-bin/member.php
[Fri Aug 23 18:39:39.320345 2024] [cgi:error] [pid 95654] [client 10.241.174.103:41470] script not found or unable to stat: /var/www/cgi-bin/interface
[Fri Aug 23 18:39:39.339271 2024] [cgi:error] [pid 102031] [client 10.241.174.103:41498] attempt to invoke directory as script: /var/www/cgi-bin/
[Fri Aug 23 18:39:39.363663 2024] [core:error] [pid 102031] [client 10.241.174.103:41518] AH00126: Invalid URI in request GET multihtml.pl?multi=/etc/passwd%00html HTTP/1.1
[Fri Aug 23 18:39:39.369281 2024] [cgi:error] [pid 95654] [client 10.241.174.103:41520] script not found or unable to stat: /var/www/cgi-bin/top.php
[Fri Aug 23 18:39:39.379622 2024] [cgi:error] [pid 105000] [client 10.241.174.103:41534] script not found or unable to stat: /var/www/cgi-bin/help.php
[Fri Aug 23 18:39:39.399915 2024] [cgi:error] [pid 105000] [client 10.241.174.103:41562] script not found or unable to stat: /var/www/cgi-bin/mt.cgi
[Fri Aug 23 18:39:39.416058 2024] [cgi:error] [pid 105004] [client 10.241.174.103:41574] script not found or unable to stat: /var/www/cgi-bin/index.php
[Fri Aug 23 18:39:39.417953 2024] [cgi:error] [pid 104825] [client 10.241.174.103:41578] script not found or unable to stat: /var/www/cgi-bin/wiki.php
[Fri Aug 23 18:39:39.466063 2024] [cgi:error] [pid 95654] [client 10.241.174.103:41628] script not found or unable to stat: /var/www/cgi-bin/SystemInfo
[Fri Aug 23 18:39:39.466247 2024] [core:error] [pid 104825] [client 10.241.174.103:41626] AH00135: Invalid method in request ACL /manual/developer/EJe3lPk9.htm HTTP/1.1
[Fri Aug 23 18:39:39.469300 2024] [cgi:error] [pid 105003] [client 10.241.174.103:41630] script not found or unable to stat: /var/www/cgi-bin/manager
[Fri Aug 23 18:39:39.473197 2024] [core:error] [pid 102034] [client 10.241.174.103:41638] AH00135: Invalid method in request BCOPY /manual/developer/EJe3lPk9.htm HTTP/1.1
[Fri Aug 23 18:39:39.477938 2024] [core:error] [pid 105004] [client 10.241.174.103:41644] AH00135: Invalid method in request BDELETE /manual/developer/EJe3lPk9.htm HTTP/1.1
[Fri Aug 23 18:39:39.486544 2024] [core:error] [pid 95654] [client 10.241.174.103:41650] AH00135: Invalid method in request BMOVE /manual/developer/EJe3lPk9.htm HTTP/1.1
[Fri Aug 23 18:39:39.497005 2024] [core:error] [pid 102814] [client 10.241.174.103:41660] AH00135: Invalid method in request BPROPFIND /manual/developer/EJe3lPk9.htm HTTP/1.1
[Fri Aug 23 18:39:39.504661 2024] [core:error] [pid 105004] [client 10.241.174.103:41670] AH00135: Invalid method in request BPROPPATCH /manual/developer/EJe3lPk9.htm HTTP/1.1
[Fri Aug 23 18:39:39.523406 2024] [core:error] [pid 102034] [client 10.241.174.103:41686] AH00135: Invalid method in request DEBUG /manual/developer/EJe3lPk9.htm HTTP/1.1
[Fri Aug 23 18:39:39.540134 2024] [core:error] [pid 95654] [client 10.241.174.103:41700] AH00135: Invalid method in request INDEX /manual/developer/EJe3lPk9.htm HTTP/1.1
[Fri Aug 23 18:39:39.546891 2024] [cgi:error] [pid 102814] [client 10.241.174.103:41708] script not found or unable to stat: /var/www/cgi-bin/search.cgi
[Fri Aug 23 18:39:39.554028 2024] [cgi:error] [pid 105004] [client 10.241.174.103:41718] script not found or unable to stat: /var/www/cgi-bin/search.pl
[Fri Aug 23 18:39:39.562662 2024] [core:error] [pid 102031] [client 10.241.174.103:41714] AH00135: Invalid method in request NOTIFY /manual/developer/EJe3lPk9.htm HTTP/1.1
[Fri Aug 23 18:39:39.562898 2024] [cgi:error] [pid 95654] [client 10.241.174.103:41726] script not found or unable to stat: /var/www/cgi-bin/search.exe
[Fri Aug 23 18:39:39.573962 2024] [core:error] [pid 104825] [client 10.241.174.103:41736] AH00135: Invalid method in request ORDERPATCH /manual/developer/EJe3lPk9.htm HTTP/1.1
[Fri Aug 23 18:39:39.579557 2024] [core:error] [pid 105004] [client 10.241.174.103:41740] AH00135: Invalid method in request POLL /manual/developer/EJe3lPk9.htm HTTP/1.1
[Fri Aug 23 18:39:39.599159 2024] [core:error] [pid 102814] [client 10.241.174.103:41758] AH00135: Invalid method in request RPC_IN_DATA /manual/developer/EJe3lPk9.htm HTTP/1.1
[Fri Aug 23 18:39:39.610657 2024] [core:error] [pid 104825] [client 10.241.174.103:41776] AH00135: Invalid method in request RPC_OUT_DATA /manual/developer/EJe3lPk9.htm HTTP/1.1
[Fri Aug 23 18:39:39.618777 2024] [core:error] [pid 105000] [client 10.241.174.103:41788] AH00135: Invalid method in request SUBSCRIBE /manual/developer/EJe3lPk9.htm HTTP/1.1
[Fri Aug 23 18:39:39.625916 2024] [core:error] [pid 95654] [client 10.241.174.103:41798] AH00135: Invalid method in request TESTZZZ /manual/developer/EJe3lPk9.htm HTTP/1.1
[Fri Aug 23 18:39:39.627113 2024] [cgi:error] [pid 102136] [client 10.241.174.103:41800] script not found or unable to stat: /var/www/cgi-bin/simple
[Fri Aug 23 18:39:39.629586 2024] [cgi:error] [pid 104825] [client 10.241.174.103:41802] script not found or unable to stat: /var/www/cgi-bin/minis.php
[Fri Aug 23 18:39:39.641793 2024] [core:error] [pid 102034] [client 10.241.174.103:41804] AH00135: Invalid method in request UNSUBSCRIBE /manual/developer/EJe3lPk9.htm HTTP/1.1
[Fri Aug 23 18:39:39.655316 2024] [core:error] [pid 102136] [client 10.241.174.103:41820] AH00135: Invalid method in request X-MS-ENUMATTS /manual/developer/EJe3lPk9.htm HTTP/1.1
[Fri Aug 23 18:39:39.741806 2024] [cgi:error] [pid 102031] [client 10.241.174.103:41922] script not found or unable to stat: /var/www/cgi-bin/mensajeitor.php
[Fri Aug 23 18:39:39.934452 2024] [cgi:error] [pid 95654] [client 10.241.174.103:42110] script not found or unable to stat: /var/www/cgi-bin/index.phtml
[Fri Aug 23 18:39:39.969578 2024] [cgi:error] [pid 102136] [client 10.241.174.103:42144] script not found or unable to stat: /var/www/cgi-bin/mapserv.exe
[Fri Aug 23 18:39:39.974270 2024] [cgi:error] [pid 102034] [client 10.241.174.103:42150] script not found or unable to stat: /var/www/cgi-bin/mapserv
[Fri Aug 23 18:39:40.187867 2024] [cgi:error] [pid 105003] [client 10.241.174.103:42394] script not found or unable to stat: /var/www/cgi-bin/administrator
[Fri Aug 23 18:39:40.193552 2024] [cgi:error] [pid 95654] [client 10.241.174.103:42402] script not found or unable to stat: /var/www/cgi-bin/index.php
[Fri Aug 23 18:39:40.193847 2024] [cgi:error] [pid 102136] [client 10.241.174.103:42404] script not found or unable to stat: /var/www/cgi-bin/mj_wwwusr
[Fri Aug 23 18:39:40.246218 2024] [cgi:error] [pid 102136] [client 10.241.174.103:42446] script not found or unable to stat: /var/www/cgi-bin/nph-mr.cgi
[Fri Aug 23 18:39:40.252106 2024] [cgi:error] [pid 102814] [client 10.241.174.103:42452] attempt to invoke directory as script: /var/www/cgi-bin/
[Fri Aug 23 18:39:40.269361 2024] [cgi:error] [pid 102136] [client 10.241.174.103:42468] script not found or unable to stat: /var/www/cgi-bin/listinfo
[Fri Aug 23 18:39:40.290177 2024] [cgi:error] [pid 104852] [client 10.241.174.103:42492] script not found or unable to stat: /var/www/cgi-bin/index.php
[Fri Aug 23 18:39:40.356229 2024] [cgi:error] [pid 104852] [client 10.241.174.103:42554] script not found or unable to stat: /var/www/cgi-bin/index.php
[Fri Aug 23 18:39:40.390012 2024] [cgi:error] [pid 102034] [client 10.241.174.103:42580] script not found or unable to stat: /var/www/cgi-bin/index.php
[Fri Aug 23 18:39:40.402484 2024] [cgi:error] [pid 105003] [client 10.241.174.103:42604] script not found or unable to stat: /var/www/cgi-bin/chat.php
[Fri Aug 23 18:39:40.431248 2024] [cgi:error] [pid 102814] [client 10.241.174.103:42626] script not found or unable to stat: /var/www/cgi-bin/wa
[Fri Aug 23 18:39:40.434892 2024] [cgi:error] [pid 105003] [client 10.241.174.103:42628] script not found or unable to stat: /var/www/cgi-bin/wa.exe
[Fri Aug 23 18:39:40.438858 2024] [cgi:error] [pid 102031] [client 10.241.174.103:42632] script not found or unable to stat: /var/www/cgi-bin/wa.cgi
[Fri Aug 23 18:39:40.494008 2024] [cgi:error] [pid 102034] [client 10.241.174.103:42668] script not found or unable to stat: /var/www/cgi-bin/wa
[Fri Aug 23 18:39:40.498506 2024] [cgi:error] [pid 104852] [client 10.241.174.103:42674] script not found or unable to stat: /var/www/cgi-bin/wa.exe
[Fri Aug 23 18:39:40.502609 2024] [cgi:error] [pid 102814] [client 10.241.174.103:42678] script not found or unable to stat: /var/www/cgi-bin/wa.cgi
[Fri Aug 23 18:39:40.536211 2024] [cgi:error] [pid 105003] [client 10.241.174.103:42704] script not found or unable to stat: /var/www/cgi-bin/common
[Fri Aug 23 18:39:40.538870 2024] [cgi:error] [pid 105003] [client 10.241.174.103:42704] script not found or unable to stat: /var/www/cgi-bin/listrec.pl
[Fri Aug 23 18:39:40.595279 2024] [cgi:error] [pid 104852] [client 10.241.174.103:42754] attempt to invoke directory as script: /var/www/cgi-bin/
[Fri Aug 23 18:39:40.641442 2024] [cgi:error] [pid 105000] [client 10.241.174.103:42786] script not found or unable to stat: /var/www/cgi-bin/landesk
[Fri Aug 23 18:39:40.666609 2024] [cgi:error] [pid 102136] [client 10.241.174.103:42806] script not found or unable to stat: /var/www/cgi-bin/blog.cgi
[Fri Aug 23 18:39:40.696924 2024] [cgi:error] [pid 102031] [client 10.241.174.103:42836] script not found or unable to stat: /var/www/cgi-bin/index.php
[Fri Aug 23 18:39:40.770703 2024] [cgi:error] [pid 105000] [client 10.241.174.103:42896] script not found or unable to stat: /var/www/cgi-bin/home
[Fri Aug 23 18:39:40.774881 2024] [cgi:error] [pid 102034] [client 10.241.174.103:42898] script not found or unable to stat: /var/www/cgi-bin/k
[Fri Aug 23 18:39:40.808282 2024] [cgi:error] [pid 104852] [client 10.241.174.103:42916] script not found or unable to stat: /var/www/cgi-bin/index.php
[Fri Aug 23 18:39:40.967202 2024] [cgi:error] [pid 102814] [client 10.241.174.103:43026] script not found or unable to stat: /var/www/cgi-bin/print.php
[Fri Aug 23 18:39:40.999725 2024] [cgi:error] [pid 104852] [client 10.241.174.103:43042] script not found or unable to stat: /var/www/cgi-bin/administrator
[Fri Aug 23 18:39:41.003788 2024] [cgi:error] [pid 102814] [client 10.241.174.103:43050] script not found or unable to stat: /var/www/cgi-bin/index.php
[Fri Aug 23 18:39:41.010899 2024] [cgi:error] [pid 105003] [client 10.241.174.103:43054] script not found or unable to stat: /var/www/cgi-bin/administrator
[Fri Aug 23 18:39:41.074918 2024] [cgi:error] [pid 102814] [client 10.241.174.103:43092] script not found or unable to stat: /var/www/cgi-bin/rest
[Fri Aug 23 18:39:41.079102 2024] [cgi:error] [pid 105003] [client 10.241.174.103:43096] script not found or unable to stat: /var/www/cgi-bin/rest
[Fri Aug 23 18:39:41.083516 2024] [cgi:error] [pid 102031] [client 10.241.174.103:43098] script not found or unable to stat: /var/www/cgi-bin/login.jsp
[Fri Aug 23 18:39:41.088202 2024] [cgi:error] [pid 102136] [client 10.241.174.103:43100] script not found or unable to stat: /var/www/cgi-bin/500page.jsp
[Fri Aug 23 18:39:41.135390 2024] [cgi:error] [pid 104852] [client 10.241.174.103:43130] script not found or unable to stat: /var/www/cgi-bin/jgs_portal_statistik.php
[Fri Aug 23 18:39:41.153768 2024] [cgi:error] [pid 102136] [client 10.241.174.103:43142] script not found or unable to stat: /var/www/cgi-bin/forums
[Fri Aug 23 18:39:41.226698 2024] [cgi:error] [pid 105000] [client 10.241.174.103:43194] script not found or unable to stat: /var/www/cgi-bin/_admin
[Fri Aug 23 18:39:41.286893 2024] [cgi:error] [pid 105000] [client 10.241.174.103:43232] script not found or unable to stat: /var/www/cgi-bin/index.php
[Fri Aug 23 18:39:41.304517 2024] [cgi:error] [pid 105003] [client 10.241.174.103:43242] script not found or unable to stat: /var/www/cgi-bin/gadgets
[Fri Aug 23 18:39:41.326942 2024] [cgi:error] [pid 105004] [client 10.241.174.103:43256] script not found or unable to stat: /var/www/cgi-bin/index.php
[Fri Aug 23 18:39:41.356480 2024] [cgi:error] [pid 105004] [client 10.241.174.103:43276] script not found or unable to stat: /var/www/cgi-bin/README.TXT
[Fri Aug 23 18:39:41.380566 2024] [cgi:error] [pid 105000] [client 10.241.174.103:43292] script not found or unable to stat: /var/www/cgi-bin/index.php
[Fri Aug 23 18:39:41.413933 2024] [cgi:error] [pid 102136] [client 10.241.174.103:43310] script not found or unable to stat: /var/www/cgi-bin/search.php
[Fri Aug 23 18:39:41.468460 2024] [cgi:error] [pid 102814] [client 10.241.174.103:43336] script not found or unable to stat: /var/www/cgi-bin/nessus
[Fri Aug 23 18:39:41.536898 2024] [cgi:error] [pid 102814] [client 10.241.174.103:43378] script not found or unable to stat: /var/www/cgi-bin/loader-wizard.php
[Fri Aug 23 18:39:41.578260 2024] [cgi:error] [pid 102136] [client 10.241.174.103:43414] script not found or unable to stat: /var/www/cgi-bin/index.php
[Fri Aug 23 18:39:41.629016 2024] [cgi:error] [pid 105003] [client 10.241.174.103:43454] script not found or unable to stat: /var/www/cgi-bin/admin
[Fri Aug 23 18:39:41.662177 2024] [cgi:error] [pid 102814] [client 10.241.174.103:43478] script not found or unable to stat: /var/www/cgi-bin/index.cfm
[Fri Aug 23 18:39:41.691307 2024] [cgi:error] [pid 102814] [client 10.241.174.103:43494] script not found or unable to stat: /var/www/cgi-bin/info2www
[Fri Aug 23 18:39:41.715765 2024] [cgi:error] [pid 102034] [client 10.241.174.103:43510] attempt to invoke directory as script: /var/www/cgi-bin/
[Fri Aug 23 18:39:41.739474 2024] [cgi:error] [pid 105000] [client 10.241.174.103:43526] script not found or unable to stat: /var/www/cgi-bin/admin.php
[Fri Aug 23 18:39:41.794080 2024] [cgi:error] [pid 102031] [client 10.241.174.103:43556] script not found or unable to stat: /var/www/cgi-bin/mailbox.php3
[Fri Aug 23 18:39:41.835790 2024] [cgi:error] [pid 102136] [client 10.241.174.103:43584] script not found or unable to stat: /var/www/cgi-bin/ikonboard.cgi
[Fri Aug 23 18:39:41.859253 2024] [cgi:error] [pid 102031] [client 10.241.174.103:43600] script not found or unable to stat: /var/www/cgi-bin/ikonboard.cgi
[Fri Aug 23 18:39:42.013892 2024] [cgi:error] [pid 105003] [client 10.241.174.103:43664] script not found or unable to stat: /var/www/cgi-bin/sgdynamo.exe
[Fri Aug 23 18:39:42.035296 2024] [cgi:error] [pid 105004] [client 10.241.174.103:43674] script not found or unable to stat: /var/www/cgi-bin/com5.pl
[Fri Aug 23 18:39:42.148319 2024] [cgi:error] [pid 102136] [client 10.241.174.103:43742] script not found or unable to stat: /var/www/cgi-bin/carbo.dll
[Fri Aug 23 18:39:42.340971 2024] [cgi:error] [pid 104852] [client 10.241.174.103:43860] script not found or unable to stat: /var/www/cgi-bin/about
[Fri Aug 23 18:39:42.420243 2024] [cgi:error] [pid 102136] [client 10.241.174.103:43912] script not found or unable to stat: /var/www/cgi-bin/eclient
[Fri Aug 23 18:39:42.566659 2024] [core:error] [pid 105000] [client 10.241.174.103:44000] AH00126: Invalid URI in request GET /%2e%2e/%2e%2e/%2e%2e/%2e%2e/%2e%2e/%2e%2e/%2e%2e/etc/passwd HTTP/1.1
[Fri Aug 23 18:39:42.573903 2024] [cgi:error] [pid 105004] [client 10.241.174.103:44008] script not found or unable to stat: /var/www/cgi-bin/Web_Store
[Fri Aug 23 18:39:42.583198 2024] [cgi:error] [pid 105003] [client 10.241.174.103:44014] script not found or unable to stat: /var/www/cgi-bin/shopper.cgi
[Fri Aug 23 18:39:42.608965 2024] [cgi:error] [pid 102814] [client 10.241.174.103:44026] script not found or unable to stat: /var/www/cgi-bin/htsearch
[Fri Aug 23 18:39:42.632995 2024] [cgi:error] [pid 105004] [client 10.241.174.103:44040] script not found or unable to stat: /var/www/cgi-bin/htmlscript
[Fri Aug 23 18:39:42.657518 2024] [cgi:error] [pid 104852] [client 10.241.174.103:44054] script not found or unable to stat: /var/www/cgi-bin/htgrep
[Fri Aug 23 18:39:42.687560 2024] [cgi:error] [pid 105000] [client 10.241.174.103:44068] script not found or unable to stat: /var/www/cgi-bin/htsearch
[Fri Aug 23 18:39:42.712159 2024] [cgi:error] [pid 102136] [client 10.241.174.103:44082] script not found or unable to stat: /var/www/cgi-bin/hsx.cgi
[Fri Aug 23 18:39:42.841505 2024] [cgi:error] [pid 102136] [client 10.241.174.103:44156] script not found or unable to stat: /var/www/cgi-bin/index.do
[Fri Aug 23 18:39:43.057526 2024] [cgi:error] [pid 105003] [client 10.241.174.103:44324] script not found or unable to stat: /var/www/cgi-bin/logs
[Fri Aug 23 18:39:43.070693 2024] [cgi:error] [pid 105000] [client 10.241.174.103:44330] script not found or unable to stat: /var/www/cgi-bin/services
[Fri Aug 23 18:39:43.072089 2024] [cgi:error] [pid 105000] [client 10.241.174.103:44330] script not found or unable to stat: /var/www/cgi-bin/services
[Fri Aug 23 18:39:43.072866 2024] [cgi:error] [pid 105000] [client 10.241.174.103:44330] script not found or unable to stat: /var/www/cgi-bin/test.php
[Fri Aug 23 18:39:43.073649 2024] [cgi:error] [pid 105000] [client 10.241.174.103:44330] script not found or unable to stat: /var/www/cgi-bin/docs
[Fri Aug 23 18:39:43.074359 2024] [cgi:error] [pid 105000] [client 10.241.174.103:44330] script not found or unable to stat: /var/www/cgi-bin/lib
[Fri Aug 23 18:39:43.075243 2024] [cgi:error] [pid 105000] [client 10.241.174.103:44330] script not found or unable to stat: /var/www/cgi-bin/status.php3
[Fri Aug 23 18:39:43.108961 2024] [cgi:error] [pid 105003] [client 10.241.174.103:44342] script not found or unable to stat: /var/www/cgi-bin/inc
[Fri Aug 23 18:39:43.152166 2024] [cgi:error] [pid 105004] [client 10.241.174.103:44372] script not found or unable to stat: /var/www/cgi-bin/module.php
[Fri Aug 23 18:39:43.185641 2024] [cgi:error] [pid 102814] [client 10.241.174.103:44396] script not found or unable to stat: /var/www/cgi-bin/login.php
[Fri Aug 23 18:39:43.335269 2024] [cgi:error] [pid 105000] [client 10.241.174.103:44492] script not found or unable to stat: /var/www/cgi-bin/guestbook
[Fri Aug 23 18:39:43.340087 2024] [cgi:error] [pid 105004] [client 10.241.174.103:44496] script not found or unable to stat: /var/www/cgi-bin/cfooter.php3
[Fri Aug 23 18:39:43.388813 2024] [cgi:error] [pid 102814] [client 10.241.174.103:44518] script not found or unable to stat: /var/www/cgi-bin/admin.php
[Fri Aug 23 18:39:43.476535 2024] [cgi:error] [pid 102031] [client 10.241.174.103:44560] script not found or unable to stat: /var/www/cgi-bin/gm.cgi
[Fri Aug 23 18:39:43.496316 2024] [cgi:error] [pid 105004] [client 10.241.174.103:44568] script not found or unable to stat: /var/www/cgi-bin/cgi-bin
[Fri Aug 23 18:39:43.505078 2024] [cgi:error] [pid 105003] [client 10.241.174.103:44572] script not found or unable to stat: /var/www/cgi-bin/library.cgi
[Fri Aug 23 18:39:43.637703 2024] [cgi:error] [pid 102034] [client 10.241.174.103:44634] script not found or unable to stat: /var/www/cgi-bin/HEAD
[Fri Aug 23 18:39:43.641300 2024] [cgi:error] [pid 105000] [client 10.241.174.103:44636] script not found or unable to stat: /var/www/cgi-bin/info
[Fri Aug 23 18:39:43.645674 2024] [cgi:error] [pid 105004] [client 10.241.174.103:44638] script not found or unable to stat: /var/www/cgi-bin/.git
[Fri Aug 23 18:39:43.649314 2024] [cgi:error] [pid 102814] [client 10.241.174.103:44640] script not found or unable to stat: /var/www/cgi-bin/.git
[Fri Aug 23 18:39:43.841872 2024] [cgi:error] [pid 104825] [client 10.241.174.103:44756] script not found or unable to stat: /var/www/cgi-bin/account
[Fri Aug 23 18:39:43.846270 2024] [cgi:error] [pid 102034] [client 10.241.174.103:44758] script not found or unable to stat: /var/www/cgi-bin/account
[Fri Aug 23 18:39:43.900049 2024] [cgi:error] [pid 102814] [client 10.241.174.103:44792] script not found or unable to stat: /var/www/cgi-bin/modules
[Fri Aug 23 18:39:43.904598 2024] [cgi:error] [pid 105003] [client 10.241.174.103:44796] script not found or unable to stat: /var/www/cgi-bin/index.php
[Fri Aug 23 18:39:43.943658 2024] [cgi:error] [pid 102034] [client 10.241.174.103:44820] script not found or unable to stat: /var/www/cgi-bin/tombstone.cfm
[Fri Aug 23 18:39:43.961028 2024] [cgi:error] [pid 105003] [client 10.241.174.103:44832] script not found or unable to stat: /var/www/cgi-bin/search.cfm
[Fri Aug 23 18:39:43.965440 2024] [cgi:error] [pid 102031] [client 10.241.174.103:44836] script not found or unable to stat: /var/www/cgi-bin/search.aspx
[Fri Aug 23 18:39:44.013721 2024] [cgi:error] [pid 104825] [client 10.241.174.103:44890] script not found or unable to stat: /var/www/cgi-bin/ftp
[Fri Aug 23 18:39:44.116561 2024] [cgi:error] [pid 102814] [client 10.241.174.103:44940] script not found or unable to stat: /var/www/cgi-bin/recordings
[Fri Aug 23 18:39:44.120336 2024] [cgi:error] [pid 105003] [client 10.241.174.103:44944] attempt to invoke directory as script: /var/www/cgi-bin/
[Fri Aug 23 18:39:44.168322 2024] [cgi:error] [pid 105000] [client 10.241.174.103:44966] script not found or unable to stat: /var/www/cgi-bin/view
[Fri Aug 23 18:39:44.472019 2024] [cgi:error] [pid 104825] [client 10.241.174.103:45224] script not found or unable to stat: /var/www/cgi-bin/admin
[Fri Aug 23 18:39:44.527721 2024] [cgi:error] [pid 104852] [client 10.241.174.103:45340] script not found or unable to stat: /var/www/cgi-bin/faxsurvey
[Fri Aug 23 18:39:44.595401 2024] [cgi:error] [pid 105003] [client 10.241.174.103:45426] script not found or unable to stat: /var/www/cgi-bin/loadpage.cgi
[Fri Aug 23 18:39:44.600032 2024] [cgi:error] [pid 102031] [client 10.241.174.103:45430] script not found or unable to stat: /var/www/cgi-bin/search.cgi
[Fri Aug 23 18:39:44.632651 2024] [cgi:error] [pid 104825] [client 10.241.174.103:45448] script not found or unable to stat: /var/www/cgi-bin/settings
[Fri Aug 23 18:39:44.703581 2024] [cgi:error] [pid 104852] [client 10.241.174.103:45470] script not found or unable to stat: /var/www/cgi-bin/login.php
[Fri Aug 23 18:39:44.707604 2024] [cgi:error] [pid 105004] [client 10.241.174.103:45472] script not found or unable to stat: /var/www/cgi-bin/admin
[Fri Aug 23 18:39:44.741390 2024] [cgi:error] [pid 105003] [client 10.241.174.103:45488] script not found or unable to stat: /var/www/cgi-bin/search.php
[Fri Aug 23 18:39:44.789522 2024] [cgi:error] [pid 102034] [client 10.241.174.103:45524] script not found or unable to stat: /var/www/cgi-bin/services
[Fri Aug 23 18:39:44.801797 2024] [cgi:error] [pid 105004] [client 10.241.174.103:45534] script not found or unable to stat: /var/www/cgi-bin/services
[Fri Aug 23 18:39:44.830791 2024] [cgi:error] [pid 104852] [client 10.241.174.103:45552] script not found or unable to stat: /var/www/cgi-bin/EucalyptusWebBackend
[Fri Aug 23 18:39:44.843002 2024] [cgi:error] [pid 102031] [client 10.241.174.103:45558] attempt to invoke directory as script: /var/www/cgi-bin/
[Fri Aug 23 18:39:44.897905 2024] [cgi:error] [pid 105003] [client 10.241.174.103:45590] script not found or unable to stat: /var/www/cgi-bin/ericom.min.js
